 PhysXCooking_64

 Timestamp is 64218d3f (Mon Mar 27 13:34:07 2023)

 Preferred load address is 0000000180000000

 Start         Length     Name                   Class
 0001:00000000 000003c0H .text$di                CODE
 0001:000003c0 00028810H .text$mn                CODE
 0001:00028bd0 00000036H .text$mn$00             CODE
 0001:00028c06 00000092H .text$x                 CODE
 0002:00000000 00000180H .idata$5                DATA
 0002:00000180 00000038H .00cfg                  DATA
 0002:000001b8 00000008H .CRT$XCA                DATA
 0002:000001c0 000001e0H .CRT$XCU                DATA
 0002:000003a0 00000008H .CRT$XCZ                DATA
 0002:000003a8 00000008H .CRT$XIA                DATA
 0002:000003b0 00000008H .CRT$XIZ                DATA
 0002:000003b8 00000008H .CRT$XPA                DATA
 0002:000003c0 00000008H .CRT$XPZ                DATA
 0002:000003c8 00000008H .CRT$XTA                DATA
 0002:000003d0 00000010H .CRT$XTZ                DATA
 0002:000003d8 00000000H .gehcont$y              DATA
 0002:000003d8 00000000H .gfids$y                DATA
 0002:000003e0 00002020H .rdata                  DATA
 0002:00002400 00000000H .rdata$CastGuardVftablesA DATA
 0002:00002400 00000000H .rdata$CastGuardVftablesC DATA
 0002:00002400 00000074H .rdata$r                DATA
 0002:00002474 000000a4H .rdata$voltmd           DATA
 0002:00002518 000003c0H .rdata$zzzdbg           DATA
 0002:000028d8 00000008H .rtc$IAA                DATA
 0002:000028e0 00000008H .rtc$IZZ                DATA
 0002:000028e8 00000008H .rtc$TAA                DATA
 0002:000028f0 00000008H .rtc$TZZ                DATA
 0002:000028f8 00002c08H .xdata                  DATA
 0002:00005500 00000040H .didat$2                DATA
 0002:00005540 00000020H .didat$3                DATA
 0002:00005560 000001b0H .didat$4                DATA
 0002:00005710 00000a50H .didat$6                DATA
 0002:00006160 000001b0H .didat$7                DATA
 0002:00006310 00001d34H .edata                  DATA
 0002:00008044 00000078H .idata$2                DATA
 0002:000080bc 00000014H .idata$3                DATA
 0002:000080d0 00000180H .idata$4                DATA
 0002:00008250 000003d4H .idata$6                DATA
 0003:00000000 00000068H .data                   DATA
 0003:00000068 00000308H .data$r                 DATA
 0003:00000370 00000020H .data$rs                DATA
 0003:00000390 000001b0H .didat$5                DATA
 0003:00000540 00000490H .bss                    DATA
 0004:00000000 00001d34H .pdata                  DATA
 0005:00000000 00002208H _RDATA                  DATA
 0006:00000000 000000a0H .rsrc$01                DATA
 0006:000000a0 000004b0H .rsrc$02                DATA

  Address         Publics by Value              Rva+Base               Lib:Object

 0000:00000000       __AbsoluteZero             0000000000000000     <absolute>
 0000:00000000       ___safe_se_handler_count   0000000000000000     <absolute>
 0000:00000000       ___safe_se_handler_table   0000000000000000     <absolute>
 0000:00000000       __arm64x_extra_rfe_table   0000000000000000     <absolute>
 0000:00000000       __arm64x_extra_rfe_table_size 0000000000000000     <absolute>
 0000:00000000       __arm64x_native_entrypoint 0000000000000000     <absolute>
 0000:00000000       __arm64x_redirection_metadata 0000000000000000     <absolute>
 0000:00000000       __arm64x_redirection_metadata_count 0000000000000000     <absolute>
 0000:00000000       __dynamic_value_reloc_table 0000000000000000     <absolute>
 0000:00000000       __enclave_config           0000000000000000     <absolute>
 0000:00000000       __guard_check_icall_a64n_fptr 0000000000000000     <absolute>
 0000:00000000       __guard_eh_cont_count      0000000000000000     <absolute>
 0000:00000000       __guard_eh_cont_table      0000000000000000     <absolute>
 0000:00000000       __guard_fids_count         0000000000000000     <absolute>
 0000:00000000       __guard_fids_table         0000000000000000     <absolute>
 0000:00000000       __guard_iat_count          0000000000000000     <absolute>
 0000:00000000       __guard_iat_table          0000000000000000     <absolute>
 0000:00000000       __guard_longjmp_count      0000000000000000     <absolute>
 0000:00000000       __guard_longjmp_table      0000000000000000     <absolute>
 0000:00000000       __hybrid_auxiliary_iat     0000000000000000     <absolute>
 0000:00000000       __hybrid_auxiliary_iat_copy 0000000000000000     <absolute>
 0000:00000000       __hybrid_code_map          0000000000000000     <absolute>
 0000:00000000       __hybrid_code_map_count    0000000000000000     <absolute>
 0000:00000000       __x64_code_ranges_to_entry_points 0000000000000000     <absolute>
 0000:00000000       __x64_code_ranges_to_entry_points_count 0000000000000000     <absolute>
 0000:00000100       __guard_flags              0000000000000100     <absolute>
 0000:00000000       __ImageBase                0000000180000000     <linker-defined>
 0001:000003c0       ??$?_UV?$ReflectionAllocator@VAdjTriangle@physx@@@shdfnd@physx@@@UserAllocated@shdfnd@physx@@SAPEAX_KV?$ReflectionAllocator@VAdjTriangle@physx@@@12@PEBDH@Z 00000001800013c0 f i Adjacencies.obj
 0001:00000460       ??0AdjacenciesBuilder@physx@@QEAA@XZ 0000000180001460 f   Adjacencies.obj
 0001:00000470       ??0AABBTreeBuildNode@Gu@physx@@QEAA@XZ 0000000180001470 f i BVHStructureBuilder.obj
 0001:00000470       ??0Allocator@shdfnd@physx@@QEAA@PEBD@Z 0000000180001470 f i Adjacencies.obj
 0001:00000470       ??0BigConvexData@physx@@QEAA@W4PxEMPTY@1@@Z 0000000180001470 f i BigConvexDataBuilder.obj
 0001:00000470       ??0Box@Gu@physx@@QEAA@XZ   0000000180001470 f i ConvexHullUtils.obj
 0001:00000470       ??0HeightFieldData@Gu@physx@@QEAA@W4PxEMPTY@2@@Z 0000000180001470 f i Cooking.obj
 0001:00000470       ??4Allocator@shdfnd@physx@@QEAAAEAV012@$$QEAV012@@Z 0000000180001470 f i Adjacencies.obj
 0001:00000470       ??4Allocator@shdfnd@physx@@QEAAAEAV012@AEBV012@@Z 0000000180001470 f i Adjacencies.obj
 0001:00000470       ??4MutexImpl@shdfnd@physx@@QEAAAEAV012@AEBV012@@Z 0000000180001470 f i Adjacencies.obj
 0001:00000470       ??4PxFoundation@physx@@QEAAAEAV01@AEBV01@@Z 0000000180001470 f i Adjacencies.obj
 0001:00000470       ?getAABB@AABBTreeBuildNode@Gu@physx@@QEBAAEBVPxBounds3@3@XZ 0000000180001470 f i BVHStructureBuilder.obj
 0001:00000470       ?getPaddedBounds@HeightFieldData@Gu@physx@@QEBAAEBVCenterExtentsPadded@23@XZ 0000000180001470 f i Cooking.obj
 0001:00000480       ??0PxFoundation@physx@@QEAA@AEBV01@@Z 0000000180001480 f i Adjacencies.obj
 0001:00000480       ??0PxFoundation@physx@@QEAA@XZ 0000000180001480 f i Adjacencies.obj
 0001:00000490       ??1Adjacencies@physx@@QEAA@XZ 0000000180001490 f   Adjacencies.obj
 0001:00000500       ??1AdjacenciesBuilder@physx@@QEAA@XZ 0000000180001500 f   Adjacencies.obj
 0001:00000510       ??1PxFoundation@physx@@MEAA@XZ 0000000180001510 f i Adjacencies.obj
 0001:00000520       ??_EPxFoundation@physx@@MEAAPEAXI@Z 0000000180001520 f i Adjacencies.obj
 0001:000005b0       ??1AABBTreeBuildNode@Gu@physx@@QEAA@XZ 00000001800015b0 f i BVHStructureBuilder.obj
 0001:000005b0       ??1BigConvexDataBuilder@physx@@QEAA@XZ 00000001800015b0 f i BigConvexDataBuilder.obj
 0001:000005b0       ??1Box@Gu@physx@@QEAA@XZ   00000001800015b0 f i ConvexHullUtils.obj
 0001:000005b0       ??1HeightFieldData@Gu@physx@@QEAA@XZ 00000001800015b0 f i Cooking.obj
 0001:000005b0       ??_FAllocator@shdfnd@physx@@QEAAXXZ 00000001800015b0 f i Adjacencies.obj
 0001:000005b0       ?onMeshIndexFormatChange@TriangleMeshBuilder@physx@@UEAAXXZ 00000001800015b0 f i TriangleMeshBuilder.obj
 0001:000005b0       _guard_check_icall_nop     00000001800015b0 f i MSVCRT:guard_support.obj
 0001:000005c0       ??_FNamedAllocator@shdfnd@physx@@QEAAXXZ 00000001800015c0 f i Adjacencies.obj
 0001:000006d0       ?ComputeNbBoundaryEdges@Adjacencies@physx@@QEBAIXZ 00000001800016d0 f   Adjacencies.obj
 0001:000009b0       ?GetNbHits@RadixSort@Cm@physx@@QEBAIXZ 00000001800019b0 f i Adjacencies.obj
 0001:000009c0       ?GetNbTotalCalls@RadixSort@Cm@physx@@QEBAIXZ 00000001800019c0 f i Adjacencies.obj
 0001:000009d0       ?GetRanks@RadixSort@Cm@physx@@QEBAPEBIXZ 00000001800019d0 f i Adjacencies.obj
 0001:000009d0       ?getErrorCallback@Foundation@shdfnd@physx@@UEAAAEAVPxErrorCallback@3@XZ 00000001800019d0 f i Adjacencies.obj
 0001:000009e0       ?GetRecyclable@RadixSort@Cm@physx@@QEBAPEAIXZ 00000001800019e0 f i Adjacencies.obj
 0001:000009e0       ?GetValencies@BigConvexData@physx@@QEBAPEBUValency@Gu@2@XZ 00000001800019e0 f i BigConvexDataBuilder.obj
 0001:000009e0       ?getPos@AABBTreeBuildNode@Gu@physx@@QEBAPEBV123@XZ 00000001800019e0 f i BVHStructureBuilder.obj
 0001:000009f0       ?Init@AdjacenciesBuilder@physx@@QEAA_NAEBUADJACENCIESCREATE@2@@Z 00000001800019f0 f   Adjacencies.obj
 0001:00000f30       ?getAllocator@Foundation@shdfnd@physx@@QEAAAEAVPxAllocatorCallback@3@XZ 0000000180001f30 f i Adjacencies.obj
 0001:00000f40       ?getAllocatorCallback@Foundation@shdfnd@physx@@UEAAAEAVPxAllocatorCallback@3@XZ 0000000180001f40 f i Adjacencies.obj
 0001:00000f50       ?getErrorLevel@Foundation@shdfnd@physx@@UEBA?AW4Enum@PxErrorCode@3@XZ 0000000180001f50 f i Adjacencies.obj
 0001:00000f60       ?getInternalErrorCallback@Foundation@shdfnd@physx@@QEAAAEAVPxErrorCallback@3@XZ 0000000180001f60 f i Adjacencies.obj
 0001:00000f70       ?getNamedAllocMap@Foundation@shdfnd@physx@@QEAAAEAV?$HashMap@PEBVNamedAllocator@shdfnd@physx@@PEBDU?$Hash@PEBVNamedAllocator@shdfnd@physx@@@23@VNonTrackingAllocator@23@@23@XZ 0000000180001f70 f i Adjacencies.obj
 0001:00000f80       ?getNamedAllocMutex@Foundation@shdfnd@physx@@QEAAAEAV?$MutexT@VAllocator@shdfnd@physx@@@23@XZ 0000000180001f80 f i Adjacencies.obj
 0001:00000f90       ?getReportAllocationNames@Foundation@shdfnd@physx@@UEBA_NXZ 0000000180001f90 f i Adjacencies.obj
 0001:00000fa0       ?getTempAllocFreeTable@Foundation@shdfnd@physx@@QEAAAEAV?$Array@PEATTempAllocatorChunk@shdfnd@physx@@VAllocator@23@@23@XZ 0000000180001fa0 f i Adjacencies.obj
 0001:00000fb0       ?getTempAllocMutex@Foundation@shdfnd@physx@@QEAAAEAV?$MutexT@VAllocator@shdfnd@physx@@@23@XZ 0000000180001fb0 f i Adjacencies.obj
 0001:00000fc0       ?invalidateRanks@RadixSort@Cm@physx@@QEAAXXZ 0000000180001fc0 f i Adjacencies.obj
 0001:00000fd0       ?setErrorLevel@Foundation@shdfnd@physx@@UEAAXW4Enum@PxErrorCode@3@@Z 0000000180001fd0 f i Adjacencies.obj
 0001:00000fe0       ?setReportAllocationNames@Foundation@shdfnd@physx@@UEAAX_N@Z 0000000180001fe0 f i Adjacencies.obj
 0001:00000ff0       ??0DebugText@Cm@physx@@QEAA@$$QEAU012@@Z 0000000180001ff0 f i Cooking.obj
 0001:00000ff0       ??0DebugText@Cm@physx@@QEAA@AEBU012@@Z 0000000180001ff0 f i Cooking.obj
 0001:000010d0       ??0HeightFieldData@Gu@physx@@QEAA@$$QEAU012@@Z 00000001800020d0 f i Cooking.obj
 0001:000010d0       ??0HeightFieldData@Gu@physx@@QEAA@AEBU012@@Z 00000001800020d0 f i Cooking.obj
 0001:000010d0       ??4HeightFieldData@Gu@physx@@QEAAAEAU012@$$QEAU012@@Z 00000001800020d0 f i Cooking.obj
 0001:000010d0       ??4HeightFieldData@Gu@physx@@QEAAAEAU012@AEBU012@@Z 00000001800020d0 f i Cooking.obj
 0001:00001130       ??0HeightFieldData@Gu@physx@@QEAA@XZ 0000000180002130 f i Cooking.obj
 0001:00001140       ??0RenderOutput@Cm@physx@@QEAA@AEAVRenderBuffer@12@@Z 0000000180002140 f i Cooking.obj
 0001:00001190       ??0RenderOutput@Cm@physx@@QEAA@AEBV012@@Z 0000000180002190 f i Cooking.obj
 0001:00001230       ??1PxConvexMesh@physx@@MEAA@XZ 0000000180002230 f i Cooking.obj
 0001:00001230       ??1PxHeightField@physx@@MEAA@XZ 0000000180002230 f i Cooking.obj
 0001:00001240       ??4DebugText@Cm@physx@@QEAAAEAU012@$$QEAU012@@Z 0000000180002240 f i Cooking.obj
 0001:00001240       ??4DebugText@Cm@physx@@QEAAAEAU012@AEBU012@@Z 0000000180002240 f i Cooking.obj
 0001:00001370       ??4FPUGuard@shdfnd@physx@@QEAAAEAV012@AEBV012@@Z 0000000180002370 f i Cooking.obj
 0001:00001390       ??_ECooking@physx@@UEAAPEAXI@Z 0000000180002390 f i Cooking.obj
 0001:00001390       ??_GCooking@physx@@UEAAPEAXI@Z 0000000180002390 f i Cooking.obj
 0001:000013e0       ??_EPxBase@physx@@MEAAPEAXI@Z 00000001800023e0 f i Cooking.obj
 0001:000013e0       ??_GPxBase@physx@@MEAAPEAXI@Z 00000001800023e0 f i Cooking.obj
 0001:00001410       ??_EPxCooking@physx@@MEAAPEAXI@Z 0000000180002410 f i Cooking.obj
 0001:00001410       ??_GPxCooking@physx@@MEAAPEAXI@Z 0000000180002410 f i Cooking.obj
 0001:00001440       ?computeHullPolygons@Cooking@physx@@UEBA_NAEBVPxSimpleTriangleMesh@2@AEAVPxAllocatorCallback@2@AEAIAEAPEAVPxVec3@2@2AEAPEAI2AEAPEAUPxHullPolygon@2@@Z 0000000180002440 f   Cooking.obj
 0001:00001620       ?cookBVHStructure@Cooking@physx@@UEBA_NAEBVPxBVHStructureDesc@2@AEAVPxOutputStream@2@@Z 0000000180002620 f   Cooking.obj
 0001:00001700       ?cookConvexMesh@Cooking@physx@@UEBA_NAEBVPxConvexMeshDesc@2@AEAVPxOutputStream@2@PEAW4Enum@PxConvexMeshCookingResult@2@@Z 0000000180002700 f   Cooking.obj
 0001:000018e0       ?cookConvexMeshInternal@Cooking@physx@@AEBA_NAEBVPxConvexMeshDesc@2@AEAVConvexMeshBuilder@2@PEAVConvexHullLib@2@PEAW4Enum@PxConvexMeshCookingResult@2@@Z 00000001800028e0 f   Cooking.obj
 0001:00001b50       ?cookHeightField@Cooking@physx@@UEBA_NAEBVPxHeightFieldDesc@2@AEAVPxOutputStream@2@@Z 0000000180002b50 f   Cooking.obj
 0001:00001c50       ?cookTriangleMesh@Cooking@physx@@UEBA_NAEBVPxTriangleMeshDesc@2@AEAVPxOutputStream@2@PEAW4Enum@PxTriangleMeshCookingResult@2@@Z 0000000180002c50 f   Cooking.obj
 0001:00001d90       ?copy@?$Array@UPxDebugLine@physx@@VNamedAllocator@shdfnd@2@@shdfnd@physx@@KAXPEAUPxDebugLine@3@0PEBU43@@Z 0000000180002d90 f i Cooking.obj
 0001:00001f40       ?createBVHStructure@Cooking@physx@@UEBAPEAVPxBVHStructure@2@AEBVPxBVHStructureDesc@2@AEAVPxPhysicsInsertionCallback@2@@Z 0000000180002f40 f   Cooking.obj
 0001:00002020       ?createConvexMesh@Cooking@physx@@UEBAPEAVPxConvexMesh@2@AEBVPxConvexMeshDesc@2@AEAVPxPhysicsInsertionCallback@2@PEAW4Enum@PxConvexMeshCookingResult@2@@Z 0000000180003020 f   Cooking.obj
 0001:00002220       ?createHeightField@Cooking@physx@@UEBAPEAVPxHeightField@2@AEBVPxHeightFieldDesc@2@AEAVPxPhysicsInsertionCallback@2@@Z 0000000180003220 f   Cooking.obj
 0001:000023e0       ?createTriangleMesh@Cooking@physx@@UEBAPEAVPxTriangleMesh@2@AEBVPxTriangleMeshDesc@2@AEAVPxPhysicsInsertionCallback@2@PEAW4Enum@PxTriangleMeshCookingResult@2@@Z 00000001800033e0 f   Cooking.obj
 0001:00002530       ?getConcreteTypeName@PxConvexMesh@physx@@UEBAPEBDXZ 0000000180003530 f i Cooking.obj
 0001:00002540       ?getConcreteTypeName@PxHeightField@physx@@UEBAPEBDXZ 0000000180003540 f i Cooking.obj
 0001:00002550       ?getConvexEdgeThreshold@HeightField@Gu@physx@@UEBAMXZ 0000000180003550 f i Cooking.obj
 0001:00002560       ?getFlags@HeightField@Gu@physx@@UEBA?AV?$PxFlags@W4Enum@PxHeightFieldFlag@physx@@G@3@XZ 0000000180003560 f i Cooking.obj
 0001:00002570       ?getFormat@HeightField@Gu@physx@@UEBA?AW4Enum@PxHeightFieldFormat@3@XZ 0000000180003570 f i Cooking.obj
 0001:00002580       ?getHeight@HeightField@Gu@physx@@UEBAMMM@Z 0000000180003580 f i Cooking.obj
 0001:000025c0       ?getHeightInternal2@HeightField@Gu@physx@@QEBAMIMM@Z 00000001800035c0 f i Cooking.obj
 0001:00002730       ?getIndexBuffer@ConvexMesh@Gu@physx@@UEBAPEBEXZ 0000000180003730 f i Cooking.obj
 0001:00002770       ?getNbColumns@HeightField@Gu@physx@@UEBAIXZ 0000000180003770 f i Cooking.obj
 0001:00002780       ?getNbPolygons@ConvexMesh@Gu@physx@@UEBAIXZ 0000000180003780 f i Cooking.obj
 0001:00002790       ?getNbRows@HeightField@Gu@physx@@UEBAIXZ 0000000180003790 f i Cooking.obj
 0001:000027a0       ?getNbVertices@ConvexMesh@Gu@physx@@UEBAIXZ 00000001800037a0 f i Cooking.obj
 0001:000027b0       ?getDenormalizeScale@QuantizerImpl@@UEBAAEBVPxVec3@physx@@XZ 00000001800037b0 f   Quantizer.obj
 0001:000027b0       ?getParams@Cooking@physx@@UEBAAEBUPxCookingParams@2@XZ 00000001800037b0 f   Cooking.obj
 0001:000027c0       ?getSample@HeightField@Gu@physx@@UEBAAEBUPxHeightFieldSample@3@II@Z 00000001800037c0 f i Cooking.obj
 0001:000027d0       ?getSampleStride@HeightField@Gu@physx@@UEBAIXZ 00000001800037d0 f i Cooking.obj
 0001:000027e0       ?getTimestamp@HeightField@Gu@physx@@UEBAIXZ 00000001800037e0 f i Cooking.obj
 0001:000027f0       ?getTriangleMaterialIndex@HeightField@Gu@physx@@UEBAGI@Z 00000001800037f0 f i Cooking.obj
 0001:00002820       ?getTriangleNormal@HeightField@Gu@physx@@UEBA?AVPxVec3@3@I@Z 0000000180003820 f i Cooking.obj
 0001:00002840       ?getTriangleNormalInternal@HeightField@Gu@physx@@QEBA?AVPxVec3@3@I@Z 0000000180003840 f i Cooking.obj
 0001:00002990       ?getVertices@ConvexMesh@Gu@physx@@UEBAPEBVPxVec3@3@XZ 0000000180003990 f i Cooking.obj
 0001:000029b0       ?isKindOf@PxBase@physx@@MEBA_NPEBD@Z 00000001800039b0 f i Cooking.obj
 0001:000029e0       ?isKindOf@PxConvexMesh@physx@@MEBA_NPEBD@Z 00000001800039e0 f i Cooking.obj
 0001:00002a30       ?isKindOf@PxHeightField@physx@@MEBA_NPEBD@Z 0000000180003a30 f i Cooking.obj
 0001:00002a80       ?isReleasable@PxBase@physx@@UEBA_NXZ 0000000180003a80 f i Cooking.obj
 0001:00002a90       ?outputSegment@RenderOutput@Cm@physx@@QEAAXAEBVPxVec3@3@0@Z 0000000180003a90 f i Cooking.obj
 0001:00002b50       ?platformMismatch@Cooking@physx@@UEBA_NXZ 0000000180003b50 f   Cooking.obj
 0001:00002b60       ?preExportDataReset@ConvexMesh@Gu@physx@@QEAAXXZ 0000000180003b60 f i Cooking.obj
 0001:00002b60       ?preExportDataReset@HeightField@Gu@physx@@QEAAXXZ 0000000180003b60 f i Cooking.obj
 0001:00002b70       ?recreate@?$Array@UPxDebugLine@physx@@VNamedAllocator@shdfnd@2@@shdfnd@physx@@IEAAXI@Z 0000000180003b70 f i Cooking.obj
 0001:00002c10       ?release@Cooking@physx@@UEAAXXZ 0000000180003c10 f   Cooking.obj
 0001:00002c30       ?reserveSegments@RenderOutput@Cm@physx@@QEAAPEAUPxDebugLine@3@I@Z 0000000180003c30 f i Cooking.obj
 0001:00002c90       ?setParams@Cooking@physx@@UEAAXAEBUPxCookingParams@2@@Z 0000000180003c90 f   Cooking.obj
 0001:00002cf0       ?validateConvexMesh@Cooking@physx@@UEBA_NAEBVPxConvexMeshDesc@2@@Z 0000000180003cf0 f   Cooking.obj
 0001:00002d50       ?validateTriangleMesh@Cooking@physx@@UEBA_NAEBVPxTriangleMeshDesc@2@@Z 0000000180003d50 f   Cooking.obj
 0001:00002e60       PxCreateCooking            0000000180003e60 f   Cooking.obj
 0001:00002f50       ??0ReducedVertexCloud@physx@@QEAA@PEBVPxVec3@1@I@Z 0000000180003f50 f   CookingUtils.obj
 0001:00002f70       ??1ReducedVertexCloud@physx@@QEAA@XZ 0000000180003f70 f   CookingUtils.obj
 0001:00002f80       ?Clean@ReducedVertexCloud@physx@@QEAAAEAV12@XZ 0000000180003f80 f   CookingUtils.obj
 0001:00002ff0       ?Reduce@ReducedVertexCloud@physx@@QEAA_NPEAUREDUCEDCLOUD@2@@Z 0000000180003ff0 f   CookingUtils.obj
 0001:00003300       ??$?_UI@@YAPEAX_KV?$ReflectionAllocator@I@shdfnd@physx@@PEBDH@Z 0000000180004300 f i EdgeList.obj
 0001:000033a0       ??0EdgeListBuilder@Gu@physx@@QEAA@XZ 00000001800043a0 f   EdgeList.obj
 0001:000033c0       ??1EdgeList@Gu@physx@@QEAA@XZ 00000001800043c0 f   EdgeList.obj
 0001:00003460       ??1EdgeListBuilder@Gu@physx@@QEAA@XZ 0000000180004460 f   EdgeList.obj
 0001:00003470       ?computeActiveEdges@EdgeListBuilder@Gu@physx@@AEAA_NIPEBIPEBGPEBVPxVec3@3@M@Z 0000000180004470 f   EdgeList.obj
 0001:00004ac0       ?createEdgesToFaces@EdgeListBuilder@Gu@physx@@AEAA_NIPEBIPEBG@Z 0000000180005ac0 f   EdgeList.obj
 0001:00004d20       ?createFacesToEdges@EdgeListBuilder@Gu@physx@@AEAA_NIPEBIPEBG@Z 0000000180005d20 f   EdgeList.obj
 0001:00005150       ?init@EdgeListBuilder@Gu@physx@@QEAA_NAEBUEDGELISTCREATE@23@@Z 0000000180006150 f   EdgeList.obj
 0001:00005270       ??0MeshCleaner@physx@@QEAA@IPEBVPxVec3@1@IPEBIM@Z 0000000180006270 f   MeshCleaner.obj
 0001:00005c10       ??1MeshCleaner@physx@@QEAA@XZ 0000000180006c10 f   MeshCleaner.obj
 0001:00005ca0       ??$kmeans_cluster@VPxVec3@physx@@M@@YAIPEBVPxVec3@physx@@IIPEAV01@PEAIMM@Z 0000000180006ca0 f i Quantizer.obj
 0001:00006620       ??_EQuantizer@physx@@MEAAPEAXI@Z 0000000180007620 f i Quantizer.obj
 0001:00006620       ??_GQuantizer@physx@@MEAAPEAXI@Z 0000000180007620 f i Quantizer.obj
 0001:00006650       ??_EQuantizerImpl@@EEAAPEAXI@Z 0000000180007650 f i Quantizer.obj
 0001:00006650       ??_GQuantizerImpl@@EEAAPEAXI@Z 0000000180007650 f i Quantizer.obj
 0001:00006720       ?createQuantizer@physx@@YAPEAVQuantizer@1@XZ 0000000180007720 f   Quantizer.obj
 0001:00006840       ?getDenormalizeCenter@QuantizerImpl@@UEBAAEBVPxVec3@physx@@XZ 0000000180007840 f i Quantizer.obj
 0001:00006850       ?growAndPushBack@?$Array@VPxVec3@physx@@VNamedAllocator@shdfnd@2@@shdfnd@physx@@IEAAAEAVPxVec3@3@AEBV43@@Z 0000000180007850 f i Quantizer.obj
 0001:00006a00       ?kmeansQuantize3D@QuantizerImpl@@UEAAPEBVPxVec3@physx@@IPEBV23@I_NIAEAI@Z 0000000180007a00 f i Quantizer.obj
 0001:00006c70       ?normalizeInput@QuantizerImpl@@AEAAXIPEBVPxVec3@physx@@I@Z 0000000180007c70 f i Quantizer.obj
 0001:000070c0       ?release@QuantizerImpl@@UEAAXXZ 00000001800080c0 f i Quantizer.obj
 0001:000070e0       ??$copy@VNamedAllocator@shdfnd@physx@@@?$Array@USlab@NodeAllocator@Gu@physx@@VNamedAllocator@shdfnd@4@@shdfnd@physx@@IEAAXAEBV012@@Z 00000001800080e0 f i BVHStructureBuilder.obj
 0001:00007160       ??0AABBTreeBuildNode@Gu@physx@@QEAA@AEBV012@@Z 0000000180008160 f i BVHStructureBuilder.obj
 0001:00007160       ??4AABBTreeBuildNode@Gu@physx@@QEAAAEAV012@AEBV012@@Z 0000000180008160 f i BVHStructureBuilder.obj
 0001:000071a0       ??0AABBTreeBuildParams@Gu@physx@@QEAA@IIPEBVPxBounds3@2@@Z 00000001800081a0 f i BVHStructureBuilder.obj
 0001:000071c0       ??0BVHStructureBuilder@physx@@QEAA@XZ 00000001800081c0 f   BVHStructureBuilder.obj
 0001:000071e0       ??0BuildStats@Gu@physx@@QEAA@XZ 00000001800081e0 f i BVHStructureBuilder.obj
 0001:000071f0       ??0NodeAllocator@Gu@physx@@QEAA@AEBV012@@Z 00000001800081f0 f i BVHStructureBuilder.obj
 0001:00007260       ??1AABBTreeBuildParams@Gu@physx@@QEAA@XZ 0000000180008260 f i BVHStructureBuilder.obj
 0001:00007260       ?reset@AABBTreeBuildParams@Gu@physx@@QEAAXXZ 0000000180008260 f i BVHStructureBuilder.obj
 0001:000072c0       ??1BVHStructureBuilder@physx@@QEAA@XZ 00000001800082c0 f   BVHStructureBuilder.obj
 0001:00007340       ??4AABBTreeBuildParams@Gu@physx@@QEAAAEAV012@AEBV012@@Z 0000000180008340 f i BVHStructureBuilder.obj
 0001:00007360       ??4BuildStats@Gu@physx@@QEAAAEAU012@$$QEAU012@@Z 0000000180008360 f i BVHStructureBuilder.obj
 0001:00007370       ??4BuildStats@Gu@physx@@QEAAAEAU012@AEBU012@@Z 0000000180008370 f i BVHStructureBuilder.obj
 0001:00007380       ??4NodeAllocator@Gu@physx@@QEAAAEAV012@AEBV012@@Z 0000000180008380 f i BVHStructureBuilder.obj
 0001:00007430       ??_FAABBTreeBuildParams@Gu@physx@@QEAAXXZ 0000000180008430 f i BVHStructureBuilder.obj
 0001:00007450       ??_V@YAXPEAX_K@Z           0000000180008450 f i MSVCRT:delete_array_size.obj
 0001:00007450       ?__global_delete@@YAXPEAX_K@Z 0000000180008450 f i BVHStructureBuilder.obj
 0001:00007460       ?allocate@?$Array@USlab@NodeAllocator@Gu@physx@@VNamedAllocator@shdfnd@4@@shdfnd@physx@@IEAAPEAUSlab@NodeAllocator@Gu@3@I@Z 0000000180008460 f i BVHStructureBuilder.obj
 0001:000074c0       ?flatten@@YAXAEBVNodeAllocator@Gu@physx@@PEAUBVHNode@23@@Z 00000001800084c0 f   BVHStructureBuilder.obj
 0001:00007690       ?getCount@BuildStats@Gu@physx@@QEBAIXZ 0000000180008690 f i BVHStructureBuilder.obj
 0001:000076a0       ?getNbPrimitives@AABBTreeBuildNode@Gu@physx@@QEBAIXZ 00000001800086a0 f i BVHStructureBuilder.obj
 0001:000076a0       ?getNbRuntimePrimitives@AABBTreeBuildNode@Gu@physx@@QEBAIXZ 00000001800086a0 f i BVHStructureBuilder.obj
 0001:000076b0       ?getNeg@AABBTreeBuildNode@Gu@physx@@QEBAPEBV123@XZ 00000001800086b0 f i BVHStructureBuilder.obj
 0001:000076d0       ?getPrimitives@AABBTreeBuildNode@Gu@physx@@QEAAPEAIPEAI@Z 00000001800086d0 f i BVHStructureBuilder.obj
 0001:000076d0       ?getPrimitives@AABBTreeBuildNode@Gu@physx@@QEBAPEBIPEBI@Z 00000001800086d0 f i BVHStructureBuilder.obj
 0001:000076e0       ?increaseCount@BuildStats@Gu@physx@@QEAAXI@Z 00000001800086e0 f i BVHStructureBuilder.obj
 0001:000076f0       ?isLeaf@AABBTreeBuildNode@Gu@physx@@QEBA_NXZ 00000001800086f0 f i BVHStructureBuilder.obj
 0001:00007700       ?loadFromDesc@BVHStructureBuilder@physx@@QEAA_NAEBVPxBVHStructureDesc@2@@Z 0000000180008700 f   BVHStructureBuilder.obj
 0001:00007a10       ?moveData@BVHStructureBuilder@physx@@QEAAXAEAUBVHStructureData@Gu@2@@Z 0000000180008a10 f   BVHStructureBuilder.obj
 0001:00007a50       ?recreate@?$Array@USlab@NodeAllocator@Gu@physx@@VNamedAllocator@shdfnd@4@@shdfnd@physx@@IEAAXI@Z 0000000180008a50 f i BVHStructureBuilder.obj
 0001:00007b00       ?reset@BuildStats@Gu@physx@@QEAAXXZ 0000000180008b00 f i BVHStructureBuilder.obj
 0001:00007b10       ?save@BVHStructureBuilder@physx@@QEBA_NAEAVPxOutputStream@2@_N@Z 0000000180008b10 f   BVHStructureBuilder.obj
 0001:00007c90       ?setCount@BuildStats@Gu@physx@@QEAAXI@Z 0000000180008c90 f i BVHStructureBuilder.obj
 0001:00007ca0       ?setNbRunTimePrimitives@AABBTreeBuildNode@Gu@physx@@QEAAXI@Z 0000000180008ca0 f i BVHStructureBuilder.obj
 0001:00007cb0       ?saveHeightField@physx@@YA_NAEBVHeightField@Gu@1@AEAVPxOutputStream@1@_N@Z 0000000180008cb0 f   HeightFieldCooking.obj
 0001:00007ef0       ??$quickSelectFirstK@UBoundsLTE@physx@@@quickSelect@physx@@YAXPEIAIIIIAEBUBoundsLTE@1@@Z 0000000180008ef0 f i RTreeCooking.obj
 0001:000080d0       ??$smallSort@I$$CBUSortBoundsPredicate@physx@@@internal@shdfnd@physx@@YAXPEAIHHAEBUSortBoundsPredicate@2@@Z 00000001800090d0 f i RTreeCooking.obj
 0001:00008370       ??$sort@IU?$Less@I@shdfnd@physx@@VNamedAllocator@23@@shdfnd@physx@@YAXPEAIIAEBU?$Less@I@01@AEBVNamedAllocator@01@I@Z 0000000180009370 f i RTreeCooking.obj
 0001:00008730       ??$sort@IUSortBoundsPredicate@physx@@VNamedAllocator@shdfnd@2@@shdfnd@physx@@YAXPEAIIAEBUSortBoundsPredicate@1@AEBVNamedAllocator@01@I@Z 0000000180009730 f i RTreeCooking.obj
 0001:00008b80       ??0?$InlineArray@UInterval@physx@@$0EAA@VNamedAllocator@shdfnd@2@@shdfnd@physx@@QEAA@AEBVNamedAllocator@12@@Z 0000000180009b80 f i RTreeCooking.obj
 0001:00008c50       ?allocate@?$Array@UInterval@physx@@V?$InlineAllocator@$0CAAA@VNamedAllocator@shdfnd@physx@@@shdfnd@2@@shdfnd@physx@@IEAAPEAUInterval@3@I@Z 0000000180009c50 f i RTreeCooking.obj
 0001:00009ab0       ?buildFromTriangles@RTreeCooker@physx@@SAXAEAURTree@Gu@2@PEBVPxVec3@2@IPEBGPEBIIAEAV?$Array@IVNamedAllocator@shdfnd@physx@@@shdfnd@2@PEAURemapCallback@12@MW4Enum@PxMeshCookingHint@2@@Z 000000018000aab0 f   RTreeCooking.obj
 0001:00009d60       ?copy@?$Array@URTreeNodeNQ@physx@@VNamedAllocator@shdfnd@2@@shdfnd@physx@@KAXPEAURTreeNodeNQ@3@0PEBU43@@Z 000000018000ad60 f i RTreeCooking.obj
 0001:00009f20       ?copy@?$Array@VPxVec3@physx@@VNamedAllocator@shdfnd@2@@shdfnd@physx@@KAXPEAVPxVec3@3@0PEBV43@@Z 000000018000af20 f i RTreeCooking.obj
 0001:00009ff0       ?growAndPushBack@?$Array@IVNamedAllocator@shdfnd@physx@@@shdfnd@physx@@IEAAAEAIAEBI@Z 000000018000aff0 f i RTreeCooking.obj
 0001:00009ff0       ?growAndPushBack@?$Array@VHalfEdge@ConvexHull@physx@@VNamedAllocator@shdfnd@3@@shdfnd@physx@@IEAAAEAVHalfEdge@ConvexHull@3@AEBV453@@Z 000000018000aff0 f i ConvexHullUtils.obj
 0001:0000a0e0       ?growAndPushBack@?$Array@UInterval@physx@@V?$InlineAllocator@$0CAAA@VNamedAllocator@shdfnd@physx@@@shdfnd@2@@shdfnd@physx@@IEAAAEAUInterval@3@AEBU43@@Z 000000018000b0e0 f i RTreeCooking.obj
 0001:0000a1c0       ?growAndPushBack@?$Array@UPxBounds3V@physx@@VNamedAllocator@shdfnd@2@@shdfnd@physx@@IEAAAEAUPxBounds3V@3@AEBU43@@Z 000000018000b1c0 f i RTreeCooking.obj
 0001:0000a2d0       ?growAndPushBack@?$Array@URTreeNodeNQ@physx@@VNamedAllocator@shdfnd@2@@shdfnd@physx@@IEAAAEAURTreeNodeNQ@3@AEBU43@@Z 000000018000b2d0 f i RTreeCooking.obj
 0001:0000a3e0       ?growAndPushBack@?$Array@URTreeNodeQ@Gu@physx@@VNamedAllocator@shdfnd@3@@shdfnd@physx@@IEAAAEAURTreeNodeQ@Gu@3@AEBU453@@Z 000000018000b3e0 f i RTreeCooking.obj
 0001:0000a500       ?recreate@?$Array@IVNamedAllocator@shdfnd@physx@@@shdfnd@physx@@IEAAXI@Z 000000018000b500 f i RTreeCooking.obj
 0001:0000a500       ?recreate@?$Array@VHalfEdge@ConvexHull@physx@@VNamedAllocator@shdfnd@3@@shdfnd@physx@@IEAAXI@Z 000000018000b500 f i ConvexHullUtils.obj
 0001:0000a5b0       ?recreate@?$Array@UPxBounds3V@physx@@VNamedAllocator@shdfnd@2@@shdfnd@physx@@IEAAXI@Z 000000018000b5b0 f i RTreeCooking.obj
 0001:0000a670       ?recreate@?$Array@URTreeNodeNQ@physx@@VNamedAllocator@shdfnd@2@@shdfnd@physx@@IEAAXI@Z 000000018000b670 f i RTreeCooking.obj
 0001:0000a710       ?recreate@?$Array@URTreeNodeQ@Gu@physx@@VNamedAllocator@shdfnd@3@@shdfnd@physx@@IEAAXI@Z 000000018000b710 f i RTreeCooking.obj
 0001:0000a7d0       ?recreate@?$Array@VPxVec3@physx@@VNamedAllocator@shdfnd@2@@shdfnd@physx@@IEAAXI@Z 000000018000b7d0 f i RTreeCooking.obj
 0001:0000a870       ?resize@?$Array@IVNamedAllocator@shdfnd@physx@@@shdfnd@physx@@QEAAXIAEBI@Z 000000018000b870 f i RTreeCooking.obj
 0001:0000a930       ?resizeUninitialized@?$Array@URTreeNodeNQ@physx@@VNamedAllocator@shdfnd@2@@shdfnd@physx@@QEAAXI@Z 000000018000b930 f i RTreeCooking.obj
 0001:0000a970       ?sort4@SubSortQuick@physx@@QEAAXPEIAIIAEAV?$Array@URTreeNodeNQ@physx@@VNamedAllocator@shdfnd@2@@shdfnd@2@AEAIAEAUPxBounds3V@2@I@Z 000000018000b970 f i RTreeCooking.obj
 0001:0000ad00       ?sort4@SubSortSAH@physx@@QEAAXPEAIIAEAV?$Array@URTreeNodeNQ@physx@@VNamedAllocator@shdfnd@2@@shdfnd@2@AEAIIPEAURTreeNodeNQ@2@@Z 000000018000bd00 f i RTreeCooking.obj
 0001:0000b5b0       ?split@SubSortSAH@physx@@QEAAIPEAII@Z 000000018000c5b0 f i RTreeCooking.obj
 0001:0000c040       ?computeLocalBounds@MeshBulider@physx@@IEAAXAEAVMeshDataBase@Gu@2@@Z 000000018000d040 f   MeshBuilder.obj
 0001:0000c0d0       ??$?_UG@@YAPEAX_KV?$ReflectionAllocator@G@shdfnd@physx@@PEBDH@Z 000000018000d0d0 f i TriangleMeshBuilder.obj
 0001:0000c170       ??$sort@UEdgeTriLookup@physx@@U?$Less@UEdgeTriLookup@physx@@@shdfnd@2@VNamedAllocator@42@@shdfnd@physx@@YAXPEAUEdgeTriLookup@1@IAEBU?$Less@UEdgeTriLookup@physx@@@01@AEBVNamedAllocator@01@I@Z 000000018000d170 f i TriangleMeshBuilder.obj
 0001:0000c650       ??0BV4TriangleMeshBuilder@physx@@QEAA@AEBUPxCookingParams@1@@Z 000000018000d650 f   TriangleMeshBuilder.obj
 0001:0000c720       ??0RTreeTriangleMeshBuilder@physx@@QEAA@AEBUPxCookingParams@1@@Z 000000018000d720 f   TriangleMeshBuilder.obj
 0001:0000c7e0       ??1BV4TriangleMeshBuilder@physx@@UEAA@XZ 000000018000d7e0 f   TriangleMeshBuilder.obj
 0001:0000c840       ??1MeshDataBase@Gu@physx@@UEAA@XZ 000000018000d840 f i TriangleMeshBuilder.obj
 0001:0000c920       ??1RTreeTriangleData@Gu@physx@@UEAA@XZ 000000018000d920 f i TriangleMeshBuilder.obj
 0001:0000c990       ??1RTreeTriangleMeshBuilder@physx@@UEAA@XZ 000000018000d990 f   TriangleMeshBuilder.obj
 0001:0000c9c0       ??1TriangleMeshBuilder@physx@@UEAA@XZ 000000018000d9c0 f   TriangleMeshBuilder.obj
 0001:0000ca20       ??1TriangleMeshData@Gu@physx@@UEAA@XZ 000000018000da20 f i TriangleMeshBuilder.obj
 0001:0000caf0       ??_EBV4TriangleData@Gu@physx@@UEAAPEAXI@Z 000000018000daf0 f i TriangleMeshBuilder.obj
 0001:0000caf0       ??_GBV4TriangleData@Gu@physx@@UEAAPEAXI@Z 000000018000daf0 f i TriangleMeshBuilder.obj
 0001:0000cb70       ??_EBV4TriangleMeshBuilder@physx@@UEAAPEAXI@Z 000000018000db70 f i TriangleMeshBuilder.obj
 0001:0000cb70       ??_GBV4TriangleMeshBuilder@physx@@UEAAPEAXI@Z 000000018000db70 f i TriangleMeshBuilder.obj
 0001:0000cbf0       ??_EMeshDataBase@Gu@physx@@UEAAPEAXI@Z 000000018000dbf0 f i TriangleMeshBuilder.obj
 0001:0000cbf0       ??_GMeshDataBase@Gu@physx@@UEAAPEAXI@Z 000000018000dbf0 f i TriangleMeshBuilder.obj
 0001:0000cc50       ??_ERTreeCookerRemap@physx@@UEAAPEAXI@Z 000000018000dc50 f i TriangleMeshBuilder.obj
 0001:0000cc50       ??_GRTreeCookerRemap@physx@@UEAAPEAXI@Z 000000018000dc50 f i TriangleMeshBuilder.obj
 0001:0000cc80       ??_ERTreeTriangleData@Gu@physx@@UEAAPEAXI@Z 000000018000dc80 f i TriangleMeshBuilder.obj
 0001:0000cc80       ??_GRTreeTriangleData@Gu@physx@@UEAAPEAXI@Z 000000018000dc80 f i TriangleMeshBuilder.obj
 0001:0000cce0       ??_ERTreeTriangleMeshBuilder@physx@@UEAAPEAXI@Z 000000018000dce0 f i TriangleMeshBuilder.obj
 0001:0000cce0       ??_GRTreeTriangleMeshBuilder@physx@@UEAAPEAXI@Z 000000018000dce0 f i TriangleMeshBuilder.obj
 0001:0000cd30       ??_ERemapCallback@RTreeCooker@physx@@UEAAPEAXI@Z 000000018000dd30 f i TriangleMeshBuilder.obj
 0001:0000cd30       ??_GRemapCallback@RTreeCooker@physx@@UEAAPEAXI@Z 000000018000dd30 f i TriangleMeshBuilder.obj
 0001:0000cd60       ??_ETriangleMeshBuilder@physx@@UEAAPEAXI@Z 000000018000dd60 f i TriangleMeshBuilder.obj
 0001:0000cd60       ??_GTriangleMeshBuilder@physx@@UEAAPEAXI@Z 000000018000dd60 f i TriangleMeshBuilder.obj
 0001:0000cda0       ??_ETriangleMeshData@Gu@physx@@UEAAPEAXI@Z 000000018000dda0 f i TriangleMeshBuilder.obj
 0001:0000cda0       ??_GTriangleMeshData@Gu@physx@@UEAAPEAXI@Z 000000018000dda0 f i TriangleMeshBuilder.obj
 0001:0000ce00       ?allocateTriangles@TriangleMeshData@Gu@physx@@QEAAPEAXI_NI@Z 000000018000de00 f i TriangleMeshBuilder.obj
 0001:0000ced0       ?allocateVertices@MeshDataBase@Gu@physx@@QEAAPEAVPxVec3@3@I@Z 000000018000ded0 f i TriangleMeshBuilder.obj
 0001:0000d3d0       ?checkMeshIndicesSize@TriangleMeshBuilder@physx@@QEAAXXZ 000000018000e3d0 f   TriangleMeshBuilder.obj
 0001:0000d4e0       ?cleanMesh@TriangleMeshBuilder@physx@@QEAA_N_NPEAW4Enum@PxTriangleMeshCookingResult@2@@Z 000000018000e4e0 f   TriangleMeshBuilder.obj
 0001:0000d9b0       ?createGRBMidPhaseAndData@TriangleMeshBuilder@physx@@QEAAXI@Z 000000018000e9b0 f   TriangleMeshBuilder.obj
 0001:0000dd30       ?createMidPhaseStructure@BV4TriangleMeshBuilder@physx@@UEAAXXZ 000000018000ed30 f   TriangleMeshBuilder.obj
 0001:0000dff0       ?createMidPhaseStructure@RTreeTriangleMeshBuilder@physx@@UEAAXXZ 000000018000eff0 f   TriangleMeshBuilder.obj
 0001:0000e110       ?createSharedEdgeData@TriangleMeshBuilder@physx@@QEAAX_N0@Z 000000018000f110 f   TriangleMeshBuilder.obj
 0001:0000e770       ?getMidphaseID@BV4TriangleMeshBuilder@physx@@UEBA?AW4Enum@PxMeshMidPhase@2@XZ 000000018000f770 f i TriangleMeshBuilder.obj
 0001:0000e770       _get_startup_argv_mode     000000018000f770 f i MSVCRT:argv_mode.obj
 0001:0000e780       ?getMidphaseID@RTreeTriangleMeshBuilder@physx@@UEBA?AW4Enum@PxMeshMidPhase@2@XZ 000000018000f780 f i TriangleMeshBuilder.obj
 0001:0000e780       __scrt_stub_for_is_c_termination_complete 000000018000f780 f i MSVCRT:ucrt_stubs.obj
 0001:0000e780       _is_c_termination_complete 000000018000f780 f i MSVCRT:ucrt_stubs.obj
 0001:0000e790       ?importMesh@TriangleMeshBuilder@physx@@IEAA_NAEBVPxTriangleMeshDesc@2@AEBUPxCookingParams@2@PEAW4Enum@PxTriangleMeshCookingResult@2@_N@Z 000000018000f790 f   TriangleMeshBuilder.obj
 0001:0000eb40       ?loadFromDesc@TriangleMeshBuilder@physx@@QEAA_NAEBVPxTriangleMeshDesc@2@PEAW4Enum@PxTriangleMeshCookingResult@2@_N@Z 000000018000fb40 f   TriangleMeshBuilder.obj
 0001:0000ef10       ?onMeshIndexFormatChange@BV4TriangleMeshBuilder@physx@@UEAAXXZ 000000018000ff10 f   TriangleMeshBuilder.obj
 0001:0000ef50       ?remap@RTreeCookerRemap@physx@@UEAAXPEAIII@Z 000000018000ff50 f i TriangleMeshBuilder.obj
 0001:0000ef70       ?remapTopology@TriangleMeshBuilder@physx@@QEAAXPEBI@Z 000000018000ff70 f   TriangleMeshBuilder.obj
 0001:0000f260       ?save@TriangleMeshBuilder@physx@@QEBA_NAEAVPxOutputStream@2@_NAEBUPxCookingParams@2@@Z 0000000180010260 f   TriangleMeshBuilder.obj
 0001:0000f830       ?saveMidPhaseStructure@BV4TriangleMeshBuilder@physx@@UEBAXAEAVPxOutputStream@2@_N@Z 0000000180010830 f   TriangleMeshBuilder.obj
 0001:0000f9d0       ?saveMidPhaseStructure@RTreeTriangleMeshBuilder@physx@@UEBAXAEAVPxOutputStream@2@_N@Z 00000001800109d0 f   TriangleMeshBuilder.obj
 0001:0000fc10       ??0BigConvexDataBuilder@physx@@QEAA@PEBUConvexHullData@Gu@1@PEAVBigConvexData@1@PEBVPxVec3@1@@Z 0000000180010c10 f   BigConvexDataBuilder.obj
 0001:0000fc20       ??4BigConvexData@physx@@QEAAAEAV01@AEBV01@@Z 0000000180010c20 f i BigConvexDataBuilder.obj
 0001:0000fc40       ?GetAdjacentVerts@BigConvexData@physx@@QEBAPEBEXZ 0000000180010c40 f i BigConvexDataBuilder.obj
 0001:0000fc50       ?GetNbNeighbors@BigConvexData@physx@@QEBAGI@Z 0000000180010c50 f i BigConvexDataBuilder.obj
 0001:0000fc50       ?GetValency@BigConvexData@physx@@QEBAGI@Z 0000000180010c50 f i BigConvexDataBuilder.obj
 0001:0000fc60       ?GetNbSamples@BigConvexData@physx@@QEBAIXZ 0000000180010c60 f i BigConvexDataBuilder.obj
 0001:0000fc70       ?GetNbVerts@BigConvexData@physx@@QEBAIXZ 0000000180010c70 f i BigConvexDataBuilder.obj
 0001:0000fc80       ?GetNeighbors@BigConvexData@physx@@QEBAPEBEI@Z 0000000180010c80 f i BigConvexDataBuilder.obj
 0001:0000fc90       ?GetOffset@BigConvexData@physx@@QEBAGI@Z 0000000180010c90 f i BigConvexDataBuilder.obj
 0001:0000fca0       ?GetSubdiv@BigConvexData@physx@@QEBAIXZ 0000000180010ca0 f i BigConvexDataBuilder.obj
 0001:0000fcb0       ?computeValencies@BigConvexDataBuilder@physx@@QEAA_NAEBVConvexHullBuilder@2@@Z 0000000180010cb0 f   BigConvexDataBuilder.obj
 0001:000100c0       ?precompute@BigConvexDataBuilder@physx@@QEAA_NI@Z 00000001800110c0 f   BigConvexDataBuilder.obj
 0001:00010cf0       ?save@BigConvexDataBuilder@physx@@QEBA_NAEAVPxOutputStream@2@_N@Z 0000000180011cf0 f   BigConvexDataBuilder.obj
 0001:00010dd0       ?saveValencies@BigConvexDataBuilder@physx@@QEBA_NAEAVPxOutputStream@2@_N@Z 0000000180011dd0 f   BigConvexDataBuilder.obj
 0001:00010f70       ??$?_UE@@YAPEAX_KV?$ReflectionAllocator@E@shdfnd@physx@@PEBDH@Z 0000000180011f70 f i ConvexHullBuilder.obj
 0001:00011010       ??0ConvexHullBuilder@physx@@QEAA@PEAUConvexHullData@Gu@1@_N@Z 0000000180012010 f   ConvexHullBuilder.obj
 0001:00011040       ??1ConvexHullBuilder@physx@@QEAA@XZ 0000000180012040 f   ConvexHullBuilder.obj
 0001:00011140       ?calculateVertexMapTable@ConvexHullBuilder@physx@@QEAA_NI_N@Z 0000000180012140 f   ConvexHullBuilder.obj
 0001:00011350       ?checkHullPolygons@ConvexHullBuilder@physx@@QEBA_NXZ 0000000180012350 f   ConvexHullBuilder.obj
 0001:00011930       ?computeGeomCenter@ConvexHullBuilder@physx@@IEBA_NAEAVPxVec3@2@IPEAUHullTriangleData@2@@Z 0000000180012930 f   ConvexHullBuilder.obj
 0001:00011bf0       ?copy@ConvexHullBuilder@physx@@QEAA_NAEAUConvexHullData@Gu@2@AEAI@Z 0000000180012bf0 f   ConvexHullBuilder.obj
 0001:00011e60       ?createEdgeList@ConvexHullBuilder@physx@@QEAA_N_NI@Z 0000000180012e60 f   ConvexHullBuilder.obj
 0001:000126b0       ?init@ConvexHullBuilder@physx@@QEAA_NIPEBVPxVec3@2@PEBIIIPEBUPxHullPolygon@2@_NPEAVConvexHullLib@2@@Z 00000001800136b0 f   ConvexHullBuilder.obj
 0001:00013010       ?save@ConvexHullBuilder@physx@@QEBA_NAEAVPxOutputStream@2@_N@Z 0000000180014010 f   ConvexHullBuilder.obj
 0001:00013330       ??1ConvexHullLib@physx@@UEAA@XZ 0000000180014330 f   ConvexHullLib.obj
 0001:00013390       ??_EConvexHullLib@physx@@UEAAPEAXI@Z 0000000180014390 f i ConvexHullLib.obj
 0001:00013390       ??_GConvexHullLib@physx@@UEAAPEAXI@Z 0000000180014390 f i ConvexHullLib.obj
 0001:000138f0       ?cleanupVertices@ConvexHullLib@physx@@IEAA_NIPEBVPxVec3@2@IAEAIPEAV32@AEAV32@3@Z 00000001800148f0 f   ConvexHullLib.obj
 0001:00013d80       ?shiftAndcleanupVertices@ConvexHullLib@physx@@IEAA_NIPEBVPxVec3@2@IAEAIPEAV32@AEAV32@3@Z 0000000180014d80 f   ConvexHullLib.obj
 0001:00014260       ?shiftConvexMeshDesc@ConvexHullLib@physx@@IEAAXAEAVPxConvexMeshDesc@2@@Z 0000000180015260 f   ConvexHullLib.obj
 0001:00014320       ?swapLargestFace@ConvexHullLib@physx@@IEAAXAEAVPxConvexMeshDesc@2@@Z 0000000180015320 f   ConvexHullLib.obj
 0001:00014510       ??0Box@Gu@physx@@QEAA@AEBV012@@Z 0000000180015510 f i ConvexHullUtils.obj
 0001:00014510       ??4Box@Gu@physx@@QEAAAEBV012@AEBV012@@Z 0000000180015510 f i ConvexHullUtils.obj
 0001:00014570       ??0Box@Gu@physx@@QEAA@AEBVPxVec3@2@0AEBVPxMat33@2@@Z 0000000180015570 f i ConvexHullUtils.obj
 0001:000145e0       ??0ConvexHull@physx@@QEAA@AEBVPxVec3@1@AEBVPxTransform@1@AEBV?$Array@VPxPlane@physx@@VNamedAllocator@shdfnd@2@@shdfnd@1@@Z 00000001800155e0 f   ConvexHullUtils.obj
 0001:00015900       ??0PxQuat@physx@@QEAA@AEBVPxMat33@1@@Z 0000000180016900 f i ConvexHullUtils.obj
 0001:00015b00       ?assertIntact@ConvexHull@physx@@QEBA_NM@Z 0000000180016b00 f   ConvexHullUtils.obj
 0001:00015e20       ?computeAABBExtent@Box@Gu@physx@@QEBA?AVPxVec3@3@XZ 0000000180016e20 f i ConvexHullUtils.obj
 0001:00015ee0       ?computeBoxPoints@Box@Gu@physx@@QEBAXPEIAVPxVec3@3@@Z 0000000180016ee0 f i ConvexHullUtils.obj
 0001:00015f20       ?computeOBBFromConvex@physx@@YA_NAEBVPxConvexMeshDesc@1@AEAVPxVec3@1@AEAVPxTransform@1@@Z 0000000180016f20 f   ConvexHullUtils.obj
 0001:00016610       ?computeOBBSIMD@local@@YAXIPEBT__m128@@AEAT2@AEBT2@1@Z 0000000180017610 f   ConvexHullUtils.obj
 0001:000169f0       ?convexHullCrop@physx@@YAPEAVConvexHull@1@AEBV21@AEBVPxPlane@1@M@Z 00000001800179f0 f   ConvexHullUtils.obj
 0001:000178d0       ?copy@?$Array@VPxPlane@physx@@VNamedAllocator@shdfnd@2@@shdfnd@physx@@KAXPEAVPxPlane@3@0PEBV43@@Z 00000001800188d0 f i ConvexHullUtils.obj
 0001:000179d0       ?findCandidatePlane@ConvexHull@physx@@QEBAHMM@Z 00000001800189d0 f   ConvexHullUtils.obj
 0001:00017e20       ?getInverse@PxMat33@physx@@QEBA?BV12@XZ 0000000180018e20 f i ConvexHullUtils.obj
 0001:00018070       ?getTransform@Box@Gu@physx@@QEBA?AVPxTransform@3@XZ 0000000180019070 f i ConvexHullUtils.obj
 0001:000180d0       ?growAndPushBack@?$Array@VPxPlane@physx@@VNamedAllocator@shdfnd@2@@shdfnd@physx@@IEAAAEAVPxPlane@3@AEBV43@@Z 00000001800190d0 f i ConvexHullUtils.obj
 0001:000181c0       ?isValid@Box@Gu@physx@@QEBA_NXZ 00000001800191c0 f i ConvexHullUtils.obj
 0001:000181e0       ?maxNumVertsPerFace@ConvexHull@physx@@QEBAIXZ 00000001800191e0 f   ConvexHullUtils.obj
 0001:00018250       ?recreate@?$Array@VPxPlane@physx@@VNamedAllocator@shdfnd@2@@shdfnd@physx@@IEAAXI@Z 0000000180019250 f i ConvexHullUtils.obj
 0001:000182f0       ?resize@?$Array@VHalfEdge@ConvexHull@physx@@VNamedAllocator@shdfnd@3@@shdfnd@physx@@QEAAXIAEBVHalfEdge@ConvexHull@3@@Z 00000001800192f0 f i ConvexHullUtils.obj
 0001:000183b0       ?resize@?$Array@VPxPlane@physx@@VNamedAllocator@shdfnd@2@@shdfnd@physx@@QEAAXIAEBVPxPlane@3@@Z 00000001800193b0 f i ConvexHullUtils.obj
 0001:000184d0       ?resize@?$Array@VPxVec3@physx@@VNamedAllocator@shdfnd@2@@shdfnd@physx@@QEAAXIAEBVPxVec3@3@@Z 00000001800194d0 f i ConvexHullUtils.obj
 0001:000185c0       ?rotate@Box@Gu@physx@@QEBA?AVPxVec3@3@AEBV43@@Z 00000001800195c0 f i ConvexHullUtils.obj
 0001:00018650       ?rotateInv@Box@Gu@physx@@QEBA?AVPxVec3@3@AEBV43@@Z 0000000180019650 f i ConvexHullUtils.obj
 0001:000186e0       ?setAxes@Box@Gu@physx@@QEAAXAEBVPxVec3@3@00@Z 00000001800196e0 f i ConvexHullUtils.obj
 0001:00018720       ?setEmpty@Box@Gu@physx@@QEAAXXZ 0000000180019720 f i ConvexHullUtils.obj
 0001:00018760       ?transform@Box@Gu@physx@@QEBA?AVPxVec3@3@AEBV43@@Z 0000000180019760 f i ConvexHullUtils.obj
 0001:00018800       ??0ConvexMeshBuilder@physx@@QEAA@_N@Z 0000000180019800 f   ConvexMeshBuilder.obj
 0001:00018860       ??1ConvexMeshBuilder@physx@@QEAA@XZ 0000000180019860 f   ConvexMeshBuilder.obj
 0001:00018cb0       ?build@ConvexMeshBuilder@physx@@QEAA_NAEBVPxConvexMeshDesc@2@I_NPEAVConvexHullLib@2@@Z 0000000180019cb0 f   ConvexMeshBuilder.obj
 0001:00018fe0       ?computeHullPolygons@ConvexMeshBuilder@physx@@QEAA_NAEBIPEBVPxVec3@2@0PEBIAEAVPxAllocatorCallback@2@AEAIAEAPEAV32@4AEAPEAI4AEAPEAUPxHullPolygon@2@@Z 0000000180019fe0 f   ConvexMeshBuilder.obj
 0001:00019200       ?computeMassInfo@ConvexMeshBuilder@physx@@QEAAX_N@Z 000000018001a200 f   ConvexMeshBuilder.obj
 0001:000195d0       ?copy@ConvexMeshBuilder@physx@@QEAA_NAEAUConvexHullInitData@Gu@2@@Z 000000018001a5d0 f   ConvexMeshBuilder.obj
 0001:000196f0       ?isFinite@PxVec3@physx@@QEBA_NXZ 000000018001a6f0 f i ConvexMeshBuilder.obj
 0001:00019750       ?loadConvexHull@ConvexMeshBuilder@physx@@QEAA_NAEBVPxConvexMeshDesc@2@PEAVConvexHullLib@2@@Z 000000018001a750 f   ConvexMeshBuilder.obj
 0001:000199c0       ?save@ConvexMeshBuilder@physx@@QEBA_NAEAVPxOutputStream@2@_N@Z 000000018001a9c0 f   ConvexMeshBuilder.obj
 0001:00019bd0       ??$copy@VNamedAllocator@shdfnd@physx@@@?$Array@VPair@@VNamedAllocator@shdfnd@physx@@@shdfnd@physx@@IEAAXAEBV012@@Z 000000018001abd0 f i ConvexPolygonsBuilder.obj
 0001:00019c50       ??0ConvexPolygonsBuilder@physx@@QEAA@PEAUConvexHullData@Gu@1@_N@Z 000000018001ac50 f   ConvexPolygonsBuilder.obj
 0001:00019c70       ??1ConvexPolygonsBuilder@physx@@QEAA@XZ 000000018001ac70 f   ConvexPolygonsBuilder.obj
 0001:0001a4c0       ?allocate@?$Array@VPair@@VNamedAllocator@shdfnd@physx@@@shdfnd@physx@@IEAAPEAVPair@@I@Z 000000018001b4c0 f i ConvexPolygonsBuilder.obj
 0001:0001acc0       ?computeHullPolygons@ConvexPolygonsBuilder@physx@@QEAA_NAEBIPEBVPxVec3@2@0PEBI@Z 000000018001bcc0 f   ConvexPolygonsBuilder.obj
 0001:0001bfc0       ?createPolygonData@ConvexPolygonsBuilder@physx@@AEAA_NXZ 000000018001cfc0 f   ConvexPolygonsBuilder.obj
 0001:0001c9a0       ?createTrianglesFromPolygons@ConvexPolygonsBuilder@physx@@AEAA_NXZ 000000018001d9a0 f   ConvexPolygonsBuilder.obj
 0001:0001e080       ?growAndPushBack@?$Array@VPair@@VNamedAllocator@shdfnd@physx@@@shdfnd@physx@@IEAAAEAVPair@@AEBV4@@Z 000000018001f080 f i ConvexPolygonsBuilder.obj
 0001:0001e180       ??0QuickHull@local@@QEAA@AEBUPxCookingParams@physx@@AEBVPxConvexMeshDesc@3@@Z 000000018001f180 f   QuickHullConvexHullLib.obj
 0001:0001e370       ??0QuickHullConvexHullLib@physx@@QEAA@AEBVPxConvexMeshDesc@1@AEBUPxCookingParams@1@@Z 000000018001f370 f   QuickHullConvexHullLib.obj
 0001:0001e460       ??1?$MemBlock@UQuickHullFace@local@@$00@local@@QEAA@XZ 000000018001f460 f i QuickHullConvexHullLib.obj
 0001:0001e460       ??1?$MemBlock@UQuickHullHalfEdge@local@@$0A@@local@@QEAA@XZ 000000018001f460 f i QuickHullConvexHullLib.obj
 0001:0001e4f0       ??_GConvexHull@physx@@QEAAPEAXI@Z 000000018001f4f0 f i QuickHullConvexHullLib.obj
 0001:0001e5c0       ??_GQuickHull@local@@QEAAPEAXI@Z 000000018001f5c0 f i QuickHullConvexHullLib.obj
 0001:0001e760       ??_EQuickHullConvexHullLib@physx@@UEAAPEAXI@Z 000000018001f760 f i QuickHullConvexHullLib.obj
 0001:0001e760       ??_GQuickHullConvexHullLib@physx@@UEAAPEAXI@Z 000000018001f760 f i QuickHullConvexHullLib.obj
 0001:0001e850       ?addPointToHull@QuickHull@local@@IEAA_NPEBUQuickHullVertex@2@AEAUQuickHullFace@2@AEA_N@Z 000000018001f850 f   QuickHullConvexHullLib.obj
 0001:0001eb20       ?addSimplex@QuickHull@local@@IEAAXPEAUQuickHullVertex@2@_N@Z 000000018001fb20 f   QuickHullConvexHullLib.obj
 0001:0001eff0       ?buildHull@QuickHull@local@@QEAA?AW4Enum@QuickHullResult@2@XZ 000000018001fff0 f   QuickHullConvexHullLib.obj
 0001:0001f200       ?calculateHorizon@QuickHull@local@@IEAAXAEBVPxVec3@physx@@PEAUQuickHullHalfEdge@2@AEAUQuickHullFace@2@AEAV?$Array@PEAUQuickHullHalfEdge@local@@VNamedAllocator@shdfnd@physx@@@shdfnd@4@AEAV?$Array@PEAUQuickHullFace@local@@VNamedAllocator@shdfnd@physx@@@84@@Z 0000000180020200 f   QuickHullConvexHullLib.obj
 0001:0001f3b0       ?canMergeFaces@QuickHull@local@@IEAA_NAEBUQuickHullHalfEdge@2@@Z 00000001800203b0 f   QuickHullConvexHullLib.obj
 0001:0001fbe0       ?cleanupForSimplex@QuickHullConvexHullLib@physx@@IEAA_NPEAVPxVec3@2@IPEAUQuickHullVertex@local@@1AEAM2@Z 0000000180020be0 f   QuickHullConvexHullLib.obj
 0001:00020800       ?computeMinMaxVerts@QuickHull@local@@IEAAXXZ 0000000180021800 f   QuickHullConvexHullLib.obj
 0001:00020bd0       ?connectHalfEdges@QuickHullFace@local@@AEAAPEAU12@PEAUQuickHullHalfEdge@2@0@Z 0000000180021bd0 f   QuickHullConvexHullLib.obj
 0001:00020f40       ?copy@?$Array@UExpandPoint@local@@VNamedAllocator@shdfnd@physx@@@shdfnd@physx@@KAXPEAUExpandPoint@local@@0PEBU45@@Z 0000000180021f40 f i QuickHullConvexHullLib.obj
 0001:00020ff0       ?createConvexHull@QuickHullConvexHullLib@physx@@UEAA?AW4Enum@PxConvexMeshCookingResult@2@XZ 0000000180021ff0 f   QuickHullConvexHullLib.obj
 0001:000213e0       ?createEdgeList@QuickHullConvexHullLib@physx@@UEAA_NIPEBEPEAPEAEPEAPEAG2@Z 00000001800223e0 f   QuickHullConvexHullLib.obj
 0001:00021630       ?createTriangle@QuickHull@local@@IEAAPEAUQuickHullFace@2@AEBUQuickHullVertex@2@00@Z 0000000180022630 f   QuickHullConvexHullLib.obj
 0001:00021a10       ?doAdjacentMerge@QuickHull@local@@IEAA_NAEAUQuickHullFace@2@_NAEA_N@Z 0000000180022a10 f   QuickHullConvexHullLib.obj
 0001:00021d60       ?expandHull@QuickHullConvexHullLib@physx@@IEAA?AW4Enum@PxConvexMeshCookingResult@2@XZ 0000000180022d60 f   QuickHullConvexHullLib.obj
 0001:000225c0       ?expandHullOBB@QuickHullConvexHullLib@physx@@IEAA?AW4Enum@PxConvexMeshCookingResult@2@XZ 00000001800235c0 f   QuickHullConvexHullLib.obj
 0001:000229e0       ?fillConvexMeshDesc@QuickHullConvexHullLib@physx@@UEAAXAEAVPxConvexMeshDesc@2@@Z 00000001800239e0 f   QuickHullConvexHullLib.obj
 0001:00022a30       ?fillConvexMeshDescFromCroppedHull@QuickHullConvexHullLib@physx@@IEAAXAEAVPxConvexMeshDesc@2@@Z 0000000180023a30 f   QuickHullConvexHullLib.obj
 0001:00022c20       ?fillConvexMeshDescFromQuickHull@QuickHullConvexHullLib@physx@@IEAAXAEAVPxConvexMeshDesc@2@@Z 0000000180023c20 f   QuickHullConvexHullLib.obj
 0001:00022f90       ?findSimplex@QuickHull@local@@IEAA_NXZ 0000000180023f90 f   QuickHullConvexHullLib.obj
 0001:00023c40       ?getFreeItem@?$MemBlock@UQuickHullFace@local@@$00@local@@QEAAPEAUQuickHullFace@2@XZ 0000000180024c40 f i QuickHullConvexHullLib.obj
 0001:00023d70       ?getFreeItem@?$MemBlock@UQuickHullHalfEdge@local@@$0A@@local@@QEAAPEAUQuickHullHalfEdge@2@XZ 0000000180024d70 f i QuickHullConvexHullLib.obj
 0001:00023e50       ?growAndPushBack@?$Array@PEAUQuickHullFace@local@@VNamedAllocator@shdfnd@physx@@@shdfnd@physx@@IEAAAEAPEAUQuickHullFace@local@@AEBQEAU45@@Z 0000000180024e50 f i QuickHullConvexHullLib.obj
 0001:00023e50       ?growAndPushBack@?$Array@PEAUQuickHullHalfEdge@local@@VNamedAllocator@shdfnd@physx@@@shdfnd@physx@@IEAAAEAPEAUQuickHullHalfEdge@local@@AEBQEAU45@@Z 0000000180024e50 f i QuickHullConvexHullLib.obj
 0001:00023e50       ?growAndPushBack@?$Array@PEAUQuickHullVertex@local@@VNamedAllocator@shdfnd@physx@@@shdfnd@physx@@IEAAAEAPEAUQuickHullVertex@local@@AEBQEAU45@@Z 0000000180024e50 f i QuickHullConvexHullLib.obj
 0001:00023f40       ?growAndPushBack@?$Array@UExpandPoint@local@@VNamedAllocator@shdfnd@physx@@@shdfnd@physx@@IEAAAEAUExpandPoint@local@@AEBU45@@Z 0000000180024f40 f i QuickHullConvexHullLib.obj
 0001:00024080       ?init@?$MemBlock@UQuickHullFace@local@@$00@local@@QEAAXI@Z 0000000180025080 f i QuickHullConvexHullLib.obj
 0001:00024160       ?init@?$MemBlock@UQuickHullHalfEdge@local@@$0A@@local@@QEAAXI@Z 0000000180025160 f i QuickHullConvexHullLib.obj
 0001:00024200       ?mergeAdjacentFace@QuickHullFace@local@@QEAA_NPEAUQuickHullHalfEdge@2@AEAV?$Array@PEAUQuickHullFace@local@@VNamedAllocator@shdfnd@physx@@@shdfnd@physx@@@Z 0000000180025200 f   QuickHullConvexHullLib.obj
 0001:00024650       ?nextPointToAdd@QuickHull@local@@IEAAPEAUQuickHullVertex@2@AEAPEAUQuickHullFace@2@@Z 0000000180025650 f   QuickHullConvexHullLib.obj
 0001:000247d0       ?parseInputVertices@QuickHull@local@@QEAAXPEBVPxVec3@physx@@I@Z 00000001800257d0 f   QuickHullConvexHullLib.obj
 0001:00024950       ?postMergeHull@QuickHull@local@@IEAAXXZ 0000000180025950 f   QuickHullConvexHullLib.obj
 0001:00024bc0       ?preallocate@QuickHull@local@@QEAAXI@Z 0000000180025bc0 f   QuickHullConvexHullLib.obj
 0001:00024d00       ?recreate@?$Array@PEAUQuickHullFace@local@@VNamedAllocator@shdfnd@physx@@@shdfnd@physx@@IEAAXI@Z 0000000180025d00 f i QuickHullConvexHullLib.obj
 0001:00024d00       ?recreate@?$Array@PEAUQuickHullHalfEdge@local@@VNamedAllocator@shdfnd@physx@@@shdfnd@physx@@IEAAXI@Z 0000000180025d00 f i QuickHullConvexHullLib.obj
 0001:00024d00       ?recreate@?$Array@PEAUQuickHullVertex@local@@VNamedAllocator@shdfnd@physx@@@shdfnd@physx@@IEAAXI@Z 0000000180025d00 f i QuickHullConvexHullLib.obj
 0001:00024db0       ?recreate@?$Array@UExpandPoint@local@@VNamedAllocator@shdfnd@physx@@@shdfnd@physx@@IEAAXI@Z 0000000180025db0 f i QuickHullConvexHullLib.obj
 0001:00024e50       ?resolveUnclaimedPoints@QuickHull@local@@IEAAXAEBV?$Array@PEAUQuickHullFace@local@@VNamedAllocator@shdfnd@physx@@@shdfnd@physx@@@Z 0000000180025e50 f   QuickHullConvexHullLib.obj
 0001:00025b50       ?computeVolumeIntegralsEberly@physx@@YA_NAEBVPxConvexMeshDesc@1@MAEAUPxIntegrals@1@AEBVPxVec3@1@@Z 0000000180026b50 f   VolumeIntegration.obj
 0001:00025b90       ?computeVolumeIntegralsEberlySIMD@physx@@YA_NAEBVPxConvexMeshDesc@1@MAEAUPxIntegrals@1@AEBVPxVec3@1@@Z 0000000180026b90 f   VolumeIntegration.obj
 0001:000261f0       ?cookingDelayHook@@YAP6A_JXZIPEAUDelayLoadInfo@@@Z 00000001800271f0 f   WindowsCookingDelayLoadHook.obj
 0001:000262d0       PxSetPhysXCookingDelayLoadHook 00000001800272d0 f   WindowsCookingDelayLoadHook.obj
 0001:000262d8       __imp_load_??0RadixSortBuffered@Cm@physx@@QEAA@XZ 00000001800272d8 f   PhysXCommon_64:PhysXCommon_64.dll
 0001:000262e4       ??0RadixSortBuffered@Cm@physx@@QEAA@XZ 00000001800272e4 f   PhysXCommon_64:PhysXCommon_64.dll
 0001:000262ea       __tailMerge_physxcommon_64_dll 00000001800272ea     PhysXCommon_64:PhysXCommon_64.dll
 0001:00026363       __imp_load_??1RadixSortBuffered@Cm@physx@@UEAA@XZ 0000000180027363 f   PhysXCommon_64:PhysXCommon_64.dll
 0001:0002636f       ??1RadixSortBuffered@Cm@physx@@UEAA@XZ 000000018002736f f   PhysXCommon_64:PhysXCommon_64.dll
 0001:00026375       __imp_load_?Sort@RadixSortBuffered@Cm@physx@@QEAAAEAV123@PEBIIW4RadixHint@23@@Z 0000000180027375 f   PhysXCommon_64:PhysXCommon_64.dll
 0001:00026381       ?Sort@RadixSortBuffered@Cm@physx@@QEAAAEAV123@PEBIIW4RadixHint@23@@Z 0000000180027381 f   PhysXCommon_64:PhysXCommon_64.dll
 0001:00026387       __imp_load_??0HeightField@Gu@physx@@QEAA@PEAVGuMeshFactory@2@@Z 0000000180027387 f   PhysXCommon_64:PhysXCommon_64.dll
 0001:00026393       ??0HeightField@Gu@physx@@QEAA@PEAVGuMeshFactory@2@@Z 0000000180027393 f   PhysXCommon_64:PhysXCommon_64.dll
 0001:00026399       __imp_load_?loadFromDesc@HeightField@Gu@physx@@QEAA_NAEBVPxHeightFieldDesc@3@@Z 0000000180027399 f   PhysXCommon_64:PhysXCommon_64.dll
 0001:000263a5       ?loadFromDesc@HeightField@Gu@physx@@QEAA_NAEBVPxHeightFieldDesc@3@@Z 00000001800273a5 f   PhysXCommon_64:PhysXCommon_64.dll
 0001:000263ab       __imp_load_?computeCellCoordinates@HeightField@Gu@physx@@QEBAIMMAEAM0@Z 00000001800273ab f   PhysXCommon_64:PhysXCommon_64.dll
 0001:000263b7       ?computeCellCoordinates@HeightField@Gu@physx@@QEBAIMMAEAM0@Z 00000001800273b7 f   PhysXCommon_64:PhysXCommon_64.dll
 0001:000263bd       __imp_load_?releaseMemory@HeightField@Gu@physx@@QEAAXXZ 00000001800273bd f   PhysXCommon_64:PhysXCommon_64.dll
 0001:000263c9       ?releaseMemory@HeightField@Gu@physx@@QEAAXXZ 00000001800273c9 f   PhysXCommon_64:PhysXCommon_64.dll
 0001:000263cf       __imp_load_??1HeightField@Gu@physx@@UEAA@XZ 00000001800273cf f   PhysXCommon_64:PhysXCommon_64.dll
 0001:000263db       ??1HeightField@Gu@physx@@UEAA@XZ 00000001800273db f   PhysXCommon_64:PhysXCommon_64.dll
 0001:000263e1       __imp_load_??0NodeAllocator@Gu@physx@@QEAA@XZ 00000001800273e1 f   PhysXCommon_64:PhysXCommon_64.dll
 0001:000263ed       ??0NodeAllocator@Gu@physx@@QEAA@XZ 00000001800273ed f   PhysXCommon_64:PhysXCommon_64.dll
 0001:000263f3       __imp_load_??1NodeAllocator@Gu@physx@@QEAA@XZ 00000001800273f3 f   PhysXCommon_64:PhysXCommon_64.dll
 0001:000263ff       ??1NodeAllocator@Gu@physx@@QEAA@XZ 00000001800273ff f   PhysXCommon_64:PhysXCommon_64.dll
 0001:00026405       __imp_load_?release@NodeAllocator@Gu@physx@@QEAAXXZ 0000000180027405 f   PhysXCommon_64:PhysXCommon_64.dll
 0001:00026411       ?release@NodeAllocator@Gu@physx@@QEAAXXZ 0000000180027411 f   PhysXCommon_64:PhysXCommon_64.dll
 0001:00026417       __imp_load_?buildAABBTree@Gu@physx@@YA_NAEAVAABBTreeBuildParams@12@AEAVNodeAllocator@12@AEAUBuildStats@12@AEAPEAI@Z 0000000180027417 f   PhysXCommon_64:PhysXCommon_64.dll
 0001:00026423       ?buildAABBTree@Gu@physx@@YA_NAEAVAABBTreeBuildParams@12@AEAVNodeAllocator@12@AEAUBuildStats@12@AEAPEAI@Z 0000000180027423 f   PhysXCommon_64:PhysXCommon_64.dll
 0001:00026429       __imp_load_?writeDword@physx@@YAXI_NAEAVPxOutputStream@1@@Z 0000000180027429 f   PhysXCommon_64:PhysXCommon_64.dll
 0001:00026435       ?writeDword@physx@@YAXI_NAEAVPxOutputStream@1@@Z 0000000180027435 f   PhysXCommon_64:PhysXCommon_64.dll
 0001:0002643b       __imp_load_?writeFloatBuffer@physx@@YAXPEBMI_NAEAVPxOutputStream@1@@Z 000000018002743b f   PhysXCommon_64:PhysXCommon_64.dll
 0001:00026447       ?writeFloatBuffer@physx@@YAXPEBMI_NAEAVPxOutputStream@1@@Z 0000000180027447 f   PhysXCommon_64:PhysXCommon_64.dll
 0001:0002644d       __imp_load_?writeHeader@physx@@YA_NCCCCI_NAEAVPxOutputStream@1@@Z 000000018002744d f   PhysXCommon_64:PhysXCommon_64.dll
 0001:00026459       ?writeHeader@physx@@YA_NCCCCI_NAEAVPxOutputStream@1@@Z 0000000180027459 f   PhysXCommon_64:PhysXCommon_64.dll
 0001:0002645f       __imp_load_?writeWord@physx@@YAXG_NAEAVPxOutputStream@1@@Z 000000018002745f f   PhysXCommon_64:PhysXCommon_64.dll
 0001:0002646b       ?writeWord@physx@@YAXG_NAEAVPxOutputStream@1@@Z 000000018002746b f   PhysXCommon_64:PhysXCommon_64.dll
 0001:00026471       __imp_load_?writeFloat@physx@@YAXM_NAEAVPxOutputStream@1@@Z 0000000180027471 f   PhysXCommon_64:PhysXCommon_64.dll
 0001:0002647d       ?writeFloat@physx@@YAXM_NAEAVPxOutputStream@1@@Z 000000018002747d f   PhysXCommon_64:PhysXCommon_64.dll
 0001:00026483       __imp_load_?computeBoundsAroundVertices@Gu@physx@@YAXAEAVPxBounds3@2@IPEIBVPxVec3@2@@Z 0000000180027483 f   PhysXCommon_64:PhysXCommon_64.dll
 0001:0002648f       ?computeBoundsAroundVertices@Gu@physx@@YAXAEAVPxBounds3@2@IPEIBVPxVec3@2@@Z 000000018002748f f   PhysXCommon_64:PhysXCommon_64.dll
 0001:00026495       __imp_load_??0SourceMesh@Gu@physx@@QEAA@XZ 0000000180027495 f   PhysXCommon_64:PhysXCommon_64.dll
 0001:000264a1       ??0SourceMesh@Gu@physx@@QEAA@XZ 00000001800274a1 f   PhysXCommon_64:PhysXCommon_64.dll
 0001:000264a7       __imp_load_??1SourceMesh@Gu@physx@@QEAA@XZ 00000001800274a7 f   PhysXCommon_64:PhysXCommon_64.dll
 0001:000264b3       ??1SourceMesh@Gu@physx@@QEAA@XZ 00000001800274b3 f   PhysXCommon_64:PhysXCommon_64.dll
 0001:000264b9       __imp_load_??0BV4Tree@Gu@physx@@QEAA@XZ 00000001800274b9 f   PhysXCommon_64:PhysXCommon_64.dll
 0001:000264c5       ??0BV4Tree@Gu@physx@@QEAA@XZ 00000001800274c5 f   PhysXCommon_64:PhysXCommon_64.dll
 0001:000264cb       __imp_load_??1BV4Tree@Gu@physx@@QEAA@XZ 00000001800274cb f   PhysXCommon_64:PhysXCommon_64.dll
 0001:000264d7       ??1BV4Tree@Gu@physx@@QEAA@XZ 00000001800274d7 f   PhysXCommon_64:PhysXCommon_64.dll
 0001:000264dd       __imp_load_??0BV32Tree@Gu@physx@@QEAA@XZ 00000001800274dd f   PhysXCommon_64:PhysXCommon_64.dll
 0001:000264e9       ??0BV32Tree@Gu@physx@@QEAA@XZ 00000001800274e9 f   PhysXCommon_64:PhysXCommon_64.dll
 0001:000264ef       __imp_load_??1BV32Tree@Gu@physx@@QEAA@XZ 00000001800274ef f   PhysXCommon_64:PhysXCommon_64.dll
 0001:000264fb       ??1BV32Tree@Gu@physx@@QEAA@XZ 00000001800274fb f   PhysXCommon_64:PhysXCommon_64.dll
 0001:00026501       __imp_load_?writeWordBuffer@physx@@YAXPEBGI_NAEAVPxOutputStream@1@@Z 0000000180027501 f   PhysXCommon_64:PhysXCommon_64.dll
 0001:0002650d       ?writeWordBuffer@physx@@YAXPEBGI_NAEAVPxOutputStream@1@@Z 000000018002750d f   PhysXCommon_64:PhysXCommon_64.dll
 0001:00026513       __imp_load_?computeMaxIndex@physx@@YAIPEBII@Z 0000000180027513 f   PhysXCommon_64:PhysXCommon_64.dll
 0001:0002651f       ?computeMaxIndex@physx@@YAIPEBII@Z 000000018002751f f   PhysXCommon_64:PhysXCommon_64.dll
 0001:00026525       __imp_load_?storeIndices@physx@@YAXIIPEBIAEAVPxOutputStream@1@_N@Z 0000000180027525 f   PhysXCommon_64:PhysXCommon_64.dll
 0001:00026531       ?storeIndices@physx@@YAXIIPEBIAEAVPxOutputStream@1@_N@Z 0000000180027531 f   PhysXCommon_64:PhysXCommon_64.dll
 0001:00026537       __imp_load_?BuildBV4Ex@Gu@physx@@YA_NAEAVBV4Tree@12@AEAVSourceMesh@12@MI@Z 0000000180027537 f   PhysXCommon_64:PhysXCommon_64.dll
 0001:00026543       ?BuildBV4Ex@Gu@physx@@YA_NAEAVBV4Tree@12@AEAVSourceMesh@12@MI@Z 0000000180027543 f   PhysXCommon_64:PhysXCommon_64.dll
 0001:00026549       __imp_load_?BuildBV32Ex@Gu@physx@@YA_NAEAVBV32Tree@12@AEAVSourceMesh@12@MI@Z 0000000180027549 f   PhysXCommon_64:PhysXCommon_64.dll
 0001:00026555       ?BuildBV32Ex@Gu@physx@@YA_NAEAVBV32Tree@12@AEAVSourceMesh@12@MI@Z 0000000180027555 f   PhysXCommon_64:PhysXCommon_64.dll
 0001:0002655b       __imp_load_?computeMaxIndex@physx@@YAGPEBGI@Z 000000018002755b f   PhysXCommon_64:PhysXCommon_64.dll
 0001:00026567       ?computeMaxIndex@physx@@YAGPEBGI@Z 0000000180027567 f   PhysXCommon_64:PhysXCommon_64.dll
 0001:0002656d       __imp_load_?WriteHeader@Gu@physx@@YA_NEEEEI_NAEAVPxOutputStream@2@@Z 000000018002756d f   PhysXCommon_64:PhysXCommon_64.dll
 0001:00026579       ?WriteHeader@Gu@physx@@YA_NEEEEI_NAEAVPxOutputStream@2@@Z 0000000180027579 f   PhysXCommon_64:PhysXCommon_64.dll
 0001:0002657f       __imp_load_?StoreIndices@Gu@physx@@YAXGIPEBGAEAVPxOutputStream@2@_N@Z 000000018002757f f   PhysXCommon_64:PhysXCommon_64.dll
 0001:0002658b       ?StoreIndices@Gu@physx@@YAXGIPEBGAEAVPxOutputStream@2@_N@Z 000000018002758b f   PhysXCommon_64:PhysXCommon_64.dll
 0001:00026591       __imp_load_?CreateOffsets@BigConvexData@physx@@IEAAXXZ 0000000180027591 f   PhysXCommon_64:PhysXCommon_64.dll
 0001:0002659d       ?CreateOffsets@BigConvexData@physx@@IEAAXXZ 000000018002759d f   PhysXCommon_64:PhysXCommon_64.dll
 0001:000265a3       __imp_load_?computeOBBPoints@Gu@physx@@YAXPEIAVPxVec3@2@AEBV32@1111@Z 00000001800275a3 f   PhysXCommon_64:PhysXCommon_64.dll
 0001:000265af       ?computeOBBPoints@Gu@physx@@YAXPEIAVPxVec3@2@AEBV32@1111@Z 00000001800275af f   PhysXCommon_64:PhysXCommon_64.dll
 0001:000265b5       __imp_load_??0BigConvexData@physx@@QEAA@XZ 00000001800275b5 f   PhysXCommon_64:PhysXCommon_64.dll
 0001:000265c1       ??0BigConvexData@physx@@QEAA@XZ 00000001800275c1 f   PhysXCommon_64:PhysXCommon_64.dll
 0001:000265c7       __imp_load_??1BigConvexData@physx@@QEAA@XZ 00000001800275c7 f   PhysXCommon_64:PhysXCommon_64.dll
 0001:000265d3       ??1BigConvexData@physx@@QEAA@XZ 00000001800275d3 f   PhysXCommon_64:PhysXCommon_64.dll
 0001:000265d9       __imp_load_PxGetFoundation 00000001800275d9 f   PhysXFoundation_64:PhysXFoundation_64.dll
 0001:000265e5       PxGetFoundation            00000001800275e5 f   PhysXFoundation_64:PhysXFoundation_64.dll
 0001:000265eb       __tailMerge_physxfoundation_64_dll 00000001800275eb     PhysXFoundation_64:PhysXFoundation_64.dll
 0001:00026664       __imp_load_?getAllocator@shdfnd@physx@@YAAEAVPxAllocatorCallback@2@XZ 0000000180027664 f   PhysXFoundation_64:PhysXFoundation_64.dll
 0001:00026670       ?getAllocator@shdfnd@physx@@YAAEAVPxAllocatorCallback@2@XZ 0000000180027670 f   PhysXFoundation_64:PhysXFoundation_64.dll
 0001:00026676       __imp_load_??0NamedAllocator@shdfnd@physx@@QEAA@PEBD@Z 0000000180027676 f   PhysXFoundation_64:PhysXFoundation_64.dll
 0001:00026682       ??0NamedAllocator@shdfnd@physx@@QEAA@PEBD@Z 0000000180027682 f   PhysXFoundation_64:PhysXFoundation_64.dll
 0001:00026688       __imp_load_?getInstance@Foundation@shdfnd@physx@@SAAEAV123@XZ 0000000180027688 f   PhysXFoundation_64:PhysXFoundation_64.dll
 0001:00026694       ?getInstance@Foundation@shdfnd@physx@@SAAEAV123@XZ 0000000180027694 f   PhysXFoundation_64:PhysXFoundation_64.dll
 0001:0002669a       __imp_load_?error@Foundation@shdfnd@physx@@QEAAXW4Enum@PxErrorCode@3@PEBDH1ZZ 000000018002769a f   PhysXFoundation_64:PhysXFoundation_64.dll
 0001:000266a6       ?error@Foundation@shdfnd@physx@@QEAAXW4Enum@PxErrorCode@3@PEBDH1ZZ 00000001800276a6 f   PhysXFoundation_64:PhysXFoundation_64.dll
 0001:000266ac       __imp_load_?allocate@NamedAllocator@shdfnd@physx@@QEAAPEAX_KPEBDH@Z 00000001800276ac f   PhysXFoundation_64:PhysXFoundation_64.dll
 0001:000266b8       ?allocate@NamedAllocator@shdfnd@physx@@QEAAPEAX_KPEBDH@Z 00000001800276b8 f   PhysXFoundation_64:PhysXFoundation_64.dll
 0001:000266be       __imp_load_?deallocate@NamedAllocator@shdfnd@physx@@QEAAXPEAX@Z 00000001800276be f   PhysXFoundation_64:PhysXFoundation_64.dll
 0001:000266ca       ?deallocate@NamedAllocator@shdfnd@physx@@QEAAXPEAX@Z 00000001800276ca f   PhysXFoundation_64:PhysXFoundation_64.dll
 0001:000266d0       __imp_load_?incRefCount@Foundation@shdfnd@physx@@SAXXZ 00000001800276d0 f   PhysXFoundation_64:PhysXFoundation_64.dll
 0001:000266dc       ?incRefCount@Foundation@shdfnd@physx@@SAXXZ 00000001800276dc f   PhysXFoundation_64:PhysXFoundation_64.dll
 0001:000266e2       __imp_load_?decRefCount@Foundation@shdfnd@physx@@SAXXZ 00000001800276e2 f   PhysXFoundation_64:PhysXFoundation_64.dll
 0001:000266ee       ?decRefCount@Foundation@shdfnd@physx@@SAXXZ 00000001800276ee f   PhysXFoundation_64:PhysXFoundation_64.dll
 0001:000266f4       __imp_load_??0FPUGuard@shdfnd@physx@@QEAA@XZ 00000001800276f4 f   PhysXFoundation_64:PhysXFoundation_64.dll
 0001:00026700       ??0FPUGuard@shdfnd@physx@@QEAA@XZ 0000000180027700 f   PhysXFoundation_64:PhysXFoundation_64.dll
 0001:00026706       __imp_load_??1FPUGuard@shdfnd@physx@@QEAA@XZ 0000000180027706 f   PhysXFoundation_64:PhysXFoundation_64.dll
 0001:00026712       ??1FPUGuard@shdfnd@physx@@QEAA@XZ 0000000180027712 f   PhysXFoundation_64:PhysXFoundation_64.dll
 0001:00026718       __imp_load_??1NamedAllocator@shdfnd@physx@@QEAA@XZ 0000000180027718 f   PhysXFoundation_64:PhysXFoundation_64.dll
 0001:00026724       ??1NamedAllocator@shdfnd@physx@@QEAA@XZ 0000000180027724 f   PhysXFoundation_64:PhysXFoundation_64.dll
 0001:0002672a       __imp_load_??0NamedAllocator@shdfnd@physx@@QEAA@AEBV012@@Z 000000018002772a f   PhysXFoundation_64:PhysXFoundation_64.dll
 0001:00026736       ??0NamedAllocator@shdfnd@physx@@QEAA@AEBV012@@Z 0000000180027736 f   PhysXFoundation_64:PhysXFoundation_64.dll
 0001:0002673c       __imp_load_?allocate@TempAllocator@shdfnd@physx@@QEAAPEAX_KPEBDH@Z 000000018002773c f   PhysXFoundation_64:PhysXFoundation_64.dll
 0001:00026748       ?allocate@TempAllocator@shdfnd@physx@@QEAAPEAX_KPEBDH@Z 0000000180027748 f   PhysXFoundation_64:PhysXFoundation_64.dll
 0001:0002674e       __imp_load_?deallocate@TempAllocator@shdfnd@physx@@QEAAXPEAX@Z 000000018002774e f   PhysXFoundation_64:PhysXFoundation_64.dll
 0001:0002675a       ?deallocate@TempAllocator@shdfnd@physx@@QEAAXPEAX@Z 000000018002775a f   PhysXFoundation_64:PhysXFoundation_64.dll
 0001:00026760       __imp_load_?PxDiagonalize@physx@@YA?AVPxVec3@1@AEBVPxMat33@1@AEAVPxQuat@1@@Z 0000000180027760 f   PhysXFoundation_64:PhysXFoundation_64.dll
 0001:0002676c       ?PxDiagonalize@physx@@YA?AVPxVec3@1@AEBVPxMat33@1@AEAVPxQuat@1@@Z 000000018002776c f   PhysXFoundation_64:PhysXFoundation_64.dll
 0001:00026774       ?DloadAcquireSectionWriteAccess@@YAXXZ 0000000180027774 f i Delayimp:delayhlp.obj
 0001:00026820       ?DloadGetSRWLockFunctionPointers@@YAEXZ 0000000180027820 f i Delayimp:delayhlp.obj
 0001:000268c0       ?DloadMakePermanentImageCommit@@YAXPEAX_K@Z 00000001800278c0 f i Delayimp:delayhlp.obj
 0001:00026958       ?DloadObtainSection@@YAPEAXPEAK0@Z 0000000180027958 f i Delayimp:delayhlp.obj
 0001:000269f4       ?DloadProtectSection@@YAXKPEAK@Z 00000001800279f4 f i Delayimp:delayhlp.obj
 0001:00026a84       ?DloadReleaseSectionWriteAccess@@YAXXZ 0000000180027a84 f i Delayimp:delayhlp.obj
 0001:00026b18       __delayLoadHelper2         0000000180027b18 f   Delayimp:delayhlp.obj
 0001:00026df0       ??3@YAXPEAX_K@Z            0000000180027df0 f   MSVCRT:delete_scalar_size.obj
 0001:00026df0       ??_V@YAXPEAX@Z             0000000180027df0 f   MSVCRT:delete_array.obj
 0001:00026df8       ??_Etype_info@@UEAAPEAXI@Z 0000000180027df8 f i MSVCRT:std_type_info_static.obj
 0001:00026df8       ??_Gtype_info@@UEAAPEAXI@Z 0000000180027df8 f i MSVCRT:std_type_info_static.obj
 0001:00026e24       ?__scrt_initialize_type_info@@YAXXZ 0000000180027e24 f   MSVCRT:tncleanup.obj
 0001:00026e34       ?__scrt_uninitialize_type_info@@YAXXZ 0000000180027e34 f   MSVCRT:tncleanup.obj
 0001:00026e50       __chkstk                   0000000180027e50 f   MSVCRT:chkstk.obj
 0001:00026e50       _alloca_probe              0000000180027e50 f   MSVCRT:chkstk.obj
 0001:00026ea0       ??3@YAXPEAX@Z              0000000180027ea0 f   MSVCRT:delete_scalar.obj
 0001:00026eb0       __vdecl_sinf4              0000000180027eb0 f   MSVCRT:svml_ssinf4_dispatch.obj
 0001:00026ed0       __libm_sse2_sincosf_       0000000180027ed0 f   MSVCRT:svml_ssinf4_dispatch.obj
 0001:00026f13       __libm_sse2_sincosf4_      0000000180027f13 f   MSVCRT:svml_ssinf4_dispatch.obj
 0001:00027240       _DllMainCRTStartup         0000000180028240 f   MSVCRT:dll_dllmain.obj
 0001:00027280       __isa_available_init       0000000180028280 f   MSVCRT:cpu_disp.obj
 0001:00027430       __sse2_sinf4@@16           0000000180028430 f   MSVCRT:svml_ssinf4_sse2.obj
 0001:00027d70       __sse4_sinf4@@16           0000000180028d70 f   MSVCRT:svml_ssinf4_sse4.obj
 0001:000284e4       __security_init_cookie     00000001800294e4 f   MSVCRT:gs_support.obj
 0001:00028590       DllMain                    0000000180029590 f   MSVCRT:dll_dllmain_stub.obj
 0001:000285b4       __local_stdio_printf_options 00000001800295b4 f i MSVCRT:default_local_stdio_options.obj
 0001:000285bc       __local_stdio_scanf_options 00000001800295bc f i MSVCRT:default_local_stdio_options.obj
 0001:000285c4       __scrt_initialize_default_local_stdio_options 00000001800295c4 f   MSVCRT:default_local_stdio_options.obj
 0001:000285e0       __scrt_acquire_startup_lock 00000001800295e0 f   MSVCRT:utility.obj
 0001:0002861c       __scrt_dllmain_after_initialize_c 000000018002961c f   MSVCRT:utility.obj
 0001:00028650       __scrt_dllmain_before_initialize_c 0000000180029650 f   MSVCRT:utility.obj
 0001:00028668       __scrt_dllmain_crt_thread_attach 0000000180029668 f   MSVCRT:utility.obj
 0001:00028690       __scrt_dllmain_crt_thread_detach 0000000180029690 f   MSVCRT:utility.obj
 0001:000286a8       __scrt_dllmain_exception_filter 00000001800296a8 f   MSVCRT:utility.obj
 0001:00028708       __scrt_dllmain_uninitialize_c 0000000180029708 f   MSVCRT:utility.obj
 0001:00028738       __scrt_dllmain_uninitialize_critical 0000000180029738 f   MSVCRT:utility.obj
 0001:0002874c       __scrt_initialize_crt      000000018002974c f   MSVCRT:utility.obj
 0001:00028798       __scrt_initialize_onexit_tables 0000000180029798 f   MSVCRT:utility.obj
 0001:00028824       __scrt_is_nonwritable_in_current_image 0000000180029824 f   MSVCRT:utility.obj
 0001:000288bc       __scrt_release_startup_lock 00000001800298bc f   MSVCRT:utility.obj
 0001:000288e0       __scrt_uninitialize_crt    00000001800298e0 f   MSVCRT:utility.obj
 0001:0002890c       __scrt_get_dyn_tls_init_callback 000000018002990c f   MSVCRT:dyn_tls_init.obj
 0001:00028914       __crt_debugger_hook        0000000180029914 f   MSVCRT:utility_desktop.obj
 0001:0002891c       __scrt_fastfail            000000018002991c f   MSVCRT:utility_desktop.obj
 0001:00028a68       _RTC_Initialize            0000000180029a68 f   MSVCRT:initsect.obj
 0001:00028aa4       _RTC_Terminate             0000000180029aa4 f   MSVCRT:initsect.obj
 0001:00028ae0       __common_ssin_cout_rare    0000000180029ae0 f   MSVCRT:svml_s_sin_cout.obj
 0001:00028b50       __scrt_is_ucrt_dll_in_use  0000000180029b50 f   MSVCRT:ucrt_detection.obj
 0001:00028b5c       _purecall                  0000000180029b5c f   vcruntime:VCRUNTIME140.dll
 0001:00028b62       __std_type_info_name       0000000180029b62 f   vcruntime:VCRUNTIME140.dll
 0001:00028b68       memset                     0000000180029b68 f   vcruntime:VCRUNTIME140.dll
 0001:00028b6e       memcpy                     0000000180029b6e f   vcruntime:VCRUNTIME140.dll
 0001:00028b74       strstr                     0000000180029b74 f   vcruntime:VCRUNTIME140.dll
 0001:00028b7a       __std_type_info_destroy_list 0000000180029b7a f   vcruntime:VCRUNTIME140.dll
 0001:00028b80       __C_specific_handler       0000000180029b80 f   vcruntime:VCRUNTIME140.dll
 0001:00028b86       strcmp                     0000000180029b86 f   ucrt:api-ms-win-crt-string-l1-1-0.dll
 0001:00028b8c       atan2f                     0000000180029b8c f   ucrt:api-ms-win-crt-math-l1-1-0.dll
 0001:00028b92       free                       0000000180029b92 f   ucrt:api-ms-win-crt-heap-l1-1-0.dll
 0001:00028b98       _initterm                  0000000180029b98 f   ucrt:api-ms-win-crt-runtime-l1-1-0.dll
 0001:00028b9e       _initterm_e                0000000180029b9e f   ucrt:api-ms-win-crt-runtime-l1-1-0.dll
 0001:00028ba4       _seh_filter_dll            0000000180029ba4 f   ucrt:api-ms-win-crt-runtime-l1-1-0.dll
 0001:00028baa       _configure_narrow_argv     0000000180029baa f   ucrt:api-ms-win-crt-runtime-l1-1-0.dll
 0001:00028bb0       _initialize_narrow_environment 0000000180029bb0 f   ucrt:api-ms-win-crt-runtime-l1-1-0.dll
 0001:00028bb6       _initialize_onexit_table   0000000180029bb6 f   ucrt:api-ms-win-crt-runtime-l1-1-0.dll
 0001:00028bbc       _execute_onexit_table      0000000180029bbc f   ucrt:api-ms-win-crt-runtime-l1-1-0.dll
 0001:00028bc2       _cexit                     0000000180029bc2 f   ucrt:api-ms-win-crt-runtime-l1-1-0.dll
 0001:00028bc8       __acrt_initialize          0000000180029bc8 f   MSVCRT:ucrt_stubs.obj
 0001:00028bc8       __acrt_thread_attach       0000000180029bc8 f   MSVCRT:ucrt_stubs.obj
 0001:00028bc8       __acrt_thread_detach       0000000180029bc8 f   MSVCRT:ucrt_stubs.obj
 0001:00028bc8       __acrt_uninitialize        0000000180029bc8 f   MSVCRT:ucrt_stubs.obj
 0001:00028bc8       __acrt_uninitialize_critical 0000000180029bc8 f   MSVCRT:ucrt_stubs.obj
 0001:00028bc8       __scrt_stub_for_acrt_initialize 0000000180029bc8 f   MSVCRT:ucrt_stubs.obj
 0001:00028bc8       __scrt_stub_for_acrt_thread_attach 0000000180029bc8 f   MSVCRT:ucrt_stubs.obj
 0001:00028bc8       __scrt_stub_for_acrt_thread_detach 0000000180029bc8 f   MSVCRT:ucrt_stubs.obj
 0001:00028bc8       __scrt_stub_for_acrt_uninitialize 0000000180029bc8 f   MSVCRT:ucrt_stubs.obj
 0001:00028bc8       __scrt_stub_for_acrt_uninitialize_critical 0000000180029bc8 f   MSVCRT:ucrt_stubs.obj
 0001:00028bc8       __vcrt_initialize          0000000180029bc8 f   MSVCRT:ucrt_stubs.obj
 0001:00028bc8       __vcrt_thread_attach       0000000180029bc8 f   MSVCRT:ucrt_stubs.obj
 0001:00028bc8       __vcrt_thread_detach       0000000180029bc8 f   MSVCRT:ucrt_stubs.obj
 0001:00028bc8       __vcrt_uninitialize        0000000180029bc8 f   MSVCRT:ucrt_stubs.obj
 0001:00028bc8       __vcrt_uninitialize_critical 0000000180029bc8 f   MSVCRT:ucrt_stubs.obj
 0001:00028be0       _guard_dispatch_icall_nop  0000000180029be0 f   MSVCRT:guard_dispatch.obj
 0001:00028c00       _guard_xfg_dispatch_icall_nop 0000000180029c00 f   MSVCRT:guard_xfg_dispatch.obj
 0002:00000000       __imp_LoadLibraryA         000000018002a000     kernel32:KERNEL32.dll
 0002:00000008       __imp_SetUnhandledExceptionFilter 000000018002a008     kernel32:KERNEL32.dll
 0002:00000010       __imp_UnhandledExceptionFilter 000000018002a010     kernel32:KERNEL32.dll
 0002:00000018       __imp_IsDebuggerPresent    000000018002a018     kernel32:KERNEL32.dll
 0002:00000020       __imp_RtlVirtualUnwind     000000018002a020     kernel32:KERNEL32.dll
 0002:00000028       __imp_RtlLookupFunctionEntry 000000018002a028     kernel32:KERNEL32.dll
 0002:00000030       __imp_RtlCaptureContext    000000018002a030     kernel32:KERNEL32.dll
 0002:00000038       __imp_DisableThreadLibraryCalls 000000018002a038     kernel32:KERNEL32.dll
 0002:00000040       __imp_GetSystemTimeAsFileTime 000000018002a040     kernel32:KERNEL32.dll
 0002:00000048       __imp_GetCurrentThreadId   000000018002a048     kernel32:KERNEL32.dll
 0002:00000050       __imp_GetCurrentProcessId  000000018002a050     kernel32:KERNEL32.dll
 0002:00000058       __imp_QueryPerformanceCounter 000000018002a058     kernel32:KERNEL32.dll
 0002:00000060       __imp_InitializeSListHead  000000018002a060     kernel32:KERNEL32.dll
 0002:00000068       __imp_LoadLibraryExA       000000018002a068     kernel32:KERNEL32.dll
 0002:00000070       __imp_GetProcAddress       000000018002a070     kernel32:KERNEL32.dll
 0002:00000078       __imp_GetModuleHandleW     000000018002a078     kernel32:KERNEL32.dll
 0002:00000080       __imp_FreeLibrary          000000018002a080     kernel32:KERNEL32.dll
 0002:00000088       __imp_VirtualQuery         000000018002a088     kernel32:KERNEL32.dll
 0002:00000090       __imp_VirtualProtect       000000018002a090     kernel32:KERNEL32.dll
 0002:00000098       __imp_GetSystemInfo        000000018002a098     kernel32:KERNEL32.dll
 0002:000000a0       __imp_GetLastError         000000018002a0a0     kernel32:KERNEL32.dll
 0002:000000a8       __imp_RaiseException       000000018002a0a8     kernel32:KERNEL32.dll
 0002:000000b0       __imp_IsProcessorFeaturePresent 000000018002a0b0     kernel32:KERNEL32.dll
 0002:000000b8       \177KERNEL32_NULL_THUNK_DATA 000000018002a0b8     kernel32:KERNEL32.dll
 0002:000000c0       __imp_memcpy               000000018002a0c0     vcruntime:VCRUNTIME140.dll
 0002:000000c8       __imp_strstr               000000018002a0c8     vcruntime:VCRUNTIME140.dll
 0002:000000d0       __imp___std_type_info_destroy_list 000000018002a0d0     vcruntime:VCRUNTIME140.dll
 0002:000000d8       __imp___C_specific_handler 000000018002a0d8     vcruntime:VCRUNTIME140.dll
 0002:000000e0       __imp_memset               000000018002a0e0     vcruntime:VCRUNTIME140.dll
 0002:000000e8       __imp__purecall            000000018002a0e8     vcruntime:VCRUNTIME140.dll
 0002:000000f0       __imp___std_type_info_name 000000018002a0f0     vcruntime:VCRUNTIME140.dll
 0002:000000f8       \177VCRUNTIME140_NULL_THUNK_DATA 000000018002a0f8     vcruntime:VCRUNTIME140.dll
 0002:00000100       __imp_free                 000000018002a100     ucrt:api-ms-win-crt-heap-l1-1-0.dll
 0002:00000108       \177api-ms-win-crt-heap-l1-1-0_NULL_THUNK_DATA 000000018002a108     ucrt:api-ms-win-crt-heap-l1-1-0.dll
 0002:00000110       __imp__fpclass             000000018002a110     ucrt:api-ms-win-crt-math-l1-1-0.dll
 0002:00000118       __imp_atan2f               000000018002a118     ucrt:api-ms-win-crt-math-l1-1-0.dll
 0002:00000120       \177api-ms-win-crt-math-l1-1-0_NULL_THUNK_DATA 000000018002a120     ucrt:api-ms-win-crt-math-l1-1-0.dll
 0002:00000128       __imp__seh_filter_dll      000000018002a128     ucrt:api-ms-win-crt-runtime-l1-1-0.dll
 0002:00000130       __imp__configure_narrow_argv 000000018002a130     ucrt:api-ms-win-crt-runtime-l1-1-0.dll
 0002:00000138       __imp__initialize_narrow_environment 000000018002a138     ucrt:api-ms-win-crt-runtime-l1-1-0.dll
 0002:00000140       __imp__initterm_e          000000018002a140     ucrt:api-ms-win-crt-runtime-l1-1-0.dll
 0002:00000148       __imp__initialize_onexit_table 000000018002a148     ucrt:api-ms-win-crt-runtime-l1-1-0.dll
 0002:00000150       __imp__execute_onexit_table 000000018002a150     ucrt:api-ms-win-crt-runtime-l1-1-0.dll
 0002:00000158       __imp__initterm            000000018002a158     ucrt:api-ms-win-crt-runtime-l1-1-0.dll
 0002:00000160       __imp__cexit               000000018002a160     ucrt:api-ms-win-crt-runtime-l1-1-0.dll
 0002:00000168       \177api-ms-win-crt-runtime-l1-1-0_NULL_THUNK_DATA 000000018002a168     ucrt:api-ms-win-crt-runtime-l1-1-0.dll
 0002:00000170       __imp_strcmp               000000018002a170     ucrt:api-ms-win-crt-string-l1-1-0.dll
 0002:00000178       \177api-ms-win-crt-string-l1-1-0_NULL_THUNK_DATA 000000018002a178     ucrt:api-ms-win-crt-string-l1-1-0.dll
 0002:00000180       __guard_check_icall_fptr   000000018002a180     MSVCRT:guard_support.obj
[...]
 0002:00006806       szName                     0000000180030806     PhysXCooking_64.exp
 0002:0000681a       $N00001                    000000018003081a     PhysXCooking_64.exp
 0002:00006849       $N00002                    0000000180030849     PhysXCooking_64.exp
 0002:00006870       $N00003                    0000000180030870     PhysXCooking_64.exp
 0002:000068ab       $N00004                    00000001800308ab     PhysXCooking_64.exp
 0002:000068d2       $N00005                    00000001800308d2     PhysXCooking_64.exp
 0002:000068fe       $N00006                    00000001800308fe     PhysXCooking_64.exp
 0002:0000691f       $N00007                    000000018003091f     PhysXCooking_64.exp
 0002:00006954       $N00008                    0000000180030954     PhysXCooking_64.exp
 0002:0000696d       $N00009                    000000018003096d     PhysXCooking_64.exp
 0002:0000698d       $N00010                    000000018003098d     PhysXCooking_64.exp
 0002:000069b6       $N00011                    00000001800309b6     PhysXCooking_64.exp
 0002:000069dd       $N00012                    00000001800309dd     PhysXCooking_64.exp
 0002:00006a0c       $N00013                    0000000180030a0c     PhysXCooking_64.exp
 0002:00006a39       $N00014                    0000000180030a39     PhysXCooking_64.exp
 0002:00006a6a       $N00015                    0000000180030a6a     PhysXCooking_64.exp
 0002:00006a8f       $N00016                    0000000180030a8f     PhysXCooking_64.exp
 0002:00006aba       $N00017                    0000000180030aba     PhysXCooking_64.exp
 0002:00006ae0       $N00018                    0000000180030ae0     PhysXCooking_64.exp
 0002:00006aff       $N00019                    0000000180030aff     PhysXCooking_64.exp
 0002:00006b35       $N00020                    0000000180030b35     PhysXCooking_64.exp
 0002:00006b5f       $N00021                    0000000180030b5f     PhysXCooking_64.exp
 0002:00006b86       $N00022                    0000000180030b86     PhysXCooking_64.exp
 0002:00006baf       $N00023                    0000000180030baf     PhysXCooking_64.exp
 0002:00006bc8       $N00024                    0000000180030bc8     PhysXCooking_64.exp
 0002:00006bed       $N00025                    0000000180030bed     PhysXCooking_64.exp
 0002:00006c0c       $N00026                    0000000180030c0c     PhysXCooking_64.exp
 0002:00006c2b       $N00027                    0000000180030c2b     PhysXCooking_64.exp
 0002:00006c4b       $N00028                    0000000180030c4b     PhysXCooking_64.exp
 0002:00006c81       $N00029                    0000000180030c81     PhysXCooking_64.exp
 0002:00006cb9       $N00030                    0000000180030cb9     PhysXCooking_64.exp
 0002:00006ced       $N00031                    0000000180030ced     PhysXCooking_64.exp
 0002:00006d1f       $N00032                    0000000180030d1f     PhysXCooking_64.exp
 0002:00006d4c       $N00033                    0000000180030d4c     PhysXCooking_64.exp
 0002:00006d74       $N00034                    0000000180030d74     PhysXCooking_64.exp
 0002:00006da5       $N00035                    0000000180030da5     PhysXCooking_64.exp
 0002:00006dd4       $N00036                    0000000180030dd4     PhysXCooking_64.exp
 0002:00006e04       $N00037                    0000000180030e04     PhysXCooking_64.exp
 0002:00006e32       $N00038                    0000000180030e32     PhysXCooking_64.exp
 0002:00006e63       $N00039                    0000000180030e63     PhysXCooking_64.exp
 0002:00006e99       $N00040                    0000000180030e99     PhysXCooking_64.exp
 0002:00006ecd       $N00041                    0000000180030ecd     PhysXCooking_64.exp
 0002:00006eff       $N00042                    0000000180030eff     PhysXCooking_64.exp
 0002:00006f31       $N00043                    0000000180030f31     PhysXCooking_64.exp
 0002:00006f5d       $N00044                    0000000180030f5d     PhysXCooking_64.exp
 0002:00006f79       $N00045                    0000000180030f79     PhysXCooking_64.exp
 0002:00006fa3       $N00046                    0000000180030fa3     PhysXCooking_64.exp
 0002:00006fc7       $N00047                    0000000180030fc7     PhysXCooking_64.exp
 0002:00006ff0       $N00048                    0000000180030ff0     PhysXCooking_64.exp
 0002:00007022       $N00049                    0000000180031022     PhysXCooking_64.exp
 0002:00007049       $N00050                    0000000180031049     PhysXCooking_64.exp
 0002:00007077       $N00051                    0000000180031077     PhysXCooking_64.exp
 0002:000070a2       $N00052                    00000001800310a2     PhysXCooking_64.exp
 0002:000070cf       $N00053                    00000001800310cf     PhysXCooking_64.exp
 0002:000070f8       $N00054                    00000001800310f8     PhysXCooking_64.exp
 0002:00007127       $N00055                    0000000180031127     PhysXCooking_64.exp
 0002:00007150       $N00056                    0000000180031150     PhysXCooking_64.exp
 0002:00007179       $N00057                    0000000180031179     PhysXCooking_64.exp
 0002:000071a7       $N00058                    00000001800311a7     PhysXCooking_64.exp
 0002:000071cf       $N00059                    00000001800311cf     PhysXCooking_64.exp
 0002:0000720a       $N00060                    000000018003120a     PhysXCooking_64.exp
 0002:00007234       $N00061                    0000000180031234     PhysXCooking_64.exp
 0002:00007268       $N00062                    0000000180031268     PhysXCooking_64.exp
 0002:0000729e       $N00063                    000000018003129e     PhysXCooking_64.exp
 0002:000072da       $N00064                    00000001800312da     PhysXCooking_64.exp
 0002:00007322       $N00065                    0000000180031322     PhysXCooking_64.exp
 0002:00007372       $N00066                    0000000180031372     PhysXCooking_64.exp
 0002:000073a6       $N00067                    00000001800313a6     PhysXCooking_64.exp
 0002:000073db       $N00068                    00000001800313db     PhysXCooking_64.exp
 0002:00007411       $N00069                    0000000180031411     PhysXCooking_64.exp
 0002:00007438       $N00070                    0000000180031438     PhysXCooking_64.exp
 0002:00007480       $N00071                    0000000180031480     PhysXCooking_64.exp
 0002:000074c6       $N00072                    00000001800314c6     PhysXCooking_64.exp
 0002:0000751e       $N00073                    000000018003151e     PhysXCooking_64.exp
 0002:00007565       $N00074                    0000000180031565     PhysXCooking_64.exp
 0002:00007590       $N00075                    0000000180031590     PhysXCooking_64.exp
 0002:000075c0       $N00076                    00000001800315c0     PhysXCooking_64.exp
 0002:00007610       $N00077                    0000000180031610     PhysXCooking_64.exp
 0002:000076bf       $N00078                    00000001800316bf     PhysXCooking_64.exp
 0002:0000771d       $N00079                    000000018003171d     PhysXCooking_64.exp
 0002:00007749       $N00080                    0000000180031749     PhysXCooking_64.exp
 0002:00007775       $N00081                    0000000180031775     PhysXCooking_64.exp
 0002:000077aa       $N00082                    00000001800317aa     PhysXCooking_64.exp
 0002:000077d3       $N00083                    00000001800317d3     PhysXCooking_64.exp
 0002:0000780f       $N00084                    000000018003180f     PhysXCooking_64.exp
 0002:0000783b       $N00085                    000000018003183b     PhysXCooking_64.exp
 0002:0000786e       $N00086                    000000018003186e     PhysXCooking_64.exp
 0002:000078bb       $N00087                    00000001800318bb     PhysXCooking_64.exp
 0002:000078ee       $N00088                    00000001800318ee     PhysXCooking_64.exp
 0002:00007928       $N00089                    0000000180031928     PhysXCooking_64.exp
 0002:00007962       $N00090                    0000000180031962     PhysXCooking_64.exp
 0002:0000799e       $N00091                    000000018003199e     PhysXCooking_64.exp
 0002:000079e2       $N00092                    00000001800319e2     PhysXCooking_64.exp
 0002:00007a11       $N00093                    0000000180031a11     PhysXCooking_64.exp
 0002:00007a8b       $N00094                    0000000180031a8b     PhysXCooking_64.exp
 0002:00007ae8       $N00095                    0000000180031ae8     PhysXCooking_64.exp
 0002:00007b14       $N00096                    0000000180031b14     PhysXCooking_64.exp
 0002:00007b48       $N00097                    0000000180031b48     PhysXCooking_64.exp
 0002:00007b81       $N00098                    0000000180031b81     PhysXCooking_64.exp
 0002:00007bbe       $N00099                    0000000180031bbe     PhysXCooking_64.exp
 0002:00007bf4       $N00100                    0000000180031bf4     PhysXCooking_64.exp
 0002:00007c21       $N00101                    0000000180031c21     PhysXCooking_64.exp
 0002:00007c4e       $N00102                    0000000180031c4e     PhysXCooking_64.exp
 0002:00007c79       $N00103                    0000000180031c79     PhysXCooking_64.exp
 0002:00007ca5       $N00104                    0000000180031ca5     PhysXCooking_64.exp
 0002:00007cd2       $N00105                    0000000180031cd2     PhysXCooking_64.exp
 0002:00007cf2       $N00106                    0000000180031cf2     PhysXCooking_64.exp
 0002:00007d2e       $N00107                    0000000180031d2e     PhysXCooking_64.exp
 0002:00007d5f       $N00108                    0000000180031d5f     PhysXCooking_64.exp
 0002:00007d91       $N00109                    0000000180031d91     PhysXCooking_64.exp
 0002:00007dd3       $N00110                    0000000180031dd3     PhysXCooking_64.exp
 0002:00007e00       $N00111                    0000000180031e00     PhysXCooking_64.exp
 0002:00007e24       $N00112                    0000000180031e24     PhysXCooking_64.exp
 0002:00007e54       $N00113                    0000000180031e54     PhysXCooking_64.exp
 0002:00007e87       $N00114                    0000000180031e87     PhysXCooking_64.exp
 0002:00007eac       $N00115                    0000000180031eac     PhysXCooking_64.exp
 0002:00007eda       $N00116                    0000000180031eda     PhysXCooking_64.exp
 0002:00007f02       $N00117                    0000000180031f02     PhysXCooking_64.exp
 0002:00007f22       $N00118                    0000000180031f22     PhysXCooking_64.exp
 0002:00007f67       $N00119                    0000000180031f67     PhysXCooking_64.exp
 0002:00007fa4       $N00120                    0000000180031fa4     PhysXCooking_64.exp
 0002:00007fe1       $N00121                    0000000180031fe1     PhysXCooking_64.exp
 0002:00008014       $N00122                    0000000180032014     PhysXCooking_64.exp
 0002:00008024       $N00123                    0000000180032024     PhysXCooking_64.exp
 0002:00008260       .idata$6                   0000000180032260     kernel32:KERNEL32.dll
 0002:000082e8       .idata$6                   00000001800322e8     vcruntime:VCRUNTIME140.dll
 0002:000083c8       .idata$6                   00000001800323c8     ucrt:api-ms-win-crt-string-l1-1-0.dll
 0002:000083ea       .idata$6                   00000001800323ea     ucrt:api-ms-win-crt-math-l1-1-0.dll
 0002:0000840a       .idata$6                   000000018003240a     ucrt:api-ms-win-crt-heap-l1-1-0.dll
 0002:0000842a       .idata$6                   000000018003242a     ucrt:api-ms-win-crt-runtime-l1-1-0.dll
 0003:00000000       ?MAXDOT_MINANG@local@@3MB  0000000180033000     ConvexHullUtils.obj
 0003:00000004       ?MAXDOT_MINANG@local@@3MB  0000000180033004     QuickHullConvexHullLib.obj
 0003:00000540       ?maxV3Error@_VecMathTests@aos@shdfnd@physx@@3T__m128@@B 0000000180033540     Cooking.obj
 0003:00000550       ?minFError@_VecMathTests@aos@shdfnd@physx@@3T__m128@@B 0000000180033550     Cooking.obj
 0003:00000560       ?maxV4Error@_VecMathTests@aos@shdfnd@physx@@3T__m128@@B 0000000180033560     Cooking.obj
 0003:00000570       ?minV4Error@_VecMathTests@aos@shdfnd@physx@@3T__m128@@B 0000000180033570     Cooking.obj
 0003:00000580       ?minV3Error@_VecMathTests@aos@shdfnd@physx@@3T__m128@@B 0000000180033580     Cooking.obj
 0003:00000590       ?maxFError@_VecMathTests@aos@shdfnd@physx@@3T__m128@@B 0000000180033590     Cooking.obj
 0003:000005a0       ?maxV3Error@_VecMathTests@aos@shdfnd@physx@@3T__m128@@B 00000001800335a0     BVHStructureBuilder.obj
 0003:000005b0       ?minFError@_VecMathTests@aos@shdfnd@physx@@3T__m128@@B 00000001800335b0     BVHStructureBuilder.obj
 0003:000005c0       ?maxV4Error@_VecMathTests@aos@shdfnd@physx@@3T__m128@@B 00000001800335c0     BVHStructureBuilder.obj
 0003:000005d0       ?minV4Error@_VecMathTests@aos@shdfnd@physx@@3T__m128@@B 00000001800335d0     BVHStructureBuilder.obj
 0003:000005e0       ?minV3Error@_VecMathTests@aos@shdfnd@physx@@3T__m128@@B 00000001800335e0     BVHStructureBuilder.obj
 0003:000005f0       ?maxFError@_VecMathTests@aos@shdfnd@physx@@3T__m128@@B 00000001800335f0     BVHStructureBuilder.obj
 0003:00000600       ?maxV3Error@_VecMathTests@aos@shdfnd@physx@@3T__m128@@B 0000000180033600     RTreeCooking.obj
 0003:00000610       ?minFError@_VecMathTests@aos@shdfnd@physx@@3T__m128@@B 0000000180033610     RTreeCooking.obj
 0003:00000620       ?maxV4Error@_VecMathTests@aos@shdfnd@physx@@3T__m128@@B 0000000180033620     RTreeCooking.obj
 0003:00000630       ?minV4Error@_VecMathTests@aos@shdfnd@physx@@3T__m128@@B 0000000180033630     RTreeCooking.obj
 0003:00000640       ?minV3Error@_VecMathTests@aos@shdfnd@physx@@3T__m128@@B 0000000180033640     RTreeCooking.obj
 0003:00000650       ?maxFError@_VecMathTests@aos@shdfnd@physx@@3T__m128@@B 0000000180033650     RTreeCooking.obj
 0003:00000660       ?maxV3Error@_VecMathTests@aos@shdfnd@physx@@3T__m128@@B 0000000180033660     MeshBuilder.obj
 0003:00000670       ?minFError@_VecMathTests@aos@shdfnd@physx@@3T__m128@@B 0000000180033670     MeshBuilder.obj
 0003:00000680       ?maxV4Error@_VecMathTests@aos@shdfnd@physx@@3T__m128@@B 0000000180033680     MeshBuilder.obj
 0003:00000690       ?minV4Error@_VecMathTests@aos@shdfnd@physx@@3T__m128@@B 0000000180033690     MeshBuilder.obj
 0003:000006a0       ?minV3Error@_VecMathTests@aos@shdfnd@physx@@3T__m128@@B 00000001800336a0     MeshBuilder.obj
 0003:000006b0       ?maxFError@_VecMathTests@aos@shdfnd@physx@@3T__m128@@B 00000001800336b0     MeshBuilder.obj
 0003:000006c0       ?maxV3Error@_VecMathTests@aos@shdfnd@physx@@3T__m128@@B 00000001800336c0     TriangleMeshBuilder.obj
 0003:000006d0       ?minFError@_VecMathTests@aos@shdfnd@physx@@3T__m128@@B 00000001800336d0     TriangleMeshBuilder.obj
 0003:000006e0       ?maxV4Error@_VecMathTests@aos@shdfnd@physx@@3T__m128@@B 00000001800336e0     TriangleMeshBuilder.obj
 0003:000006f0       ?minV4Error@_VecMathTests@aos@shdfnd@physx@@3T__m128@@B 00000001800336f0     TriangleMeshBuilder.obj
 0003:00000700       ?minV3Error@_VecMathTests@aos@shdfnd@physx@@3T__m128@@B 0000000180033700     TriangleMeshBuilder.obj
 0003:00000710       ?maxFError@_VecMathTests@aos@shdfnd@physx@@3T__m128@@B 0000000180033710     TriangleMeshBuilder.obj
 0003:00000720       ?maxV3Error@_VecMathTests@aos@shdfnd@physx@@3T__m128@@B 0000000180033720     BigConvexDataBuilder.obj
 0003:00000730       ?minFError@_VecMathTests@aos@shdfnd@physx@@3T__m128@@B 0000000180033730     BigConvexDataBuilder.obj
 0003:00000740       ?maxV4Error@_VecMathTests@aos@shdfnd@physx@@3T__m128@@B 0000000180033740     BigConvexDataBuilder.obj
 0003:00000750       ?minV4Error@_VecMathTests@aos@shdfnd@physx@@3T__m128@@B 0000000180033750     BigConvexDataBuilder.obj
 0003:00000760       ?minV3Error@_VecMathTests@aos@shdfnd@physx@@3T__m128@@B 0000000180033760     BigConvexDataBuilder.obj
 0003:00000770       ?maxFError@_VecMathTests@aos@shdfnd@physx@@3T__m128@@B 0000000180033770     BigConvexDataBuilder.obj
 0003:00000780       ?maxV3Error@_VecMathTests@aos@shdfnd@physx@@3T__m128@@B 0000000180033780     ConvexHullBuilder.obj
 0003:00000790       ?minFError@_VecMathTests@aos@shdfnd@physx@@3T__m128@@B 0000000180033790     ConvexHullBuilder.obj
 0003:000007a0       ?maxV4Error@_VecMathTests@aos@shdfnd@physx@@3T__m128@@B 00000001800337a0     ConvexHullBuilder.obj
 0003:000007b0       ?minV4Error@_VecMathTests@aos@shdfnd@physx@@3T__m128@@B 00000001800337b0     ConvexHullBuilder.obj
 0003:000007c0       ?minV3Error@_VecMathTests@aos@shdfnd@physx@@3T__m128@@B 00000001800337c0     ConvexHullBuilder.obj
 0003:000007d0       ?maxFError@_VecMathTests@aos@shdfnd@physx@@3T__m128@@B 00000001800337d0     ConvexHullBuilder.obj
 0003:000007e0       ?maxV3Error@_VecMathTests@aos@shdfnd@physx@@3T__m128@@B 00000001800337e0     ConvexHullUtils.obj
 0003:000007f0       ?minFError@_VecMathTests@aos@shdfnd@physx@@3T__m128@@B 00000001800337f0     ConvexHullUtils.obj
 0003:00000800       ?maxV4Error@_VecMathTests@aos@shdfnd@physx@@3T__m128@@B 0000000180033800     ConvexHullUtils.obj
 0003:00000810       ?minV4Error@_VecMathTests@aos@shdfnd@physx@@3T__m128@@B 0000000180033810     ConvexHullUtils.obj
 0003:00000820       ?minV3Error@_VecMathTests@aos@shdfnd@physx@@3T__m128@@B 0000000180033820     ConvexHullUtils.obj
 0003:00000830       ?maxFError@_VecMathTests@aos@shdfnd@physx@@3T__m128@@B 0000000180033830     ConvexHullUtils.obj
 0003:00000840       ?maxV3Error@_VecMathTests@aos@shdfnd@physx@@3T__m128@@B 0000000180033840     ConvexMeshBuilder.obj
 0003:00000850       ?minFError@_VecMathTests@aos@shdfnd@physx@@3T__m128@@B 0000000180033850     ConvexMeshBuilder.obj
 0003:00000860       ?maxV4Error@_VecMathTests@aos@shdfnd@physx@@3T__m128@@B 0000000180033860     ConvexMeshBuilder.obj
 0003:00000870       ?minV4Error@_VecMathTests@aos@shdfnd@physx@@3T__m128@@B 0000000180033870     ConvexMeshBuilder.obj
 0003:00000880       ?minV3Error@_VecMathTests@aos@shdfnd@physx@@3T__m128@@B 0000000180033880     ConvexMeshBuilder.obj
 0003:00000890       ?maxFError@_VecMathTests@aos@shdfnd@physx@@3T__m128@@B 0000000180033890     ConvexMeshBuilder.obj
 0003:000008a0       ?maxV3Error@_VecMathTests@aos@shdfnd@physx@@3T__m128@@B 00000001800338a0     VolumeIntegration.obj
 0003:000008b0       ?minFError@_VecMathTests@aos@shdfnd@physx@@3T__m128@@B 00000001800338b0     VolumeIntegration.obj
 0003:000008c0       ?maxV4Error@_VecMathTests@aos@shdfnd@physx@@3T__m128@@B 00000001800338c0     VolumeIntegration.obj
 0003:000008d0       ?minV4Error@_VecMathTests@aos@shdfnd@physx@@3T__m128@@B 00000001800338d0     VolumeIntegration.obj
 0003:000008e0       ?minV3Error@_VecMathTests@aos@shdfnd@physx@@3T__m128@@B 00000001800338e0     VolumeIntegration.obj
 0003:000008f0       ?maxFError@_VecMathTests@aos@shdfnd@physx@@3T__m128@@B 00000001800338f0     VolumeIntegration.obj
 0003:00000900       ?gCookingDelayLoadHook@@3PEBVPxDelayLoadHook@physx@@EB 0000000180033900     WindowsCookingDelayLoadHook.obj
 0003:00000960       ?__proc_attached@@3HA      0000000180033960     MSVCRT:dll_dllmain.obj
 0003:00000988       ?is_initialized_as_dll@@3_NA 0000000180033988     MSVCRT:utility.obj
 0003:00000989       ?module_local_atexit_table_initialized@@3_NA 0000000180033989     MSVCRT:utility.obj
 0003:00000990       ?module_local_atexit_table@@3U_onexit_table_t@@A 0000000180033990     MSVCRT:utility.obj
 0003:000009a8       ?module_local_at_quick_exit_table@@3U_onexit_table_t@@A 00000001800339a8     MSVCRT:utility.obj
 0005:00000000       _2il0floatpacket$19        0000000180036000     MSVCRT:svml_ssinf4_sse2.obj
 0005:00002200       _vmlsSinHATab              0000000180038200     MSVCRT:svml_s_sin_cout.obj
 0006:000000a0       $R000000                   00000001800390a0     PhysXCooking.res
 0006:000003d0       $R000330                   00000001800393d0     PhysXCooking.res
