 PhysXCooking_64

 Timestamp is 64218cfb (Mon Mar 27 13:32:59 2023)

 Preferred load address is 0000000180000000

 Start         Length     Name                   Class
 0001:00000000 000003c0H .text$di                CODE
 0001:000003c0 00028c90H .text$mn                CODE
 0001:00029050 00000036H .text$mn$00             CODE
 0001:00029086 00000092H .text$x                 CODE
 0002:00000000 00000180H .idata$5                DATA
 0002:00000180 00000038H .00cfg                  DATA
 0002:000001b8 00000008H .CRT$XCA                DATA
 0002:000001c0 000001e0H .CRT$XCU                DATA
 0002:000003a0 00000008H .CRT$XCZ                DATA
 0002:000003a8 00000008H .CRT$XIA                DATA
 0002:000003b0 00000008H .CRT$XIZ                DATA
 0002:000003b8 00000008H .CRT$XPA                DATA
 0002:000003c0 00000008H .CRT$XPZ                DATA
 0002:000003c8 00000008H .CRT$XTA                DATA
 0002:000003d0 00000010H .CRT$XTZ                DATA
 0002:000003d8 00000000H .gehcont$y              DATA
 0002:000003d8 00000000H .gfids$y                DATA
 0002:000003e0 00001da0H .rdata                  DATA
 0002:00002180 00000000H .rdata$CastGuardVftablesA DATA
 0002:00002180 00000000H .rdata$CastGuardVftablesC DATA
 0002:00002180 00000074H .rdata$r                DATA
 0002:000021f4 000000a4H .rdata$voltmd           DATA
 0002:00002298 000003c0H .rdata$zzzdbg           DATA
 0002:00002658 00000008H .rtc$IAA                DATA
 0002:00002660 00000008H .rtc$IZZ                DATA
 0002:00002668 00000008H .rtc$TAA                DATA
 0002:00002670 00000008H .rtc$TZZ                DATA
 0002:00002678 00002ef0H .xdata                  DATA
 0002:00005568 00000040H .didat$2                DATA
 0002:000055a8 00000020H .didat$3                DATA
 0002:000055c8 00000188H .didat$4                DATA
 0002:00005750 00000950H .didat$6                DATA
 0002:000060a0 00000190H .didat$7                DATA
 0002:00006230 00001d00H .edata                  DATA
 0002:00007f30 00000078H .idata$2                DATA
 0002:00007fa8 00000018H .idata$3                DATA
 0002:00007fc0 00000180H .idata$4                DATA
 0002:00008140 000003d4H .idata$6                DATA
 0003:00000000 00000070H .data                   DATA
 0003:00000070 00000598H .data$r                 DATA
 0003:00000608 00000020H .data$rs                DATA
 0003:00000628 00000188H .didat$5                DATA
 0003:000007b0 00000490H .bss                    DATA
 0004:00000000 00001fa4H .pdata                  DATA
 0005:00000000 00002208H _RDATA                  DATA
 0006:00000000 000000a0H .rsrc$01                DATA
 0006:000000a0 000004b0H .rsrc$02                DATA

  Address         Publics by Value              Rva+Base               Lib:Object

 0000:00000000       __AbsoluteZero             0000000000000000     <absolute>
 0000:00000000       ___safe_se_handler_count   0000000000000000     <absolute>
 0000:00000000       ___safe_se_handler_table   0000000000000000     <absolute>
 0000:00000000       __arm64x_extra_rfe_table   0000000000000000     <absolute>
 0000:00000000       __arm64x_extra_rfe_table_size 0000000000000000     <absolute>
 0000:00000000       __arm64x_native_entrypoint 0000000000000000     <absolute>
 0000:00000000       __arm64x_redirection_metadata 0000000000000000     <absolute>
 0000:00000000       __arm64x_redirection_metadata_count 0000000000000000     <absolute>
 0000:00000000       __dynamic_value_reloc_table 0000000000000000     <absolute>
 0000:00000000       __enclave_config           0000000000000000     <absolute>
 0000:00000000       __guard_check_icall_a64n_fptr 0000000000000000     <absolute>
 0000:00000000       __guard_eh_cont_count      0000000000000000     <absolute>
 0000:00000000       __guard_eh_cont_table      0000000000000000     <absolute>
 0000:00000000       __guard_fids_count         0000000000000000     <absolute>
 0000:00000000       __guard_fids_table         0000000000000000     <absolute>
 0000:00000000       __guard_iat_count          0000000000000000     <absolute>
 0000:00000000       __guard_iat_table          0000000000000000     <absolute>
 0000:00000000       __guard_longjmp_count      0000000000000000     <absolute>
 0000:00000000       __guard_longjmp_table      0000000000000000     <absolute>
 0000:00000000       __hybrid_auxiliary_iat     0000000000000000     <absolute>
 0000:00000000       __hybrid_auxiliary_iat_copy 0000000000000000     <absolute>
 0000:00000000       __hybrid_code_map          0000000000000000     <absolute>
 0000:00000000       __hybrid_code_map_count    0000000000000000     <absolute>
 0000:00000000       __x64_code_ranges_to_entry_points 0000000000000000     <absolute>
 0000:00000000       __x64_code_ranges_to_entry_points_count 0000000000000000     <absolute>
 0000:00000100       __guard_flags              0000000000000100     <absolute>
 0000:00000000       __ImageBase                0000000180000000     <linker-defined>
 0001:000003c0       ??$?_UV?$ReflectionAllocator@VAdjTriangle@physx@@@shdfnd@physx@@@UserAllocated@shdfnd@physx@@SAPEAX_KV?$ReflectionAllocator@VAdjTriangle@physx@@@12@PEBDH@Z 00000001800013c0 f i Adjacencies.obj
 0001:00000460       ??0AdjacenciesBuilder@physx@@QEAA@XZ 0000000180001460 f   Adjacencies.obj
 0001:00000470       ??0AABBTreeBuildNode@Gu@physx@@QEAA@XZ 0000000180001470 f i BVHStructureBuilder.obj
 0001:00000470       ??0Allocator@shdfnd@physx@@QEAA@PEBD@Z 0000000180001470 f i Adjacencies.obj
 0001:00000470       ??0BigConvexData@physx@@QEAA@W4PxEMPTY@1@@Z 0000000180001470 f i BigConvexDataBuilder.obj
 0001:00000470       ??0Box@Gu@physx@@QEAA@XZ   0000000180001470 f i ConvexHullUtils.obj
 0001:00000470       ??0HeightFieldData@Gu@physx@@QEAA@W4PxEMPTY@2@@Z 0000000180001470 f i Cooking.obj
 0001:00000470       ??4Allocator@shdfnd@physx@@QEAAAEAV012@$$QEAV012@@Z 0000000180001470 f i Adjacencies.obj
 0001:00000470       ??4Allocator@shdfnd@physx@@QEAAAEAV012@AEBV012@@Z 0000000180001470 f i Adjacencies.obj
 0001:00000470       ??4MutexImpl@shdfnd@physx@@QEAAAEAV012@AEBV012@@Z 0000000180001470 f i Adjacencies.obj
 0001:00000470       ??4PxFoundation@physx@@QEAAAEAV01@AEBV01@@Z 0000000180001470 f i Adjacencies.obj
 0001:00000470       ?getAABB@AABBTreeBuildNode@Gu@physx@@QEBAAEBVPxBounds3@3@XZ 0000000180001470 f i BVHStructureBuilder.obj
 0001:00000470       ?getPaddedBounds@HeightFieldData@Gu@physx@@QEBAAEBVCenterExtentsPadded@23@XZ 0000000180001470 f i Cooking.obj
 0001:00000480       ??0PxFoundation@physx@@QEAA@AEBV01@@Z 0000000180001480 f i Adjacencies.obj
 0001:00000480       ??0PxFoundation@physx@@QEAA@XZ 0000000180001480 f i Adjacencies.obj
 0001:00000490       ??1Adjacencies@physx@@QEAA@XZ 0000000180001490 f   Adjacencies.obj
 0001:00000500       ??1AdjacenciesBuilder@physx@@QEAA@XZ 0000000180001500 f   Adjacencies.obj
 0001:00000510       ??1PxFoundation@physx@@MEAA@XZ 0000000180001510 f i Adjacencies.obj
 0001:00000520       ??_EPxFoundation@physx@@MEAAPEAXI@Z 0000000180001520 f i Adjacencies.obj
 0001:000005b0       ??1AABBTreeBuildNode@Gu@physx@@QEAA@XZ 00000001800015b0 f i BVHStructureBuilder.obj
 0001:000005b0       ??1BigConvexDataBuilder@physx@@QEAA@XZ 00000001800015b0 f i BigConvexDataBuilder.obj
 0001:000005b0       ??1Box@Gu@physx@@QEAA@XZ   00000001800015b0 f i ConvexHullUtils.obj
 0001:000005b0       ??1HeightFieldData@Gu@physx@@QEAA@XZ 00000001800015b0 f i Cooking.obj
 0001:000005b0       ??_FAllocator@shdfnd@physx@@QEAAXXZ 00000001800015b0 f i Adjacencies.obj
 0001:000005b0       ?onMeshIndexFormatChange@TriangleMeshBuilder@physx@@UEAAXXZ 00000001800015b0 f i TriangleMeshBuilder.obj
 0001:000005b0       _guard_check_icall_nop     00000001800015b0 f i MSVCRT:guard_support.obj
 0001:000006c0       ?ComputeNbBoundaryEdges@Adjacencies@physx@@QEBAIXZ 00000001800016c0 f   Adjacencies.obj
 0001:000009a0       ?GetNbHits@RadixSort@Cm@physx@@QEBAIXZ 00000001800019a0 f i Adjacencies.obj
 0001:000009b0       ?GetNbTotalCalls@RadixSort@Cm@physx@@QEBAIXZ 00000001800019b0 f i Adjacencies.obj
 0001:000009c0       ?GetRanks@RadixSort@Cm@physx@@QEBAPEBIXZ 00000001800019c0 f i Adjacencies.obj
 0001:000009c0       ?getErrorCallback@Foundation@shdfnd@physx@@UEAAAEAVPxErrorCallback@3@XZ 00000001800019c0 f i Adjacencies.obj
 0001:000009d0       ?GetRecyclable@RadixSort@Cm@physx@@QEBAPEAIXZ 00000001800019d0 f i Adjacencies.obj
 0001:000009d0       ?GetValencies@BigConvexData@physx@@QEBAPEBUValency@Gu@2@XZ 00000001800019d0 f i BigConvexDataBuilder.obj
 0001:000009d0       ?getPos@AABBTreeBuildNode@Gu@physx@@QEBAPEBV123@XZ 00000001800019d0 f i BVHStructureBuilder.obj
 0001:000009e0       ?Init@AdjacenciesBuilder@physx@@QEAA_NAEBUADJACENCIESCREATE@2@@Z 00000001800019e0 f   Adjacencies.obj
 0001:00000f20       ?getAllocator@Foundation@shdfnd@physx@@QEAAAEAVPxAllocatorCallback@3@XZ 0000000180001f20 f i Adjacencies.obj
 0001:00000f30       ?getAllocatorCallback@Foundation@shdfnd@physx@@UEAAAEAVPxAllocatorCallback@3@XZ 0000000180001f30 f i Adjacencies.obj
 0001:00000f40       ?getErrorLevel@Foundation@shdfnd@physx@@UEBA?AW4Enum@PxErrorCode@3@XZ 0000000180001f40 f i Adjacencies.obj
 0001:00000f50       ?getInternalErrorCallback@Foundation@shdfnd@physx@@QEAAAEAVPxErrorCallback@3@XZ 0000000180001f50 f i Adjacencies.obj
 0001:00000f60       ?getNamedAllocMap@Foundation@shdfnd@physx@@QEAAAEAV?$HashMap@PEBVNamedAllocator@shdfnd@physx@@PEBDU?$Hash@PEBVNamedAllocator@shdfnd@physx@@@23@VNonTrackingAllocator@23@@23@XZ 0000000180001f60 f i Adjacencies.obj
 0001:00000f70       ?getNamedAllocMutex@Foundation@shdfnd@physx@@QEAAAEAV?$MutexT@VAllocator@shdfnd@physx@@@23@XZ 0000000180001f70 f i Adjacencies.obj
 0001:00000f80       ?getReportAllocationNames@Foundation@shdfnd@physx@@UEBA_NXZ 0000000180001f80 f i Adjacencies.obj
 0001:00000f90       ?getTempAllocFreeTable@Foundation@shdfnd@physx@@QEAAAEAV?$Array@PEATTempAllocatorChunk@shdfnd@physx@@VAllocator@23@@23@XZ 0000000180001f90 f i Adjacencies.obj
 0001:00000fa0       ?getTempAllocMutex@Foundation@shdfnd@physx@@QEAAAEAV?$MutexT@VAllocator@shdfnd@physx@@@23@XZ 0000000180001fa0 f i Adjacencies.obj
 0001:00000fb0       ?invalidateRanks@RadixSort@Cm@physx@@QEAAXXZ 0000000180001fb0 f i Adjacencies.obj
 0001:00000fc0       ?setErrorLevel@Foundation@shdfnd@physx@@UEAAXW4Enum@PxErrorCode@3@@Z 0000000180001fc0 f i Adjacencies.obj
 0001:00000fd0       ?setReportAllocationNames@Foundation@shdfnd@physx@@UEAAX_N@Z 0000000180001fd0 f i Adjacencies.obj
 0001:00000fe0       ??0DebugText@Cm@physx@@QEAA@$$QEAU012@@Z 0000000180001fe0 f i Cooking.obj
 0001:00000fe0       ??0DebugText@Cm@physx@@QEAA@AEBU012@@Z 0000000180001fe0 f i Cooking.obj
 0001:000010c0       ??0HeightFieldData@Gu@physx@@QEAA@$$QEAU012@@Z 00000001800020c0 f i Cooking.obj
 0001:000010c0       ??0HeightFieldData@Gu@physx@@QEAA@AEBU012@@Z 00000001800020c0 f i Cooking.obj
 0001:000010c0       ??4HeightFieldData@Gu@physx@@QEAAAEAU012@$$QEAU012@@Z 00000001800020c0 f i Cooking.obj
 0001:000010c0       ??4HeightFieldData@Gu@physx@@QEAAAEAU012@AEBU012@@Z 00000001800020c0 f i Cooking.obj
 0001:00001120       ??0HeightFieldData@Gu@physx@@QEAA@XZ 0000000180002120 f i Cooking.obj
 0001:00001130       ??0RenderOutput@Cm@physx@@QEAA@AEAVRenderBuffer@12@@Z 0000000180002130 f i Cooking.obj
 0001:00001180       ??0RenderOutput@Cm@physx@@QEAA@AEBV012@@Z 0000000180002180 f i Cooking.obj
 0001:00001220       ??1PxConvexMesh@physx@@MEAA@XZ 0000000180002220 f i Cooking.obj
 0001:00001220       ??1PxHeightField@physx@@MEAA@XZ 0000000180002220 f i Cooking.obj
 0001:00001230       ??4DebugText@Cm@physx@@QEAAAEAU012@$$QEAU012@@Z 0000000180002230 f i Cooking.obj
 0001:00001230       ??4DebugText@Cm@physx@@QEAAAEAU012@AEBU012@@Z 0000000180002230 f i Cooking.obj
 0001:00001360       ??4FPUGuard@shdfnd@physx@@QEAAAEAV012@AEBV012@@Z 0000000180002360 f i Cooking.obj
 0001:00001380       ??_ECooking@physx@@UEAAPEAXI@Z 0000000180002380 f i Cooking.obj
 0001:00001380       ??_GCooking@physx@@UEAAPEAXI@Z 0000000180002380 f i Cooking.obj
 0001:000013d0       ??_EPxBase@physx@@MEAAPEAXI@Z 00000001800023d0 f i Cooking.obj
 0001:000013d0       ??_GPxBase@physx@@MEAAPEAXI@Z 00000001800023d0 f i Cooking.obj
 0001:00001400       ??_EPxCooking@physx@@MEAAPEAXI@Z 0000000180002400 f i Cooking.obj
 0001:00001400       ??_GPxCooking@physx@@MEAAPEAXI@Z 0000000180002400 f i Cooking.obj
 0001:00001430       ?allocate@?$Array@UPxDebugLine@physx@@V?$ReflectionAllocator@UPxDebugLine@physx@@@shdfnd@2@@shdfnd@physx@@IEAAPEAUPxDebugLine@3@I@Z 0000000180002430 f i Cooking.obj
 0001:000014d0       ?computeHullPolygons@Cooking@physx@@UEBA_NAEBVPxSimpleTriangleMesh@2@AEAVPxAllocatorCallback@2@AEAIAEAPEAVPxVec3@2@2AEAPEAI2AEAPEAUPxHullPolygon@2@@Z 00000001800024d0 f   Cooking.obj
 0001:000016b0       ?cookBVHStructure@Cooking@physx@@UEBA_NAEBVPxBVHStructureDesc@2@AEAVPxOutputStream@2@@Z 00000001800026b0 f   Cooking.obj
 0001:00001760       ?cookConvexMesh@Cooking@physx@@UEBA_NAEBVPxConvexMeshDesc@2@AEAVPxOutputStream@2@PEAW4Enum@PxConvexMeshCookingResult@2@@Z 0000000180002760 f   Cooking.obj
 0001:00001940       ?cookConvexMeshInternal@Cooking@physx@@AEBA_NAEBVPxConvexMeshDesc@2@AEAVConvexMeshBuilder@2@PEAVConvexHullLib@2@PEAW4Enum@PxConvexMeshCookingResult@2@@Z 0000000180002940 f   Cooking.obj
 0001:00001bb0       ?cookHeightField@Cooking@physx@@UEBA_NAEBVPxHeightFieldDesc@2@AEAVPxOutputStream@2@@Z 0000000180002bb0 f   Cooking.obj
 0001:00001c80       ?cookTriangleMesh@Cooking@physx@@UEBA_NAEBVPxTriangleMeshDesc@2@AEAVPxOutputStream@2@PEAW4Enum@PxTriangleMeshCookingResult@2@@Z 0000000180002c80 f   Cooking.obj
 0001:00001dc0       ?copy@?$Array@UPxDebugLine@physx@@V?$ReflectionAllocator@UPxDebugLine@physx@@@shdfnd@2@@shdfnd@physx@@KAXPEAUPxDebugLine@3@0PEBU43@@Z 0000000180002dc0 f i Cooking.obj
 0001:00001f70       ?createBVHStructure@Cooking@physx@@UEBAPEAVPxBVHStructure@2@AEBVPxBVHStructureDesc@2@AEAVPxPhysicsInsertionCallback@2@@Z 0000000180002f70 f   Cooking.obj
 0001:00002020       ?createConvexMesh@Cooking@physx@@UEBAPEAVPxConvexMesh@2@AEBVPxConvexMeshDesc@2@AEAVPxPhysicsInsertionCallback@2@PEAW4Enum@PxConvexMeshCookingResult@2@@Z 0000000180003020 f   Cooking.obj
 0001:00002220       ?createHeightField@Cooking@physx@@UEBAPEAVPxHeightField@2@AEBVPxHeightFieldDesc@2@AEAVPxPhysicsInsertionCallback@2@@Z 0000000180003220 f   Cooking.obj
 0001:00002380       ?createTriangleMesh@Cooking@physx@@UEBAPEAVPxTriangleMesh@2@AEBVPxTriangleMeshDesc@2@AEAVPxPhysicsInsertionCallback@2@PEAW4Enum@PxTriangleMeshCookingResult@2@@Z 0000000180003380 f   Cooking.obj
 0001:000024d0       ?getConcreteTypeName@PxConvexMesh@physx@@UEBAPEBDXZ 00000001800034d0 f i Cooking.obj
 0001:000024e0       ?getConcreteTypeName@PxHeightField@physx@@UEBAPEBDXZ 00000001800034e0 f i Cooking.obj
 0001:000024f0       ?getConvexEdgeThreshold@HeightField@Gu@physx@@UEBAMXZ 00000001800034f0 f i Cooking.obj
 0001:00002500       ?getFlags@HeightField@Gu@physx@@UEBA?AV?$PxFlags@W4Enum@PxHeightFieldFlag@physx@@G@3@XZ 0000000180003500 f i Cooking.obj
 0001:00002510       ?getFormat@HeightField@Gu@physx@@UEBA?AW4Enum@PxHeightFieldFormat@3@XZ 0000000180003510 f i Cooking.obj
 0001:00002520       ?getHeight@HeightField@Gu@physx@@UEBAMMM@Z 0000000180003520 f i Cooking.obj
 0001:00002560       ?getHeightInternal2@HeightField@Gu@physx@@QEBAMIMM@Z 0000000180003560 f i Cooking.obj
 0001:000026d0       ?getIndexBuffer@ConvexMesh@Gu@physx@@UEBAPEBEXZ 00000001800036d0 f i Cooking.obj
 0001:00002710       ?getNbColumns@HeightField@Gu@physx@@UEBAIXZ 0000000180003710 f i Cooking.obj
 0001:00002720       ?getNbPolygons@ConvexMesh@Gu@physx@@UEBAIXZ 0000000180003720 f i Cooking.obj
 0001:00002730       ?getNbRows@HeightField@Gu@physx@@UEBAIXZ 0000000180003730 f i Cooking.obj
 0001:00002740       ?getNbVertices@ConvexMesh@Gu@physx@@UEBAIXZ 0000000180003740 f i Cooking.obj
 0001:00002750       ?getDenormalizeScale@QuantizerImpl@@UEBAAEBVPxVec3@physx@@XZ 0000000180003750 f   Quantizer.obj
 0001:00002750       ?getParams@Cooking@physx@@UEBAAEBUPxCookingParams@2@XZ 0000000180003750 f   Cooking.obj
 0001:00002760       ?getSample@HeightField@Gu@physx@@UEBAAEBUPxHeightFieldSample@3@II@Z 0000000180003760 f i Cooking.obj
 0001:00002770       ?getSampleStride@HeightField@Gu@physx@@UEBAIXZ 0000000180003770 f i Cooking.obj
 0001:00002780       ?getTimestamp@HeightField@Gu@physx@@UEBAIXZ 0000000180003780 f i Cooking.obj
 0001:00002790       ?getTriangleMaterialIndex@HeightField@Gu@physx@@UEBAGI@Z 0000000180003790 f i Cooking.obj
 0001:000027c0       ?getTriangleNormal@HeightField@Gu@physx@@UEBA?AVPxVec3@3@I@Z 00000001800037c0 f i Cooking.obj
 0001:000027e0       ?getTriangleNormalInternal@HeightField@Gu@physx@@QEBA?AVPxVec3@3@I@Z 00000001800037e0 f i Cooking.obj
 0001:00002930       ?getVertices@ConvexMesh@Gu@physx@@UEBAPEBVPxVec3@3@XZ 0000000180003930 f i Cooking.obj
 0001:00002950       ?isKindOf@PxBase@physx@@MEBA_NPEBD@Z 0000000180003950 f i Cooking.obj
 0001:00002980       ?isKindOf@PxConvexMesh@physx@@MEBA_NPEBD@Z 0000000180003980 f i Cooking.obj
 0001:000029d0       ?isKindOf@PxHeightField@physx@@MEBA_NPEBD@Z 00000001800039d0 f i Cooking.obj
 0001:00002a20       ?isReleasable@PxBase@physx@@UEBA_NXZ 0000000180003a20 f i Cooking.obj
 0001:00002a30       ?outputSegment@RenderOutput@Cm@physx@@QEAAXAEBVPxVec3@3@0@Z 0000000180003a30 f i Cooking.obj
 0001:00002af0       ?platformMismatch@Cooking@physx@@UEBA_NXZ 0000000180003af0 f   Cooking.obj
 0001:00002b00       ?preExportDataReset@ConvexMesh@Gu@physx@@QEAAXXZ 0000000180003b00 f i Cooking.obj
 0001:00002b00       ?preExportDataReset@HeightField@Gu@physx@@QEAAXXZ 0000000180003b00 f i Cooking.obj
 0001:00002b10       ?recreate@?$Array@UPxDebugLine@physx@@V?$ReflectionAllocator@UPxDebugLine@physx@@@shdfnd@2@@shdfnd@physx@@IEAAXI@Z 0000000180003b10 f i Cooking.obj
 0001:00002ba0       ?release@Cooking@physx@@UEAAXXZ 0000000180003ba0 f   Cooking.obj
 0001:00002bc0       ?reserveSegments@RenderOutput@Cm@physx@@QEAAPEAUPxDebugLine@3@I@Z 0000000180003bc0 f i Cooking.obj
 0001:00002c20       ?setParams@Cooking@physx@@UEAAXAEBUPxCookingParams@2@@Z 0000000180003c20 f   Cooking.obj
 0001:00002c80       ?validateConvexMesh@Cooking@physx@@UEBA_NAEBVPxConvexMeshDesc@2@@Z 0000000180003c80 f   Cooking.obj
 0001:00002ce0       ?validateTriangleMesh@Cooking@physx@@UEBA_NAEBVPxTriangleMeshDesc@2@@Z 0000000180003ce0 f   Cooking.obj
 0001:00002df0       PxCreateCooking            0000000180003df0 f   Cooking.obj
 0001:00002ee0       ??0ReducedVertexCloud@physx@@QEAA@PEBVPxVec3@1@I@Z 0000000180003ee0 f   CookingUtils.obj
 0001:00002f00       ??1ReducedVertexCloud@physx@@QEAA@XZ 0000000180003f00 f   CookingUtils.obj
 0001:00002f10       ?Clean@ReducedVertexCloud@physx@@QEAAAEAV12@XZ 0000000180003f10 f   CookingUtils.obj
 0001:00002f80       ?Reduce@ReducedVertexCloud@physx@@QEAA_NPEAUREDUCEDCLOUD@2@@Z 0000000180003f80 f   CookingUtils.obj
 0001:000032c0       ??$?_UI@@YAPEAX_KV?$ReflectionAllocator@I@shdfnd@physx@@PEBDH@Z 00000001800042c0 f i EdgeList.obj
 0001:00003360       ??0EdgeListBuilder@Gu@physx@@QEAA@XZ 0000000180004360 f   EdgeList.obj
 0001:00003380       ??1EdgeList@Gu@physx@@QEAA@XZ 0000000180004380 f   EdgeList.obj
 0001:00003420       ??1EdgeListBuilder@Gu@physx@@QEAA@XZ 0000000180004420 f   EdgeList.obj
 0001:00003430       ?computeActiveEdges@EdgeListBuilder@Gu@physx@@AEAA_NIPEBIPEBGPEBVPxVec3@3@M@Z 0000000180004430 f   EdgeList.obj
 0001:00004a40       ?createEdgesToFaces@EdgeListBuilder@Gu@physx@@AEAA_NIPEBIPEBG@Z 0000000180005a40 f   EdgeList.obj
 0001:00004ca0       ?createFacesToEdges@EdgeListBuilder@Gu@physx@@AEAA_NIPEBIPEBG@Z 0000000180005ca0 f   EdgeList.obj
 0001:000050e0       ?init@EdgeListBuilder@Gu@physx@@QEAA_NAEBUEDGELISTCREATE@23@@Z 00000001800060e0 f   EdgeList.obj
 0001:00005200       ??0MeshCleaner@physx@@QEAA@IPEBVPxVec3@1@IPEBIM@Z 0000000180006200 f   MeshCleaner.obj
 0001:00005b70       ??1MeshCleaner@physx@@QEAA@XZ 0000000180006b70 f   MeshCleaner.obj
 0001:00005c00       ??$kmeans_cluster@VPxVec3@physx@@M@@YAIPEBVPxVec3@physx@@IIPEAV01@PEAIMM@Z 0000000180006c00 f i Quantizer.obj
 0001:000065c0       ??_EQuantizer@physx@@MEAAPEAXI@Z 00000001800075c0 f i Quantizer.obj
 0001:000065c0       ??_GQuantizer@physx@@MEAAPEAXI@Z 00000001800075c0 f i Quantizer.obj
 0001:000065f0       ??_EQuantizerImpl@@EEAAPEAXI@Z 00000001800075f0 f i Quantizer.obj
 0001:000065f0       ??_GQuantizerImpl@@EEAAPEAXI@Z 00000001800075f0 f i Quantizer.obj
 0001:000066c0       ?createQuantizer@physx@@YAPEAVQuantizer@1@XZ 00000001800076c0 f   Quantizer.obj
 0001:00006770       ?getDenormalizeCenter@QuantizerImpl@@UEBAAEBVPxVec3@physx@@XZ 0000000180007770 f i Quantizer.obj
 0001:00006780       ?growAndPushBack@?$Array@VPxVec3@physx@@V?$ReflectionAllocator@VPxVec3@physx@@@shdfnd@2@@shdfnd@physx@@IEAAAEAVPxVec3@3@AEBV43@@Z 0000000180007780 f i Quantizer.obj
 0001:00006960       ?kmeansQuantize3D@QuantizerImpl@@UEAAPEBVPxVec3@physx@@IPEBV23@I_NIAEAI@Z 0000000180007960 f i Quantizer.obj
 0001:00006bc0       ?normalizeInput@QuantizerImpl@@AEAAXIPEBVPxVec3@physx@@I@Z 0000000180007bc0 f i Quantizer.obj
 0001:00007010       ?release@QuantizerImpl@@UEAAXXZ 0000000180008010 f i Quantizer.obj
 0001:00007030       ??$copy@V?$ReflectionAllocator@USlab@NodeAllocator@Gu@physx@@@shdfnd@physx@@@?$Array@USlab@NodeAllocator@Gu@physx@@V?$ReflectionAllocator@USlab@NodeAllocator@Gu@physx@@@shdfnd@4@@shdfnd@physx@@IEAAXAEBV012@@Z 0000000180008030 f i BVHStructureBuilder.obj
 0001:000070b0       ??0AABBTreeBuildNode@Gu@physx@@QEAA@AEBV012@@Z 00000001800080b0 f i BVHStructureBuilder.obj
 0001:000070b0       ??4AABBTreeBuildNode@Gu@physx@@QEAAAEAV012@AEBV012@@Z 00000001800080b0 f i BVHStructureBuilder.obj
 0001:000070f0       ??0AABBTreeBuildParams@Gu@physx@@QEAA@IIPEBVPxBounds3@2@@Z 00000001800080f0 f i BVHStructureBuilder.obj
 0001:00007110       ??0BVHStructureBuilder@physx@@QEAA@XZ 0000000180008110 f   BVHStructureBuilder.obj
 0001:00007130       ??0BuildStats@Gu@physx@@QEAA@XZ 0000000180008130 f i BVHStructureBuilder.obj
 0001:00007140       ??0NodeAllocator@Gu@physx@@QEAA@AEBV012@@Z 0000000180008140 f i BVHStructureBuilder.obj
 0001:00007180       ??1AABBTreeBuildParams@Gu@physx@@QEAA@XZ 0000000180008180 f i BVHStructureBuilder.obj
 0001:00007180       ?reset@AABBTreeBuildParams@Gu@physx@@QEAAXXZ 0000000180008180 f i BVHStructureBuilder.obj
 0001:000071e0       ??1BVHStructureBuilder@physx@@QEAA@XZ 00000001800081e0 f   BVHStructureBuilder.obj
 0001:00007260       ??4AABBTreeBuildParams@Gu@physx@@QEAAAEAV012@AEBV012@@Z 0000000180008260 f i BVHStructureBuilder.obj
 0001:00007280       ??4BuildStats@Gu@physx@@QEAAAEAU012@$$QEAU012@@Z 0000000180008280 f i BVHStructureBuilder.obj
 0001:00007290       ??4BuildStats@Gu@physx@@QEAAAEAU012@AEBU012@@Z 0000000180008290 f i BVHStructureBuilder.obj
 0001:000072a0       ??4NodeAllocator@Gu@physx@@QEAAAEAV012@AEBV012@@Z 00000001800082a0 f i BVHStructureBuilder.obj
 0001:00007350       ??_FAABBTreeBuildParams@Gu@physx@@QEAAXXZ 0000000180008350 f i BVHStructureBuilder.obj
 0001:00007370       ??_V@YAXPEAX_K@Z           0000000180008370 f i MSVCRT:delete_array_size.obj
 0001:00007370       ?__global_delete@@YAXPEAX_K@Z 0000000180008370 f i BVHStructureBuilder.obj
 0001:00007380       ?allocate@?$Array@USlab@NodeAllocator@Gu@physx@@V?$ReflectionAllocator@USlab@NodeAllocator@Gu@physx@@@shdfnd@4@@shdfnd@physx@@IEAAPEAUSlab@NodeAllocator@Gu@3@I@Z 0000000180008380 f i BVHStructureBuilder.obj
 0001:00007420       ?flatten@@YAXAEBVNodeAllocator@Gu@physx@@PEAUBVHNode@23@@Z 0000000180008420 f   BVHStructureBuilder.obj
 0001:000075f0       ?getCount@BuildStats@Gu@physx@@QEBAIXZ 00000001800085f0 f i BVHStructureBuilder.obj
 0001:00007600       ?getNbPrimitives@AABBTreeBuildNode@Gu@physx@@QEBAIXZ 0000000180008600 f i BVHStructureBuilder.obj
 0001:00007600       ?getNbRuntimePrimitives@AABBTreeBuildNode@Gu@physx@@QEBAIXZ 0000000180008600 f i BVHStructureBuilder.obj
 0001:00007610       ?getNeg@AABBTreeBuildNode@Gu@physx@@QEBAPEBV123@XZ 0000000180008610 f i BVHStructureBuilder.obj
 0001:00007630       ?getPrimitives@AABBTreeBuildNode@Gu@physx@@QEAAPEAIPEAI@Z 0000000180008630 f i BVHStructureBuilder.obj
 0001:00007630       ?getPrimitives@AABBTreeBuildNode@Gu@physx@@QEBAPEBIPEBI@Z 0000000180008630 f i BVHStructureBuilder.obj
 0001:00007640       ?increaseCount@BuildStats@Gu@physx@@QEAAXI@Z 0000000180008640 f i BVHStructureBuilder.obj
 0001:00007650       ?isLeaf@AABBTreeBuildNode@Gu@physx@@QEBA_NXZ 0000000180008650 f i BVHStructureBuilder.obj
 0001:00007660       ?loadFromDesc@BVHStructureBuilder@physx@@QEAA_NAEBVPxBVHStructureDesc@2@@Z 0000000180008660 f   BVHStructureBuilder.obj
 0001:00007970       ?moveData@BVHStructureBuilder@physx@@QEAAXAEAUBVHStructureData@Gu@2@@Z 0000000180008970 f   BVHStructureBuilder.obj
 0001:000079b0       ?recreate@?$Array@USlab@NodeAllocator@Gu@physx@@V?$ReflectionAllocator@USlab@NodeAllocator@Gu@physx@@@shdfnd@4@@shdfnd@physx@@IEAAXI@Z 00000001800089b0 f i BVHStructureBuilder.obj
 0001:00007a60       ?reset@BuildStats@Gu@physx@@QEAAXXZ 0000000180008a60 f i BVHStructureBuilder.obj
 0001:00007a70       ?save@BVHStructureBuilder@physx@@QEBA_NAEAVPxOutputStream@2@_N@Z 0000000180008a70 f   BVHStructureBuilder.obj
 0001:00007bf0       ?setCount@BuildStats@Gu@physx@@QEAAXI@Z 0000000180008bf0 f i BVHStructureBuilder.obj
 0001:00007c00       ?setNbRunTimePrimitives@AABBTreeBuildNode@Gu@physx@@QEAAXI@Z 0000000180008c00 f i BVHStructureBuilder.obj
 0001:00007c10       ?saveHeightField@physx@@YA_NAEBVHeightField@Gu@1@AEAVPxOutputStream@1@_N@Z 0000000180008c10 f   HeightFieldCooking.obj
 0001:00007e50       ??$quickSelectFirstK@UBoundsLTE@physx@@@quickSelect@physx@@YAXPEIAIIIIAEBUBoundsLTE@1@@Z 0000000180008e50 f i RTreeCooking.obj
 0001:00008030       ??$smallSort@I$$CBUSortBoundsPredicate@physx@@@internal@shdfnd@physx@@YAXPEAIHHAEBUSortBoundsPredicate@2@@Z 0000000180009030 f i RTreeCooking.obj
 0001:000082d0       ??$sort@IU?$Less@I@shdfnd@physx@@V?$ReflectionAllocator@I@23@@shdfnd@physx@@YAXPEAIIAEBU?$Less@I@01@AEBV?$ReflectionAllocator@I@01@I@Z 00000001800092d0 f i RTreeCooking.obj
 0001:00008710       ??$sort@IUSortBoundsPredicate@physx@@V?$ReflectionAllocator@I@shdfnd@2@@shdfnd@physx@@YAXPEAIIAEBUSortBoundsPredicate@1@AEBV?$ReflectionAllocator@I@01@I@Z 0000000180009710 f i RTreeCooking.obj
 0001:00008bc0       ?allocate@?$Array@UInterval@physx@@V?$InlineAllocator@$0CAAA@V?$ReflectionAllocator@UInterval@physx@@@shdfnd@physx@@@shdfnd@2@@shdfnd@physx@@IEAAPEAUInterval@3@I@Z 0000000180009bc0 f i RTreeCooking.obj
 0001:00008c80       ?allocate@?$Array@UPxBounds3V@physx@@V?$ReflectionAllocator@UPxBounds3V@physx@@@shdfnd@2@@shdfnd@physx@@IEAAPEAUPxBounds3V@3@I@Z 0000000180009c80 f i RTreeCooking.obj
 0001:00008d20       ?allocate@?$Array@URTreeNodeNQ@physx@@V?$ReflectionAllocator@URTreeNodeNQ@physx@@@shdfnd@2@@shdfnd@physx@@IEAAPEAURTreeNodeNQ@3@I@Z 0000000180009d20 f i RTreeCooking.obj
 0001:00008dc0       ?allocate@?$Array@URTreeNodeQ@Gu@physx@@V?$ReflectionAllocator@URTreeNodeQ@Gu@physx@@@shdfnd@3@@shdfnd@physx@@IEAAPEAURTreeNodeQ@Gu@3@I@Z 0000000180009dc0 f i RTreeCooking.obj
 0001:00008e60       ?allocate@?$Array@VPxVec3@physx@@V?$ReflectionAllocator@VPxVec3@physx@@@shdfnd@2@@shdfnd@physx@@IEAAPEAVPxVec3@3@I@Z 0000000180009e60 f i RTreeCooking.obj
 0001:00008f00       ?allocate@?$ReflectionAllocator@I@shdfnd@physx@@QEAAPEAX_KPEBDH@Z 0000000180009f00 f i RTreeCooking.obj
 0001:00009c00       ?buildFromTriangles@RTreeCooker@physx@@SAXAEAURTree@Gu@2@PEBVPxVec3@2@IPEBGPEBIIAEAV?$Array@IV?$ReflectionAllocator@I@shdfnd@physx@@@shdfnd@2@PEAURemapCallback@12@MW4Enum@PxMeshCookingHint@2@@Z 000000018000ac00 f   RTreeCooking.obj
 0001:00009ec0       ?copy@?$Array@URTreeNodeNQ@physx@@V?$ReflectionAllocator@URTreeNodeNQ@physx@@@shdfnd@2@@shdfnd@physx@@KAXPEAURTreeNodeNQ@3@0PEBU43@@Z 000000018000aec0 f i RTreeCooking.obj
 0001:0000a080       ?copy@?$Array@VPxVec3@physx@@V?$ReflectionAllocator@VPxVec3@physx@@@shdfnd@2@@shdfnd@physx@@KAXPEAVPxVec3@3@0PEBV43@@Z 000000018000b080 f i RTreeCooking.obj
 0001:0000a150       ?growAndPushBack@?$Array@IV?$ReflectionAllocator@I@shdfnd@physx@@@shdfnd@physx@@IEAAAEAIAEBI@Z 000000018000b150 f i RTreeCooking.obj
 0001:0000a220       ?growAndPushBack@?$Array@UInterval@physx@@V?$InlineAllocator@$0CAAA@V?$ReflectionAllocator@UInterval@physx@@@shdfnd@physx@@@shdfnd@2@@shdfnd@physx@@IEAAAEAUInterval@3@AEBU43@@Z 000000018000b220 f i RTreeCooking.obj
 0001:0000a300       ?growAndPushBack@?$Array@UPxBounds3V@physx@@V?$ReflectionAllocator@UPxBounds3V@physx@@@shdfnd@2@@shdfnd@physx@@IEAAAEAUPxBounds3V@3@AEBU43@@Z 000000018000b300 f i RTreeCooking.obj
 0001:0000a3d0       ?growAndPushBack@?$Array@URTreeNodeNQ@physx@@V?$ReflectionAllocator@URTreeNodeNQ@physx@@@shdfnd@2@@shdfnd@physx@@IEAAAEAURTreeNodeNQ@3@AEBU43@@Z 000000018000b3d0 f i RTreeCooking.obj
 0001:0000a4a0       ?growAndPushBack@?$Array@URTreeNodeQ@Gu@physx@@V?$ReflectionAllocator@URTreeNodeQ@Gu@physx@@@shdfnd@3@@shdfnd@physx@@IEAAAEAURTreeNodeQ@Gu@3@AEBU453@@Z 000000018000b4a0 f i RTreeCooking.obj
 0001:0000a580       ?recreate@?$Array@IV?$ReflectionAllocator@I@shdfnd@physx@@@shdfnd@physx@@IEAAXI@Z 000000018000b580 f i RTreeCooking.obj
 0001:0000a640       ?recreate@?$Array@UPxBounds3V@physx@@V?$ReflectionAllocator@UPxBounds3V@physx@@@shdfnd@2@@shdfnd@physx@@IEAAXI@Z 000000018000b640 f i RTreeCooking.obj
 0001:0000a6f0       ?recreate@?$Array@URTreeNodeNQ@physx@@V?$ReflectionAllocator@URTreeNodeNQ@physx@@@shdfnd@2@@shdfnd@physx@@IEAAXI@Z 000000018000b6f0 f i RTreeCooking.obj
 0001:0000a780       ?recreate@?$Array@URTreeNodeQ@Gu@physx@@V?$ReflectionAllocator@URTreeNodeQ@Gu@physx@@@shdfnd@3@@shdfnd@physx@@IEAAXI@Z 000000018000b780 f i RTreeCooking.obj
 0001:0000a840       ?recreate@?$Array@VPxVec3@physx@@V?$ReflectionAllocator@VPxVec3@physx@@@shdfnd@2@@shdfnd@physx@@IEAAXI@Z 000000018000b840 f i RTreeCooking.obj
 0001:0000a8d0       ?resize@?$Array@IV?$ReflectionAllocator@I@shdfnd@physx@@@shdfnd@physx@@QEAAXIAEBI@Z 000000018000b8d0 f i RTreeCooking.obj
 0001:0000a990       ?resizeUninitialized@?$Array@URTreeNodeNQ@physx@@V?$ReflectionAllocator@URTreeNodeNQ@physx@@@shdfnd@2@@shdfnd@physx@@QEAAXI@Z 000000018000b990 f i RTreeCooking.obj
 0001:0000a9d0       ?sort4@SubSortQuick@physx@@QEAAXPEIAIIAEAV?$Array@URTreeNodeNQ@physx@@V?$ReflectionAllocator@URTreeNodeNQ@physx@@@shdfnd@2@@shdfnd@2@AEAIAEAUPxBounds3V@2@I@Z 000000018000b9d0 f i RTreeCooking.obj
 0001:0000ad60       ?sort4@SubSortSAH@physx@@QEAAXPEAIIAEAV?$Array@URTreeNodeNQ@physx@@V?$ReflectionAllocator@URTreeNodeNQ@physx@@@shdfnd@2@@shdfnd@2@AEAIIPEAURTreeNodeNQ@2@@Z 000000018000bd60 f i RTreeCooking.obj
 0001:0000b5c0       ?split@SubSortSAH@physx@@QEAAIPEAII@Z 000000018000c5c0 f i RTreeCooking.obj
 0001:0000c030       ?computeLocalBounds@MeshBulider@physx@@IEAAXAEAVMeshDataBase@Gu@2@@Z 000000018000d030 f   MeshBuilder.obj
 0001:0000c0c0       ??$?_UG@@YAPEAX_KV?$ReflectionAllocator@G@shdfnd@physx@@PEBDH@Z 000000018000d0c0 f i TriangleMeshBuilder.obj
 0001:0000c160       ??$sort@UEdgeTriLookup@physx@@U?$Less@UEdgeTriLookup@physx@@@shdfnd@2@V?$ReflectionAllocator@UEdgeTriLookup@physx@@@42@@shdfnd@physx@@YAXPEAUEdgeTriLookup@1@IAEBU?$Less@UEdgeTriLookup@physx@@@01@AEBV?$ReflectionAllocator@UEdgeTriLookup@physx@@@01@I@Z 000000018000d160 f i TriangleMeshBuilder.obj
 0001:0000c6e0       ??0BV4TriangleMeshBuilder@physx@@QEAA@AEBUPxCookingParams@1@@Z 000000018000d6e0 f   TriangleMeshBuilder.obj
 0001:0000c7b0       ??0RTreeTriangleMeshBuilder@physx@@QEAA@AEBUPxCookingParams@1@@Z 000000018000d7b0 f   TriangleMeshBuilder.obj
 0001:0000c870       ??1BV4TriangleMeshBuilder@physx@@UEAA@XZ 000000018000d870 f   TriangleMeshBuilder.obj
 0001:0000c8d0       ??1MeshDataBase@Gu@physx@@UEAA@XZ 000000018000d8d0 f i TriangleMeshBuilder.obj
 0001:0000c9b0       ??1RTreeTriangleData@Gu@physx@@UEAA@XZ 000000018000d9b0 f i TriangleMeshBuilder.obj
 0001:0000ca20       ??1RTreeTriangleMeshBuilder@physx@@UEAA@XZ 000000018000da20 f   TriangleMeshBuilder.obj
 0001:0000ca50       ??1TriangleMeshBuilder@physx@@UEAA@XZ 000000018000da50 f   TriangleMeshBuilder.obj
 0001:0000cab0       ??1TriangleMeshData@Gu@physx@@UEAA@XZ 000000018000dab0 f i TriangleMeshBuilder.obj
 0001:0000cb80       ??_EBV4TriangleData@Gu@physx@@UEAAPEAXI@Z 000000018000db80 f i TriangleMeshBuilder.obj
 0001:0000cb80       ??_GBV4TriangleData@Gu@physx@@UEAAPEAXI@Z 000000018000db80 f i TriangleMeshBuilder.obj
 0001:0000cc00       ??_EBV4TriangleMeshBuilder@physx@@UEAAPEAXI@Z 000000018000dc00 f i TriangleMeshBuilder.obj
 0001:0000cc00       ??_GBV4TriangleMeshBuilder@physx@@UEAAPEAXI@Z 000000018000dc00 f i TriangleMeshBuilder.obj
 0001:0000cc80       ??_EMeshDataBase@Gu@physx@@UEAAPEAXI@Z 000000018000dc80 f i TriangleMeshBuilder.obj
 0001:0000cc80       ??_GMeshDataBase@Gu@physx@@UEAAPEAXI@Z 000000018000dc80 f i TriangleMeshBuilder.obj
 0001:0000cce0       ??_ERTreeCookerRemap@physx@@UEAAPEAXI@Z 000000018000dce0 f i TriangleMeshBuilder.obj
 0001:0000cce0       ??_GRTreeCookerRemap@physx@@UEAAPEAXI@Z 000000018000dce0 f i TriangleMeshBuilder.obj
 0001:0000cd10       ??_ERTreeTriangleData@Gu@physx@@UEAAPEAXI@Z 000000018000dd10 f i TriangleMeshBuilder.obj
 0001:0000cd10       ??_GRTreeTriangleData@Gu@physx@@UEAAPEAXI@Z 000000018000dd10 f i TriangleMeshBuilder.obj
 0001:0000cd70       ??_ERTreeTriangleMeshBuilder@physx@@UEAAPEAXI@Z 000000018000dd70 f i TriangleMeshBuilder.obj
 0001:0000cd70       ??_GRTreeTriangleMeshBuilder@physx@@UEAAPEAXI@Z 000000018000dd70 f i TriangleMeshBuilder.obj
 0001:0000cdc0       ??_ERemapCallback@RTreeCooker@physx@@UEAAPEAXI@Z 000000018000ddc0 f i TriangleMeshBuilder.obj
 0001:0000cdc0       ??_GRemapCallback@RTreeCooker@physx@@UEAAPEAXI@Z 000000018000ddc0 f i TriangleMeshBuilder.obj
 0001:0000cdf0       ??_ETriangleMeshBuilder@physx@@UEAAPEAXI@Z 000000018000ddf0 f i TriangleMeshBuilder.obj
 0001:0000cdf0       ??_GTriangleMeshBuilder@physx@@UEAAPEAXI@Z 000000018000ddf0 f i TriangleMeshBuilder.obj
 0001:0000ce30       ??_ETriangleMeshData@Gu@physx@@UEAAPEAXI@Z 000000018000de30 f i TriangleMeshBuilder.obj
 0001:0000ce30       ??_GTriangleMeshData@Gu@physx@@UEAAPEAXI@Z 000000018000de30 f i TriangleMeshBuilder.obj
 0001:0000ce90       ?allocateTriangles@TriangleMeshData@Gu@physx@@QEAAPEAXI_NI@Z 000000018000de90 f i TriangleMeshBuilder.obj
 0001:0000cf70       ?allocateVertices@MeshDataBase@Gu@physx@@QEAAPEAVPxVec3@3@I@Z 000000018000df70 f i TriangleMeshBuilder.obj
 0001:0000d490       ?checkMeshIndicesSize@TriangleMeshBuilder@physx@@QEAAXXZ 000000018000e490 f   TriangleMeshBuilder.obj
 0001:0000d5a0       ?cleanMesh@TriangleMeshBuilder@physx@@QEAA_N_NPEAW4Enum@PxTriangleMeshCookingResult@2@@Z 000000018000e5a0 f   TriangleMeshBuilder.obj
 0001:0000dac0       ?createGRBMidPhaseAndData@TriangleMeshBuilder@physx@@QEAAXI@Z 000000018000eac0 f   TriangleMeshBuilder.obj
 0001:0000dd40       ?createMidPhaseStructure@BV32TriangleMeshBuilder@physx@@SAXAEBUPxCookingParams@2@AEAVTriangleMeshData@Gu@2@AEAVBV32Tree@52@@Z 000000018000ed40 f   TriangleMeshBuilder.obj
 0001:0000df20       ?createMidPhaseStructure@BV4TriangleMeshBuilder@physx@@UEAAXXZ 000000018000ef20 f   TriangleMeshBuilder.obj
 0001:0000e1e0       ?createMidPhaseStructure@RTreeTriangleMeshBuilder@physx@@UEAAXXZ 000000018000f1e0 f   TriangleMeshBuilder.obj
 0001:0000e2c0       ?createSharedEdgeData@TriangleMeshBuilder@physx@@QEAAX_N0@Z 000000018000f2c0 f   TriangleMeshBuilder.obj
 0001:0000e960       ?getMidphaseID@BV4TriangleMeshBuilder@physx@@UEBA?AW4Enum@PxMeshMidPhase@2@XZ 000000018000f960 f i TriangleMeshBuilder.obj
 0001:0000e960       _get_startup_argv_mode     000000018000f960 f i MSVCRT:argv_mode.obj
 0001:0000e970       ?getMidphaseID@RTreeTriangleMeshBuilder@physx@@UEBA?AW4Enum@PxMeshMidPhase@2@XZ 000000018000f970 f i TriangleMeshBuilder.obj
 0001:0000e970       __scrt_stub_for_is_c_termination_complete 000000018000f970 f i MSVCRT:ucrt_stubs.obj
 0001:0000e970       _is_c_termination_complete 000000018000f970 f i MSVCRT:ucrt_stubs.obj
 0001:0000e980       ?importMesh@TriangleMeshBuilder@physx@@IEAA_NAEBVPxTriangleMeshDesc@2@AEBUPxCookingParams@2@PEAW4Enum@PxTriangleMeshCookingResult@2@_N@Z 000000018000f980 f   TriangleMeshBuilder.obj
 0001:0000ed00       ?loadFromDesc@TriangleMeshBuilder@physx@@QEAA_NAEBVPxTriangleMeshDesc@2@PEAW4Enum@PxTriangleMeshCookingResult@2@_N@Z 000000018000fd00 f   TriangleMeshBuilder.obj
 0001:0000f180       ?onMeshIndexFormatChange@BV4TriangleMeshBuilder@physx@@UEAAXXZ 0000000180010180 f   TriangleMeshBuilder.obj
 0001:0000f1c0       ?remap@RTreeCookerRemap@physx@@UEAAXPEAIII@Z 00000001800101c0 f i TriangleMeshBuilder.obj
 0001:0000f1e0       ?remapTopology@TriangleMeshBuilder@physx@@QEAAXPEBI@Z 00000001800101e0 f   TriangleMeshBuilder.obj
 0001:0000f4d0       ?save@TriangleMeshBuilder@physx@@QEBA_NAEAVPxOutputStream@2@_NAEBUPxCookingParams@2@@Z 00000001800104d0 f   TriangleMeshBuilder.obj
 0001:0000faa0       ?saveMidPhaseStructure@BV4TriangleMeshBuilder@physx@@UEBAXAEAVPxOutputStream@2@_N@Z 0000000180010aa0 f   TriangleMeshBuilder.obj
 0001:0000fc40       ?saveMidPhaseStructure@RTreeTriangleMeshBuilder@physx@@UEBAXAEAVPxOutputStream@2@_N@Z 0000000180010c40 f   TriangleMeshBuilder.obj
 0001:0000fe80       ??0BigConvexDataBuilder@physx@@QEAA@PEBUConvexHullData@Gu@1@PEAVBigConvexData@1@PEBVPxVec3@1@@Z 0000000180010e80 f   BigConvexDataBuilder.obj
 0001:0000fe90       ??4BigConvexData@physx@@QEAAAEAV01@AEBV01@@Z 0000000180010e90 f i BigConvexDataBuilder.obj
 0001:0000feb0       ?GetAdjacentVerts@BigConvexData@physx@@QEBAPEBEXZ 0000000180010eb0 f i BigConvexDataBuilder.obj
 0001:0000fec0       ?GetNbNeighbors@BigConvexData@physx@@QEBAGI@Z 0000000180010ec0 f i BigConvexDataBuilder.obj
 0001:0000fec0       ?GetValency@BigConvexData@physx@@QEBAGI@Z 0000000180010ec0 f i BigConvexDataBuilder.obj
 0001:0000fed0       ?GetNbSamples@BigConvexData@physx@@QEBAIXZ 0000000180010ed0 f i BigConvexDataBuilder.obj
 0001:0000fee0       ?GetNbVerts@BigConvexData@physx@@QEBAIXZ 0000000180010ee0 f i BigConvexDataBuilder.obj
 0001:0000fef0       ?GetNeighbors@BigConvexData@physx@@QEBAPEBEI@Z 0000000180010ef0 f i BigConvexDataBuilder.obj
 0001:0000ff00       ?GetOffset@BigConvexData@physx@@QEBAGI@Z 0000000180010f00 f i BigConvexDataBuilder.obj
 0001:0000ff10       ?GetSubdiv@BigConvexData@physx@@QEBAIXZ 0000000180010f10 f i BigConvexDataBuilder.obj
 0001:0000ff20       ?computeValencies@BigConvexDataBuilder@physx@@QEAA_NAEBVConvexHullBuilder@2@@Z 0000000180010f20 f   BigConvexDataBuilder.obj
 0001:00010310       ?precompute@BigConvexDataBuilder@physx@@QEAA_NI@Z 0000000180011310 f   BigConvexDataBuilder.obj
 0001:00010f40       ?save@BigConvexDataBuilder@physx@@QEBA_NAEAVPxOutputStream@2@_N@Z 0000000180011f40 f   BigConvexDataBuilder.obj
 0001:00011020       ?saveValencies@BigConvexDataBuilder@physx@@QEBA_NAEAVPxOutputStream@2@_N@Z 0000000180012020 f   BigConvexDataBuilder.obj
 0001:000111c0       ??$?_UE@@YAPEAX_KV?$ReflectionAllocator@E@shdfnd@physx@@PEBDH@Z 00000001800121c0 f i ConvexHullBuilder.obj
 0001:00011260       ??0ConvexHullBuilder@physx@@QEAA@PEAUConvexHullData@Gu@1@_N@Z 0000000180012260 f   ConvexHullBuilder.obj
 0001:00011290       ??1ConvexHullBuilder@physx@@QEAA@XZ 0000000180012290 f   ConvexHullBuilder.obj
 0001:00011390       ?calculateVertexMapTable@ConvexHullBuilder@physx@@QEAA_NI_N@Z 0000000180012390 f   ConvexHullBuilder.obj
 0001:000115a0       ?checkHullPolygons@ConvexHullBuilder@physx@@QEBA_NXZ 00000001800125a0 f   ConvexHullBuilder.obj
 0001:00011b80       ?computeGeomCenter@ConvexHullBuilder@physx@@IEBA_NAEAVPxVec3@2@IPEAUHullTriangleData@2@@Z 0000000180012b80 f   ConvexHullBuilder.obj
 0001:00011e40       ?copy@ConvexHullBuilder@physx@@QEAA_NAEAUConvexHullData@Gu@2@AEAI@Z 0000000180012e40 f   ConvexHullBuilder.obj
 0001:000120b0       ?createEdgeList@ConvexHullBuilder@physx@@QEAA_N_NI@Z 00000001800130b0 f   ConvexHullBuilder.obj
 0001:00012900       ?init@ConvexHullBuilder@physx@@QEAA_NIPEBVPxVec3@2@PEBIIIPEBUPxHullPolygon@2@_NPEAVConvexHullLib@2@@Z 0000000180013900 f   ConvexHullBuilder.obj
 0001:00013240       ?save@ConvexHullBuilder@physx@@QEBA_NAEAVPxOutputStream@2@_N@Z 0000000180014240 f   ConvexHullBuilder.obj
 0001:00013560       ??1ConvexHullLib@physx@@UEAA@XZ 0000000180014560 f   ConvexHullLib.obj
 0001:000135c0       ??_EConvexHullLib@physx@@UEAAPEAXI@Z 00000001800145c0 f i ConvexHullLib.obj
 0001:000135c0       ??_GConvexHullLib@physx@@UEAAPEAXI@Z 00000001800145c0 f i ConvexHullLib.obj
 0001:00013b20       ?cleanupVertices@ConvexHullLib@physx@@IEAA_NIPEBVPxVec3@2@IAEAIPEAV32@AEAV32@3@Z 0000000180014b20 f   ConvexHullLib.obj
 0001:00013fb0       ?shiftAndcleanupVertices@ConvexHullLib@physx@@IEAA_NIPEBVPxVec3@2@IAEAIPEAV32@AEAV32@3@Z 0000000180014fb0 f   ConvexHullLib.obj
 0001:00014460       ?shiftConvexMeshDesc@ConvexHullLib@physx@@IEAAXAEAVPxConvexMeshDesc@2@@Z 0000000180015460 f   ConvexHullLib.obj
 0001:00014520       ?swapLargestFace@ConvexHullLib@physx@@IEAAXAEAVPxConvexMeshDesc@2@@Z 0000000180015520 f   ConvexHullLib.obj
 0001:00014710       ??0Box@Gu@physx@@QEAA@AEBV012@@Z 0000000180015710 f i ConvexHullUtils.obj
 0001:00014710       ??4Box@Gu@physx@@QEAAAEBV012@AEBV012@@Z 0000000180015710 f i ConvexHullUtils.obj
 0001:00014770       ??0Box@Gu@physx@@QEAA@AEBVPxVec3@2@0AEBVPxMat33@2@@Z 0000000180015770 f i ConvexHullUtils.obj
 0001:000147e0       ??0ConvexHull@physx@@QEAA@AEBVPxVec3@1@AEBVPxTransform@1@AEBV?$Array@VPxPlane@physx@@V?$ReflectionAllocator@VPxPlane@physx@@@shdfnd@2@@shdfnd@1@@Z 00000001800157e0 f   ConvexHullUtils.obj
 0001:00015930       ??0PxQuat@physx@@QEAA@AEBVPxMat33@1@@Z 0000000180016930 f i ConvexHullUtils.obj
 0001:00015b30       ?allocate@?$Array@VHalfEdge@ConvexHull@physx@@V?$ReflectionAllocator@VHalfEdge@ConvexHull@physx@@@shdfnd@3@@shdfnd@physx@@IEAAPEAVHalfEdge@ConvexHull@3@I@Z 0000000180016b30 f i ConvexHullUtils.obj
 0001:00015bd0       ?allocate@?$Array@VPxPlane@physx@@V?$ReflectionAllocator@VPxPlane@physx@@@shdfnd@2@@shdfnd@physx@@IEAAPEAVPxPlane@3@I@Z 0000000180016bd0 f i ConvexHullUtils.obj
 0001:00015c70       ?assertIntact@ConvexHull@physx@@QEBA_NM@Z 0000000180016c70 f   ConvexHullUtils.obj
 0001:00015f90       ?computeAABBExtent@Box@Gu@physx@@QEBA?AVPxVec3@3@XZ 0000000180016f90 f i ConvexHullUtils.obj
 0001:00016050       ?computeBoxPoints@Box@Gu@physx@@QEBAXPEIAVPxVec3@3@@Z 0000000180017050 f i ConvexHullUtils.obj
 0001:00016090       ?computeOBBFromConvex@physx@@YA_NAEBVPxConvexMeshDesc@1@AEAVPxVec3@1@AEAVPxTransform@1@@Z 0000000180017090 f   ConvexHullUtils.obj
 0001:00016770       ?computeOBBSIMD@local@@YAXIPEBT__m128@@AEAT2@AEBT2@1@Z 0000000180017770 f   ConvexHullUtils.obj
 0001:00016b50       ?convexHullCrop@physx@@YAPEAVConvexHull@1@AEBV21@AEBVPxPlane@1@M@Z 0000000180017b50 f   ConvexHullUtils.obj
 0001:00017940       ?copy@?$Array@VPxPlane@physx@@V?$ReflectionAllocator@VPxPlane@physx@@@shdfnd@2@@shdfnd@physx@@KAXPEAVPxPlane@3@0PEBV43@@Z 0000000180018940 f i ConvexHullUtils.obj
 0001:00017a40       ?findCandidatePlane@ConvexHull@physx@@QEBAHMM@Z 0000000180018a40 f   ConvexHullUtils.obj
 0001:00017e90       ?getInverse@PxMat33@physx@@QEBA?BV12@XZ 0000000180018e90 f i ConvexHullUtils.obj
 0001:000180e0       ?getTransform@Box@Gu@physx@@QEBA?AVPxTransform@3@XZ 00000001800190e0 f i ConvexHullUtils.obj
 0001:00018140       ?growAndPushBack@?$Array@VHalfEdge@ConvexHull@physx@@V?$ReflectionAllocator@VHalfEdge@ConvexHull@physx@@@shdfnd@3@@shdfnd@physx@@IEAAAEAVHalfEdge@ConvexHull@3@AEBV453@@Z 0000000180019140 f i ConvexHullUtils.obj
 0001:00018200       ?growAndPushBack@?$Array@VPxPlane@physx@@V?$ReflectionAllocator@VPxPlane@physx@@@shdfnd@2@@shdfnd@physx@@IEAAAEAVPxPlane@3@AEBV43@@Z 0000000180019200 f i ConvexHullUtils.obj
 0001:000182c0       ?isValid@Box@Gu@physx@@QEBA_NXZ 00000001800192c0 f i ConvexHullUtils.obj
 0001:000182e0       ?maxNumVertsPerFace@ConvexHull@physx@@QEBAIXZ 00000001800192e0 f   ConvexHullUtils.obj
 0001:00018350       ?recreate@?$Array@VHalfEdge@ConvexHull@physx@@V?$ReflectionAllocator@VHalfEdge@ConvexHull@physx@@@shdfnd@3@@shdfnd@physx@@IEAAXI@Z 0000000180019350 f i ConvexHullUtils.obj
 0001:000183f0       ?recreate@?$Array@VPxPlane@physx@@V?$ReflectionAllocator@VPxPlane@physx@@@shdfnd@2@@shdfnd@physx@@IEAAXI@Z 00000001800193f0 f i ConvexHullUtils.obj
 0001:00018480       ?resize@?$Array@VHalfEdge@ConvexHull@physx@@V?$ReflectionAllocator@VHalfEdge@ConvexHull@physx@@@shdfnd@3@@shdfnd@physx@@QEAAXIAEBVHalfEdge@ConvexHull@3@@Z 0000000180019480 f i ConvexHullUtils.obj
 0001:00018540       ?resize@?$Array@VPxPlane@physx@@V?$ReflectionAllocator@VPxPlane@physx@@@shdfnd@2@@shdfnd@physx@@QEAAXIAEBVPxPlane@3@@Z 0000000180019540 f i ConvexHullUtils.obj
 0001:00018660       ?resize@?$Array@VPxVec3@physx@@V?$ReflectionAllocator@VPxVec3@physx@@@shdfnd@2@@shdfnd@physx@@QEAAXIAEBVPxVec3@3@@Z 0000000180019660 f i ConvexHullUtils.obj
 0001:00018750       ?rotate@Box@Gu@physx@@QEBA?AVPxVec3@3@AEBV43@@Z 0000000180019750 f i ConvexHullUtils.obj
 0001:000187e0       ?rotateInv@Box@Gu@physx@@QEBA?AVPxVec3@3@AEBV43@@Z 00000001800197e0 f i ConvexHullUtils.obj
 0001:00018870       ?setAxes@Box@Gu@physx@@QEAAXAEBVPxVec3@3@00@Z 0000000180019870 f i ConvexHullUtils.obj
 0001:000188b0       ?setEmpty@Box@Gu@physx@@QEAAXXZ 00000001800198b0 f i ConvexHullUtils.obj
 0001:000188f0       ?transform@Box@Gu@physx@@QEBA?AVPxVec3@3@AEBV43@@Z 00000001800198f0 f i ConvexHullUtils.obj
 0001:00018990       ??0ConvexMeshBuilder@physx@@QEAA@_N@Z 0000000180019990 f   ConvexMeshBuilder.obj
 0001:000189f0       ??1ConvexMeshBuilder@physx@@QEAA@XZ 00000001800199f0 f   ConvexMeshBuilder.obj
 0001:00018e40       ?build@ConvexMeshBuilder@physx@@QEAA_NAEBVPxConvexMeshDesc@2@I_NPEAVConvexHullLib@2@@Z 0000000180019e40 f   ConvexMeshBuilder.obj
 0001:00019150       ?computeHullPolygons@ConvexMeshBuilder@physx@@QEAA_NAEBIPEBVPxVec3@2@0PEBIAEAVPxAllocatorCallback@2@AEAIAEAPEAV32@4AEAPEAI4AEAPEAUPxHullPolygon@2@@Z 000000018001a150 f   ConvexMeshBuilder.obj
 0001:00019370       ?computeMassInfo@ConvexMeshBuilder@physx@@QEAAX_N@Z 000000018001a370 f   ConvexMeshBuilder.obj
 0001:00019740       ?copy@ConvexMeshBuilder@physx@@QEAA_NAEAUConvexHullInitData@Gu@2@@Z 000000018001a740 f   ConvexMeshBuilder.obj
 0001:00019860       ?isFinite@PxVec3@physx@@QEBA_NXZ 000000018001a860 f i ConvexMeshBuilder.obj
 0001:000198c0       ?loadConvexHull@ConvexMeshBuilder@physx@@QEAA_NAEBVPxConvexMeshDesc@2@PEAVConvexHullLib@2@@Z 000000018001a8c0 f   ConvexMeshBuilder.obj
 0001:00019b30       ?save@ConvexMeshBuilder@physx@@QEBA_NAEAVPxOutputStream@2@_N@Z 000000018001ab30 f   ConvexMeshBuilder.obj
 0001:00019d40       ??$copy@V?$ReflectionAllocator@VPair@@@shdfnd@physx@@@?$Array@VPair@@V?$ReflectionAllocator@VPair@@@shdfnd@physx@@@shdfnd@physx@@IEAAXAEBV012@@Z 000000018001ad40 f i ConvexPolygonsBuilder.obj
 0001:00019dc0       ??0ConvexPolygonsBuilder@physx@@QEAA@PEAUConvexHullData@Gu@1@_N@Z 000000018001adc0 f   ConvexPolygonsBuilder.obj
 0001:00019de0       ??1ConvexPolygonsBuilder@physx@@QEAA@XZ 000000018001ade0 f   ConvexPolygonsBuilder.obj
 0001:0001a630       ?allocate@?$Array@VPair@@V?$ReflectionAllocator@VPair@@@shdfnd@physx@@@shdfnd@physx@@IEAAPEAVPair@@I@Z 000000018001b630 f i ConvexPolygonsBuilder.obj
 0001:0001ae60       ?computeHullPolygons@ConvexPolygonsBuilder@physx@@QEAA_NAEBIPEBVPxVec3@2@0PEBI@Z 000000018001be60 f   ConvexPolygonsBuilder.obj
 0001:0001c160       ?createPolygonData@ConvexPolygonsBuilder@physx@@AEAA_NXZ 000000018001d160 f   ConvexPolygonsBuilder.obj
 0001:0001cb20       ?createTrianglesFromPolygons@ConvexPolygonsBuilder@physx@@AEAA_NXZ 000000018001db20 f   ConvexPolygonsBuilder.obj
 0001:0001e180       ?growAndPushBack@?$Array@VPair@@V?$ReflectionAllocator@VPair@@@shdfnd@physx@@@shdfnd@physx@@IEAAAEAVPair@@AEBV4@@Z 000000018001f180 f i ConvexPolygonsBuilder.obj
 0001:0001e250       ??0QuickHull@local@@QEAA@AEBUPxCookingParams@physx@@AEBVPxConvexMeshDesc@3@@Z 000000018001f250 f   QuickHullConvexHullLib.obj
 0001:0001e300       ??0QuickHullConvexHullLib@physx@@QEAA@AEBVPxConvexMeshDesc@1@AEBUPxCookingParams@1@@Z 000000018001f300 f   QuickHullConvexHullLib.obj
 0001:0001e3f0       ??1?$MemBlock@UQuickHullFace@local@@$00@local@@QEAA@XZ 000000018001f3f0 f i QuickHullConvexHullLib.obj
 0001:0001e3f0       ??1?$MemBlock@UQuickHullHalfEdge@local@@$0A@@local@@QEAA@XZ 000000018001f3f0 f i QuickHullConvexHullLib.obj
 0001:0001e480       ??1QuickHull@local@@QEAA@XZ 000000018001f480 f   QuickHullConvexHullLib.obj
 0001:0001e5c0       ??_GConvexHull@physx@@QEAAPEAXI@Z 000000018001f5c0 f i QuickHullConvexHullLib.obj
 0001:0001e6a0       ??_EQuickHullConvexHullLib@physx@@UEAAPEAXI@Z 000000018001f6a0 f i QuickHullConvexHullLib.obj
 0001:0001e6a0       ??_GQuickHullConvexHullLib@physx@@UEAAPEAXI@Z 000000018001f6a0 f i QuickHullConvexHullLib.obj
 0001:0001e7a0       ?addPointToHull@QuickHull@local@@IEAA_NPEBUQuickHullVertex@2@AEAUQuickHullFace@2@AEA_N@Z 000000018001f7a0 f   QuickHullConvexHullLib.obj
 0001:0001ea70       ?addSimplex@QuickHull@local@@IEAAXPEAUQuickHullVertex@2@_N@Z 000000018001fa70 f   QuickHullConvexHullLib.obj
 0001:0001ef40       ?allocate@?$Array@PEAUQuickHullFace@local@@V?$ReflectionAllocator@PEAUQuickHullFace@local@@@shdfnd@physx@@@shdfnd@physx@@IEAAPEAPEAUQuickHullFace@local@@I@Z 000000018001ff40 f i QuickHullConvexHullLib.obj
 0001:0001efe0       ?allocate@?$Array@PEAUQuickHullHalfEdge@local@@V?$ReflectionAllocator@PEAUQuickHullHalfEdge@local@@@shdfnd@physx@@@shdfnd@physx@@IEAAPEAPEAUQuickHullHalfEdge@local@@I@Z 000000018001ffe0 f i QuickHullConvexHullLib.obj
 0001:0001f080       ?allocate@?$Array@PEAUQuickHullVertex@local@@V?$ReflectionAllocator@PEAUQuickHullVertex@local@@@shdfnd@physx@@@shdfnd@physx@@IEAAPEAPEAUQuickHullVertex@local@@I@Z 0000000180020080 f i QuickHullConvexHullLib.obj
 0001:0001f120       ?allocate@?$Array@UExpandPoint@local@@V?$ReflectionAllocator@UExpandPoint@local@@@shdfnd@physx@@@shdfnd@physx@@IEAAPEAUExpandPoint@local@@I@Z 0000000180020120 f i QuickHullConvexHullLib.obj
 0001:0001f1c0       ?buildHull@QuickHull@local@@QEAA?AW4Enum@QuickHullResult@2@XZ 00000001800201c0 f   QuickHullConvexHullLib.obj
 0001:0001f3d0       ?calculateHorizon@QuickHull@local@@IEAAXAEBVPxVec3@physx@@PEAUQuickHullHalfEdge@2@AEAUQuickHullFace@2@AEAV?$Array@PEAUQuickHullHalfEdge@local@@V?$ReflectionAllocator@PEAUQuickHullHalfEdge@local@@@shdfnd@physx@@@shdfnd@4@AEAV?$Array@PEAUQuickHullFace@local@@V?$ReflectionAllocator@PEAUQuickHullFace@local@@@shdfnd@physx@@@84@@Z 00000001800203d0 f   QuickHullConvexHullLib.obj
 0001:0001f580       ?canMergeFaces@QuickHull@local@@IEAA_NAEBUQuickHullHalfEdge@2@@Z 0000000180020580 f   QuickHullConvexHullLib.obj
 0001:0001fdb0       ?cleanupForSimplex@QuickHullConvexHullLib@physx@@IEAA_NPEAVPxVec3@2@IPEAUQuickHullVertex@local@@1AEAM2@Z 0000000180020db0 f   QuickHullConvexHullLib.obj
 0001:000209d0       ?computeMinMaxVerts@QuickHull@local@@IEAAXXZ 00000001800219d0 f   QuickHullConvexHullLib.obj
 0001:00020da0       ?connectHalfEdges@QuickHullFace@local@@AEAAPEAU12@PEAUQuickHullHalfEdge@2@0@Z 0000000180021da0 f   QuickHullConvexHullLib.obj
 0001:00021110       ?copy@?$Array@UExpandPoint@local@@V?$ReflectionAllocator@UExpandPoint@local@@@shdfnd@physx@@@shdfnd@physx@@KAXPEAUExpandPoint@local@@0PEBU45@@Z 0000000180022110 f i QuickHullConvexHullLib.obj
 0001:000211c0       ?createConvexHull@QuickHullConvexHullLib@physx@@UEAA?AW4Enum@PxConvexMeshCookingResult@2@XZ 00000001800221c0 f   QuickHullConvexHullLib.obj
 0001:000215c0       ?createEdgeList@QuickHullConvexHullLib@physx@@UEAA_NIPEBEPEAPEAEPEAPEAG2@Z 00000001800225c0 f   QuickHullConvexHullLib.obj
 0001:00021810       ?createTriangle@QuickHull@local@@IEAAPEAUQuickHullFace@2@AEBUQuickHullVertex@2@00@Z 0000000180022810 f   QuickHullConvexHullLib.obj
 0001:00021bf0       ?doAdjacentMerge@QuickHull@local@@IEAA_NAEAUQuickHullFace@2@_NAEA_N@Z 0000000180022bf0 f   QuickHullConvexHullLib.obj
 0001:00021f40       ?expandHull@QuickHullConvexHullLib@physx@@IEAA?AW4Enum@PxConvexMeshCookingResult@2@XZ 0000000180022f40 f   QuickHullConvexHullLib.obj
 0001:00022880       ?expandHullOBB@QuickHullConvexHullLib@physx@@IEAA?AW4Enum@PxConvexMeshCookingResult@2@XZ 0000000180023880 f   QuickHullConvexHullLib.obj
 0001:00022c90       ?fillConvexMeshDesc@QuickHullConvexHullLib@physx@@UEAAXAEAVPxConvexMeshDesc@2@@Z 0000000180023c90 f   QuickHullConvexHullLib.obj
 0001:00022ce0       ?fillConvexMeshDescFromCroppedHull@QuickHullConvexHullLib@physx@@IEAAXAEAVPxConvexMeshDesc@2@@Z 0000000180023ce0 f   QuickHullConvexHullLib.obj
 0001:00022ed0       ?fillConvexMeshDescFromQuickHull@QuickHullConvexHullLib@physx@@IEAAXAEAVPxConvexMeshDesc@2@@Z 0000000180023ed0 f   QuickHullConvexHullLib.obj
 0001:00023240       ?findSimplex@QuickHull@local@@IEAA_NXZ 0000000180024240 f   QuickHullConvexHullLib.obj
 0001:00023ef0       ?getFreeItem@?$MemBlock@UQuickHullFace@local@@$00@local@@QEAAPEAUQuickHullFace@2@XZ 0000000180024ef0 f i QuickHullConvexHullLib.obj
 0001:00024020       ?getFreeItem@?$MemBlock@UQuickHullHalfEdge@local@@$0A@@local@@QEAAPEAUQuickHullHalfEdge@2@XZ 0000000180025020 f i QuickHullConvexHullLib.obj
 0001:000240f0       ?growAndPushBack@?$Array@PEAUQuickHullFace@local@@V?$ReflectionAllocator@PEAUQuickHullFace@local@@@shdfnd@physx@@@shdfnd@physx@@IEAAAEAPEAUQuickHullFace@local@@AEBQEAU45@@Z 00000001800250f0 f i QuickHullConvexHullLib.obj
 0001:000241b0       ?growAndPushBack@?$Array@PEAUQuickHullHalfEdge@local@@V?$ReflectionAllocator@PEAUQuickHullHalfEdge@local@@@shdfnd@physx@@@shdfnd@physx@@IEAAAEAPEAUQuickHullHalfEdge@local@@AEBQEAU45@@Z 00000001800251b0 f i QuickHullConvexHullLib.obj
 0001:00024270       ?growAndPushBack@?$Array@PEAUQuickHullVertex@local@@V?$ReflectionAllocator@PEAUQuickHullVertex@local@@@shdfnd@physx@@@shdfnd@physx@@IEAAAEAPEAUQuickHullVertex@local@@AEBQEAU45@@Z 0000000180025270 f i QuickHullConvexHullLib.obj
 0001:00024330       ?growAndPushBack@?$Array@UExpandPoint@local@@V?$ReflectionAllocator@UExpandPoint@local@@@shdfnd@physx@@@shdfnd@physx@@IEAAAEAUExpandPoint@local@@AEBU45@@Z 0000000180025330 f i QuickHullConvexHullLib.obj
 0001:00024430       ?init@?$MemBlock@UQuickHullFace@local@@$00@local@@QEAAXI@Z 0000000180025430 f i QuickHullConvexHullLib.obj
 0001:00024520       ?init@?$MemBlock@UQuickHullHalfEdge@local@@$0A@@local@@QEAAXI@Z 0000000180025520 f i QuickHullConvexHullLib.obj
 0001:000245c0       ?mergeAdjacentFace@QuickHullFace@local@@QEAA_NPEAUQuickHullHalfEdge@2@AEAV?$Array@PEAUQuickHullFace@local@@V?$ReflectionAllocator@PEAUQuickHullFace@local@@@shdfnd@physx@@@shdfnd@physx@@@Z 00000001800255c0 f   QuickHullConvexHullLib.obj
 0001:00024a10       ?nextPointToAdd@QuickHull@local@@IEAAPEAUQuickHullVertex@2@AEAPEAUQuickHullFace@2@@Z 0000000180025a10 f   QuickHullConvexHullLib.obj
 0001:00024b90       ?parseInputVertices@QuickHull@local@@QEAAXPEBVPxVec3@physx@@I@Z 0000000180025b90 f   QuickHullConvexHullLib.obj
 0001:00024d10       ?postMergeHull@QuickHull@local@@IEAAXXZ 0000000180025d10 f   QuickHullConvexHullLib.obj
 0001:00024f70       ?preallocate@QuickHull@local@@QEAAXI@Z 0000000180025f70 f   QuickHullConvexHullLib.obj
 0001:000250b0       ?recreate@?$Array@PEAUQuickHullFace@local@@V?$ReflectionAllocator@PEAUQuickHullFace@local@@@shdfnd@physx@@@shdfnd@physx@@IEAAXI@Z 00000001800260b0 f i QuickHullConvexHullLib.obj
 0001:00025150       ?recreate@?$Array@PEAUQuickHullHalfEdge@local@@V?$ReflectionAllocator@PEAUQuickHullHalfEdge@local@@@shdfnd@physx@@@shdfnd@physx@@IEAAXI@Z 0000000180026150 f i QuickHullConvexHullLib.obj
 0001:000251f0       ?recreate@?$Array@PEAUQuickHullVertex@local@@V?$ReflectionAllocator@PEAUQuickHullVertex@local@@@shdfnd@physx@@@shdfnd@physx@@IEAAXI@Z 00000001800261f0 f i QuickHullConvexHullLib.obj
 0001:00025290       ?recreate@?$Array@UExpandPoint@local@@V?$ReflectionAllocator@UExpandPoint@local@@@shdfnd@physx@@@shdfnd@physx@@IEAAXI@Z 0000000180026290 f i QuickHullConvexHullLib.obj
 0001:00025320       ?resolveUnclaimedPoints@QuickHull@local@@IEAAXAEBV?$Array@PEAUQuickHullFace@local@@V?$ReflectionAllocator@PEAUQuickHullFace@local@@@shdfnd@physx@@@shdfnd@physx@@@Z 0000000180026320 f   QuickHullConvexHullLib.obj
 0001:00026020       ?computeVolumeIntegralsEberly@physx@@YA_NAEBVPxConvexMeshDesc@1@MAEAUPxIntegrals@1@AEBVPxVec3@1@@Z 0000000180027020 f   VolumeIntegration.obj
 0001:00026060       ?computeVolumeIntegralsEberlySIMD@physx@@YA_NAEBVPxConvexMeshDesc@1@MAEAUPxIntegrals@1@AEBVPxVec3@1@@Z 0000000180027060 f   VolumeIntegration.obj
 0001:000266c0       ?cookingDelayHook@@YAP6A_JXZIPEAUDelayLoadInfo@@@Z 00000001800276c0 f   WindowsCookingDelayLoadHook.obj
 0001:000267a0       PxSetPhysXCookingDelayLoadHook 00000001800277a0 f   WindowsCookingDelayLoadHook.obj
 0001:000267a8       __imp_load_??0RadixSortBuffered@Cm@physx@@QEAA@XZ 00000001800277a8 f   PhysXCommon_64:PhysXCommon_64.dll
 0001:000267b4       ??0RadixSortBuffered@Cm@physx@@QEAA@XZ 00000001800277b4 f   PhysXCommon_64:PhysXCommon_64.dll
 0001:000267ba       __tailMerge_physxcommon_64_dll 00000001800277ba     PhysXCommon_64:PhysXCommon_64.dll
 0001:00026833       __imp_load_??1RadixSortBuffered@Cm@physx@@UEAA@XZ 0000000180027833 f   PhysXCommon_64:PhysXCommon_64.dll
 0001:0002683f       ??1RadixSortBuffered@Cm@physx@@UEAA@XZ 000000018002783f f   PhysXCommon_64:PhysXCommon_64.dll
 0001:00026845       __imp_load_?Sort@RadixSortBuffered@Cm@physx@@QEAAAEAV123@PEBIIW4RadixHint@23@@Z 0000000180027845 f   PhysXCommon_64:PhysXCommon_64.dll
 0001:00026851       ?Sort@RadixSortBuffered@Cm@physx@@QEAAAEAV123@PEBIIW4RadixHint@23@@Z 0000000180027851 f   PhysXCommon_64:PhysXCommon_64.dll
 0001:00026857       __imp_load_??0HeightField@Gu@physx@@QEAA@PEAVGuMeshFactory@2@@Z 0000000180027857 f   PhysXCommon_64:PhysXCommon_64.dll
 0001:00026863       ??0HeightField@Gu@physx@@QEAA@PEAVGuMeshFactory@2@@Z 0000000180027863 f   PhysXCommon_64:PhysXCommon_64.dll
 0001:00026869       __imp_load_?loadFromDesc@HeightField@Gu@physx@@QEAA_NAEBVPxHeightFieldDesc@3@@Z 0000000180027869 f   PhysXCommon_64:PhysXCommon_64.dll
 0001:00026875       ?loadFromDesc@HeightField@Gu@physx@@QEAA_NAEBVPxHeightFieldDesc@3@@Z 0000000180027875 f   PhysXCommon_64:PhysXCommon_64.dll
 0001:0002687b       __imp_load_?computeCellCoordinates@HeightField@Gu@physx@@QEBAIMMAEAM0@Z 000000018002787b f   PhysXCommon_64:PhysXCommon_64.dll
 0001:00026887       ?computeCellCoordinates@HeightField@Gu@physx@@QEBAIMMAEAM0@Z 0000000180027887 f   PhysXCommon_64:PhysXCommon_64.dll
 0001:0002688d       __imp_load_?releaseMemory@HeightField@Gu@physx@@QEAAXXZ 000000018002788d f   PhysXCommon_64:PhysXCommon_64.dll
 0001:00026899       ?releaseMemory@HeightField@Gu@physx@@QEAAXXZ 0000000180027899 f   PhysXCommon_64:PhysXCommon_64.dll
 0001:0002689f       __imp_load_??1HeightField@Gu@physx@@UEAA@XZ 000000018002789f f   PhysXCommon_64:PhysXCommon_64.dll
 0001:000268ab       ??1HeightField@Gu@physx@@UEAA@XZ 00000001800278ab f   PhysXCommon_64:PhysXCommon_64.dll
 0001:000268b1       __imp_load_??0NodeAllocator@Gu@physx@@QEAA@XZ 00000001800278b1 f   PhysXCommon_64:PhysXCommon_64.dll
 0001:000268bd       ??0NodeAllocator@Gu@physx@@QEAA@XZ 00000001800278bd f   PhysXCommon_64:PhysXCommon_64.dll
 0001:000268c3       __imp_load_??1NodeAllocator@Gu@physx@@QEAA@XZ 00000001800278c3 f   PhysXCommon_64:PhysXCommon_64.dll
 0001:000268cf       ??1NodeAllocator@Gu@physx@@QEAA@XZ 00000001800278cf f   PhysXCommon_64:PhysXCommon_64.dll
 0001:000268d5       __imp_load_?release@NodeAllocator@Gu@physx@@QEAAXXZ 00000001800278d5 f   PhysXCommon_64:PhysXCommon_64.dll
 0001:000268e1       ?release@NodeAllocator@Gu@physx@@QEAAXXZ 00000001800278e1 f   PhysXCommon_64:PhysXCommon_64.dll
 0001:000268e7       __imp_load_?buildAABBTree@Gu@physx@@YA_NAEAVAABBTreeBuildParams@12@AEAVNodeAllocator@12@AEAUBuildStats@12@AEAPEAI@Z 00000001800278e7 f   PhysXCommon_64:PhysXCommon_64.dll
 0001:000268f3       ?buildAABBTree@Gu@physx@@YA_NAEAVAABBTreeBuildParams@12@AEAVNodeAllocator@12@AEAUBuildStats@12@AEAPEAI@Z 00000001800278f3 f   PhysXCommon_64:PhysXCommon_64.dll
 0001:000268f9       __imp_load_?writeDword@physx@@YAXI_NAEAVPxOutputStream@1@@Z 00000001800278f9 f   PhysXCommon_64:PhysXCommon_64.dll
 0001:00026905       ?writeDword@physx@@YAXI_NAEAVPxOutputStream@1@@Z 0000000180027905 f   PhysXCommon_64:PhysXCommon_64.dll
 0001:0002690b       __imp_load_?writeFloatBuffer@physx@@YAXPEBMI_NAEAVPxOutputStream@1@@Z 000000018002790b f   PhysXCommon_64:PhysXCommon_64.dll
 0001:00026917       ?writeFloatBuffer@physx@@YAXPEBMI_NAEAVPxOutputStream@1@@Z 0000000180027917 f   PhysXCommon_64:PhysXCommon_64.dll
 0001:0002691d       __imp_load_?writeHeader@physx@@YA_NCCCCI_NAEAVPxOutputStream@1@@Z 000000018002791d f   PhysXCommon_64:PhysXCommon_64.dll
 0001:00026929       ?writeHeader@physx@@YA_NCCCCI_NAEAVPxOutputStream@1@@Z 0000000180027929 f   PhysXCommon_64:PhysXCommon_64.dll
 0001:0002692f       __imp_load_?writeWord@physx@@YAXG_NAEAVPxOutputStream@1@@Z 000000018002792f f   PhysXCommon_64:PhysXCommon_64.dll
 0001:0002693b       ?writeWord@physx@@YAXG_NAEAVPxOutputStream@1@@Z 000000018002793b f   PhysXCommon_64:PhysXCommon_64.dll
 0001:00026941       __imp_load_?writeFloat@physx@@YAXM_NAEAVPxOutputStream@1@@Z 0000000180027941 f   PhysXCommon_64:PhysXCommon_64.dll
 0001:0002694d       ?writeFloat@physx@@YAXM_NAEAVPxOutputStream@1@@Z 000000018002794d f   PhysXCommon_64:PhysXCommon_64.dll
 0001:00026953       __imp_load_?computeBoundsAroundVertices@Gu@physx@@YAXAEAVPxBounds3@2@IPEIBVPxVec3@2@@Z 0000000180027953 f   PhysXCommon_64:PhysXCommon_64.dll
 0001:0002695f       ?computeBoundsAroundVertices@Gu@physx@@YAXAEAVPxBounds3@2@IPEIBVPxVec3@2@@Z 000000018002795f f   PhysXCommon_64:PhysXCommon_64.dll
 0001:00026965       __imp_load_??0SourceMesh@Gu@physx@@QEAA@XZ 0000000180027965 f   PhysXCommon_64:PhysXCommon_64.dll
 0001:00026971       ??0SourceMesh@Gu@physx@@QEAA@XZ 0000000180027971 f   PhysXCommon_64:PhysXCommon_64.dll
 0001:00026977       __imp_load_??1SourceMesh@Gu@physx@@QEAA@XZ 0000000180027977 f   PhysXCommon_64:PhysXCommon_64.dll
 0001:00026983       ??1SourceMesh@Gu@physx@@QEAA@XZ 0000000180027983 f   PhysXCommon_64:PhysXCommon_64.dll
 0001:00026989       __imp_load_??0BV4Tree@Gu@physx@@QEAA@XZ 0000000180027989 f   PhysXCommon_64:PhysXCommon_64.dll
 0001:00026995       ??0BV4Tree@Gu@physx@@QEAA@XZ 0000000180027995 f   PhysXCommon_64:PhysXCommon_64.dll
 0001:0002699b       __imp_load_??1BV4Tree@Gu@physx@@QEAA@XZ 000000018002799b f   PhysXCommon_64:PhysXCommon_64.dll
 0001:000269a7       ??1BV4Tree@Gu@physx@@QEAA@XZ 00000001800279a7 f   PhysXCommon_64:PhysXCommon_64.dll
 0001:000269ad       __imp_load_??0BV32Tree@Gu@physx@@QEAA@XZ 00000001800279ad f   PhysXCommon_64:PhysXCommon_64.dll
 0001:000269b9       ??0BV32Tree@Gu@physx@@QEAA@XZ 00000001800279b9 f   PhysXCommon_64:PhysXCommon_64.dll
 0001:000269bf       __imp_load_??1BV32Tree@Gu@physx@@QEAA@XZ 00000001800279bf f   PhysXCommon_64:PhysXCommon_64.dll
 0001:000269cb       ??1BV32Tree@Gu@physx@@QEAA@XZ 00000001800279cb f   PhysXCommon_64:PhysXCommon_64.dll
 0001:000269d1       __imp_load_?writeWordBuffer@physx@@YAXPEBGI_NAEAVPxOutputStream@1@@Z 00000001800279d1 f   PhysXCommon_64:PhysXCommon_64.dll
 0001:000269dd       ?writeWordBuffer@physx@@YAXPEBGI_NAEAVPxOutputStream@1@@Z 00000001800279dd f   PhysXCommon_64:PhysXCommon_64.dll
 0001:000269e3       __imp_load_?computeMaxIndex@physx@@YAIPEBII@Z 00000001800279e3 f   PhysXCommon_64:PhysXCommon_64.dll
 0001:000269ef       ?computeMaxIndex@physx@@YAIPEBII@Z 00000001800279ef f   PhysXCommon_64:PhysXCommon_64.dll
 0001:000269f5       __imp_load_?storeIndices@physx@@YAXIIPEBIAEAVPxOutputStream@1@_N@Z 00000001800279f5 f   PhysXCommon_64:PhysXCommon_64.dll
 0001:00026a01       ?storeIndices@physx@@YAXIIPEBIAEAVPxOutputStream@1@_N@Z 0000000180027a01 f   PhysXCommon_64:PhysXCommon_64.dll
 0001:00026a07       __imp_load_?BuildBV4Ex@Gu@physx@@YA_NAEAVBV4Tree@12@AEAVSourceMesh@12@MI@Z 0000000180027a07 f   PhysXCommon_64:PhysXCommon_64.dll
 0001:00026a13       ?BuildBV4Ex@Gu@physx@@YA_NAEAVBV4Tree@12@AEAVSourceMesh@12@MI@Z 0000000180027a13 f   PhysXCommon_64:PhysXCommon_64.dll
 0001:00026a19       __imp_load_?BuildBV32Ex@Gu@physx@@YA_NAEAVBV32Tree@12@AEAVSourceMesh@12@MI@Z 0000000180027a19 f   PhysXCommon_64:PhysXCommon_64.dll
 0001:00026a25       ?BuildBV32Ex@Gu@physx@@YA_NAEAVBV32Tree@12@AEAVSourceMesh@12@MI@Z 0000000180027a25 f   PhysXCommon_64:PhysXCommon_64.dll
 0001:00026a2b       __imp_load_?computeMaxIndex@physx@@YAGPEBGI@Z 0000000180027a2b f   PhysXCommon_64:PhysXCommon_64.dll
 0001:00026a37       ?computeMaxIndex@physx@@YAGPEBGI@Z 0000000180027a37 f   PhysXCommon_64:PhysXCommon_64.dll
 0001:00026a3d       __imp_load_?WriteHeader@Gu@physx@@YA_NEEEEI_NAEAVPxOutputStream@2@@Z 0000000180027a3d f   PhysXCommon_64:PhysXCommon_64.dll
 0001:00026a49       ?WriteHeader@Gu@physx@@YA_NEEEEI_NAEAVPxOutputStream@2@@Z 0000000180027a49 f   PhysXCommon_64:PhysXCommon_64.dll
 0001:00026a4f       __imp_load_?StoreIndices@Gu@physx@@YAXGIPEBGAEAVPxOutputStream@2@_N@Z 0000000180027a4f f   PhysXCommon_64:PhysXCommon_64.dll
 0001:00026a5b       ?StoreIndices@Gu@physx@@YAXGIPEBGAEAVPxOutputStream@2@_N@Z 0000000180027a5b f   PhysXCommon_64:PhysXCommon_64.dll
 0001:00026a61       __imp_load_?CreateOffsets@BigConvexData@physx@@IEAAXXZ 0000000180027a61 f   PhysXCommon_64:PhysXCommon_64.dll
 0001:00026a6d       ?CreateOffsets@BigConvexData@physx@@IEAAXXZ 0000000180027a6d f   PhysXCommon_64:PhysXCommon_64.dll
 0001:00026a73       __imp_load_?computeOBBPoints@Gu@physx@@YAXPEIAVPxVec3@2@AEBV32@1111@Z 0000000180027a73 f   PhysXCommon_64:PhysXCommon_64.dll
 0001:00026a7f       ?computeOBBPoints@Gu@physx@@YAXPEIAVPxVec3@2@AEBV32@1111@Z 0000000180027a7f f   PhysXCommon_64:PhysXCommon_64.dll
 0001:00026a85       __imp_load_??0BigConvexData@physx@@QEAA@XZ 0000000180027a85 f   PhysXCommon_64:PhysXCommon_64.dll
 0001:00026a91       ??0BigConvexData@physx@@QEAA@XZ 0000000180027a91 f   PhysXCommon_64:PhysXCommon_64.dll
 0001:00026a97       __imp_load_??1BigConvexData@physx@@QEAA@XZ 0000000180027a97 f   PhysXCommon_64:PhysXCommon_64.dll
 0001:00026aa3       ??1BigConvexData@physx@@QEAA@XZ 0000000180027aa3 f   PhysXCommon_64:PhysXCommon_64.dll
 0001:00026aa9       __imp_load_PxGetFoundation 0000000180027aa9 f   PhysXFoundation_64:PhysXFoundation_64.dll
 0001:00026ab5       PxGetFoundation            0000000180027ab5 f   PhysXFoundation_64:PhysXFoundation_64.dll
 0001:00026abb       __tailMerge_physxfoundation_64_dll 0000000180027abb     PhysXFoundation_64:PhysXFoundation_64.dll
 0001:00026b34       __imp_load_?getAllocator@shdfnd@physx@@YAAEAVPxAllocatorCallback@2@XZ 0000000180027b34 f   PhysXFoundation_64:PhysXFoundation_64.dll
 0001:00026b40       ?getAllocator@shdfnd@physx@@YAAEAVPxAllocatorCallback@2@XZ 0000000180027b40 f   PhysXFoundation_64:PhysXFoundation_64.dll
 0001:00026b46       __imp_load_?getInstance@Foundation@shdfnd@physx@@SAAEAV123@XZ 0000000180027b46 f   PhysXFoundation_64:PhysXFoundation_64.dll
 0001:00026b52       ?getInstance@Foundation@shdfnd@physx@@SAAEAV123@XZ 0000000180027b52 f   PhysXFoundation_64:PhysXFoundation_64.dll
 0001:00026b58       __imp_load_?error@Foundation@shdfnd@physx@@QEAAXW4Enum@PxErrorCode@3@PEBDH1ZZ 0000000180027b58 f   PhysXFoundation_64:PhysXFoundation_64.dll
 0001:00026b64       ?error@Foundation@shdfnd@physx@@QEAAXW4Enum@PxErrorCode@3@PEBDH1ZZ 0000000180027b64 f   PhysXFoundation_64:PhysXFoundation_64.dll
 0001:00026b6a       __imp_load_?incRefCount@Foundation@shdfnd@physx@@SAXXZ 0000000180027b6a f   PhysXFoundation_64:PhysXFoundation_64.dll
 0001:00026b76       ?incRefCount@Foundation@shdfnd@physx@@SAXXZ 0000000180027b76 f   PhysXFoundation_64:PhysXFoundation_64.dll
 0001:00026b7c       __imp_load_?decRefCount@Foundation@shdfnd@physx@@SAXXZ 0000000180027b7c f   PhysXFoundation_64:PhysXFoundation_64.dll
 0001:00026b88       ?decRefCount@Foundation@shdfnd@physx@@SAXXZ 0000000180027b88 f   PhysXFoundation_64:PhysXFoundation_64.dll
 0001:00026b8e       __imp_load_??0FPUGuard@shdfnd@physx@@QEAA@XZ 0000000180027b8e f   PhysXFoundation_64:PhysXFoundation_64.dll
 0001:00026b9a       ??0FPUGuard@shdfnd@physx@@QEAA@XZ 0000000180027b9a f   PhysXFoundation_64:PhysXFoundation_64.dll
 0001:00026ba0       __imp_load_??1FPUGuard@shdfnd@physx@@QEAA@XZ 0000000180027ba0 f   PhysXFoundation_64:PhysXFoundation_64.dll
 0001:00026bac       ??1FPUGuard@shdfnd@physx@@QEAA@XZ 0000000180027bac f   PhysXFoundation_64:PhysXFoundation_64.dll
 0001:00026bb2       __imp_load_?allocate@TempAllocator@shdfnd@physx@@QEAAPEAX_KPEBDH@Z 0000000180027bb2 f   PhysXFoundation_64:PhysXFoundation_64.dll
 0001:00026bbe       ?allocate@TempAllocator@shdfnd@physx@@QEAAPEAX_KPEBDH@Z 0000000180027bbe f   PhysXFoundation_64:PhysXFoundation_64.dll
 0001:00026bc4       __imp_load_?deallocate@TempAllocator@shdfnd@physx@@QEAAXPEAX@Z 0000000180027bc4 f   PhysXFoundation_64:PhysXFoundation_64.dll
 0001:00026bd0       ?deallocate@TempAllocator@shdfnd@physx@@QEAAXPEAX@Z 0000000180027bd0 f   PhysXFoundation_64:PhysXFoundation_64.dll
 0001:00026bd6       __imp_load_?PxDiagonalize@physx@@YA?AVPxVec3@1@AEBVPxMat33@1@AEAVPxQuat@1@@Z 0000000180027bd6 f   PhysXFoundation_64:PhysXFoundation_64.dll
 0001:00026be2       ?PxDiagonalize@physx@@YA?AVPxVec3@1@AEBVPxMat33@1@AEAVPxQuat@1@@Z 0000000180027be2 f   PhysXFoundation_64:PhysXFoundation_64.dll
 0001:00026be8       ?DloadAcquireSectionWriteAccess@@YAXXZ 0000000180027be8 f i Delayimp:delayhlp.obj
 0001:00026c94       ?DloadGetSRWLockFunctionPointers@@YAEXZ 0000000180027c94 f i Delayimp:delayhlp.obj
 0001:00026d34       ?DloadMakePermanentImageCommit@@YAXPEAX_K@Z 0000000180027d34 f i Delayimp:delayhlp.obj
 0001:00026dcc       ?DloadObtainSection@@YAPEAXPEAK0@Z 0000000180027dcc f i Delayimp:delayhlp.obj
 0001:00026e68       ?DloadProtectSection@@YAXKPEAK@Z 0000000180027e68 f i Delayimp:delayhlp.obj
 0001:00026ef8       ?DloadReleaseSectionWriteAccess@@YAXXZ 0000000180027ef8 f i Delayimp:delayhlp.obj
 0001:00026f8c       __delayLoadHelper2         0000000180027f8c f   Delayimp:delayhlp.obj
 0001:00027264       ??3@YAXPEAX_K@Z            0000000180028264 f   MSVCRT:delete_scalar_size.obj
 0001:00027264       ??_V@YAXPEAX@Z             0000000180028264 f   MSVCRT:delete_array.obj
 0001:0002726c       ??_Etype_info@@UEAAPEAXI@Z 000000018002826c f i MSVCRT:std_type_info_static.obj
 0001:0002726c       ??_Gtype_info@@UEAAPEAXI@Z 000000018002826c f i MSVCRT:std_type_info_static.obj
 0001:00027298       ?__scrt_initialize_type_info@@YAXXZ 0000000180028298 f   MSVCRT:tncleanup.obj
 0001:000272a8       ?__scrt_uninitialize_type_info@@YAXXZ 00000001800282a8 f   MSVCRT:tncleanup.obj
 0001:000272d0       __chkstk                   00000001800282d0 f   MSVCRT:chkstk.obj
 0001:000272d0       _alloca_probe              00000001800282d0 f   MSVCRT:chkstk.obj
 0001:00027320       ??3@YAXPEAX@Z              0000000180028320 f   MSVCRT:delete_scalar.obj
 0001:00027330       __vdecl_sinf4              0000000180028330 f   MSVCRT:svml_ssinf4_dispatch.obj
 0001:00027350       __libm_sse2_sincosf_       0000000180028350 f   MSVCRT:svml_ssinf4_dispatch.obj
 0001:00027393       __libm_sse2_sincosf4_      0000000180028393 f   MSVCRT:svml_ssinf4_dispatch.obj
 0001:000276c0       _DllMainCRTStartup         00000001800286c0 f   MSVCRT:dll_dllmain.obj
 0001:00027700       __isa_available_init       0000000180028700 f   MSVCRT:cpu_disp.obj
 0001:000278b0       __sse2_sinf4@@16           00000001800288b0 f   MSVCRT:svml_ssinf4_sse2.obj
 0001:000281f0       __sse4_sinf4@@16           00000001800291f0 f   MSVCRT:svml_ssinf4_sse4.obj
 0001:00028964       __security_init_cookie     0000000180029964 f   MSVCRT:gs_support.obj
 0001:00028a10       DllMain                    0000000180029a10 f   MSVCRT:dll_dllmain_stub.obj
 0001:00028a34       __local_stdio_printf_options 0000000180029a34 f i MSVCRT:default_local_stdio_options.obj
 0001:00028a3c       __local_stdio_scanf_options 0000000180029a3c f i MSVCRT:default_local_stdio_options.obj
 0001:00028a44       __scrt_initialize_default_local_stdio_options 0000000180029a44 f   MSVCRT:default_local_stdio_options.obj
 0001:00028a60       __scrt_acquire_startup_lock 0000000180029a60 f   MSVCRT:utility.obj
 0001:00028a9c       __scrt_dllmain_after_initialize_c 0000000180029a9c f   MSVCRT:utility.obj
 0001:00028ad0       __scrt_dllmain_before_initialize_c 0000000180029ad0 f   MSVCRT:utility.obj
 0001:00028ae8       __scrt_dllmain_crt_thread_attach 0000000180029ae8 f   MSVCRT:utility.obj
 0001:00028b10       __scrt_dllmain_crt_thread_detach 0000000180029b10 f   MSVCRT:utility.obj
 0001:00028b28       __scrt_dllmain_exception_filter 0000000180029b28 f   MSVCRT:utility.obj
 0001:00028b88       __scrt_dllmain_uninitialize_c 0000000180029b88 f   MSVCRT:utility.obj
 0001:00028bb8       __scrt_dllmain_uninitialize_critical 0000000180029bb8 f   MSVCRT:utility.obj
 0001:00028bcc       __scrt_initialize_crt      0000000180029bcc f   MSVCRT:utility.obj
 0001:00028c18       __scrt_initialize_onexit_tables 0000000180029c18 f   MSVCRT:utility.obj
 0001:00028ca4       __scrt_is_nonwritable_in_current_image 0000000180029ca4 f   MSVCRT:utility.obj
 0001:00028d3c       __scrt_release_startup_lock 0000000180029d3c f   MSVCRT:utility.obj
 0001:00028d60       __scrt_uninitialize_crt    0000000180029d60 f   MSVCRT:utility.obj
 0001:00028d8c       __scrt_get_dyn_tls_init_callback 0000000180029d8c f   MSVCRT:dyn_tls_init.obj
 0001:00028d94       __crt_debugger_hook        0000000180029d94 f   MSVCRT:utility_desktop.obj
 0001:00028d9c       __scrt_fastfail            0000000180029d9c f   MSVCRT:utility_desktop.obj
 0001:00028ee8       _RTC_Initialize            0000000180029ee8 f   MSVCRT:initsect.obj
 0001:00028f24       _RTC_Terminate             0000000180029f24 f   MSVCRT:initsect.obj
 0001:00028f60       __common_ssin_cout_rare    0000000180029f60 f   MSVCRT:svml_s_sin_cout.obj
 0001:00028fd0       __scrt_is_ucrt_dll_in_use  0000000180029fd0 f   MSVCRT:ucrt_detection.obj
 0001:00028fdc       _purecall                  0000000180029fdc f   vcruntime:VCRUNTIME140.dll
 0001:00028fe2       __std_type_info_name       0000000180029fe2 f   vcruntime:VCRUNTIME140.dll
 0001:00028fe8       memset                     0000000180029fe8 f   vcruntime:VCRUNTIME140.dll
 0001:00028fee       memcpy                     0000000180029fee f   vcruntime:VCRUNTIME140.dll
 0001:00028ff4       strstr                     0000000180029ff4 f   vcruntime:VCRUNTIME140.dll
 0001:00028ffa       __std_type_info_destroy_list 0000000180029ffa f   vcruntime:VCRUNTIME140.dll
 0001:00029000       __C_specific_handler       000000018002a000 f   vcruntime:VCRUNTIME140.dll
 0001:00029006       strcmp                     000000018002a006 f   ucrt:api-ms-win-crt-string-l1-1-0.dll
 0001:0002900c       atan2f                     000000018002a00c f   ucrt:api-ms-win-crt-math-l1-1-0.dll
 0001:00029012       free                       000000018002a012 f   ucrt:api-ms-win-crt-heap-l1-1-0.dll
 0001:00029018       _initterm                  000000018002a018 f   ucrt:api-ms-win-crt-runtime-l1-1-0.dll
 0001:0002901e       _initterm_e                000000018002a01e f   ucrt:api-ms-win-crt-runtime-l1-1-0.dll
 0001:00029024       _seh_filter_dll            000000018002a024 f   ucrt:api-ms-win-crt-runtime-l1-1-0.dll
 0001:0002902a       _configure_narrow_argv     000000018002a02a f   ucrt:api-ms-win-crt-runtime-l1-1-0.dll
 0001:00029030       _initialize_narrow_environment 000000018002a030 f   ucrt:api-ms-win-crt-runtime-l1-1-0.dll
 0001:00029036       _initialize_onexit_table   000000018002a036 f   ucrt:api-ms-win-crt-runtime-l1-1-0.dll
 0001:0002903c       _execute_onexit_table      000000018002a03c f   ucrt:api-ms-win-crt-runtime-l1-1-0.dll
 0001:00029042       _cexit                     000000018002a042 f   ucrt:api-ms-win-crt-runtime-l1-1-0.dll
 0001:00029048       __acrt_initialize          000000018002a048 f   MSVCRT:ucrt_stubs.obj
 0001:00029048       __acrt_thread_attach       000000018002a048 f   MSVCRT:ucrt_stubs.obj
 0001:00029048       __acrt_thread_detach       000000018002a048 f   MSVCRT:ucrt_stubs.obj
 0001:00029048       __acrt_uninitialize        000000018002a048 f   MSVCRT:ucrt_stubs.obj
 0001:00029048       __acrt_uninitialize_critical 000000018002a048 f   MSVCRT:ucrt_stubs.obj
 0001:00029048       __scrt_stub_for_acrt_initialize 000000018002a048 f   MSVCRT:ucrt_stubs.obj
 0001:00029048       __scrt_stub_for_acrt_thread_attach 000000018002a048 f   MSVCRT:ucrt_stubs.obj
 0001:00029048       __scrt_stub_for_acrt_thread_detach 000000018002a048 f   MSVCRT:ucrt_stubs.obj
 0001:00029048       __scrt_stub_for_acrt_uninitialize 000000018002a048 f   MSVCRT:ucrt_stubs.obj
 0001:00029048       __scrt_stub_for_acrt_uninitialize_critical 000000018002a048 f   MSVCRT:ucrt_stubs.obj
 0001:00029048       __vcrt_initialize          000000018002a048 f   MSVCRT:ucrt_stubs.obj
 0001:00029048       __vcrt_thread_attach       000000018002a048 f   MSVCRT:ucrt_stubs.obj
 0001:00029048       __vcrt_thread_detach       000000018002a048 f   MSVCRT:ucrt_stubs.obj
 0001:00029048       __vcrt_uninitialize        000000018002a048 f   MSVCRT:ucrt_stubs.obj
 0001:00029048       __vcrt_uninitialize_critical 000000018002a048 f   MSVCRT:ucrt_stubs.obj
 0001:00029060       _guard_dispatch_icall_nop  000000018002a060 f   MSVCRT:guard_dispatch.obj
 0001:00029080       _guard_xfg_dispatch_icall_nop 000000018002a080 f   MSVCRT:guard_xfg_dispatch.obj
 0002:00000000       __imp_LoadLibraryA         000000018002b000     kernel32:KERNEL32.dll
 0002:00000008       __imp_SetUnhandledExceptionFilter 000000018002b008     kernel32:KERNEL32.dll
 0002:00000010       __imp_UnhandledExceptionFilter 000000018002b010     kernel32:KERNEL32.dll
 0002:00000018       __imp_IsDebuggerPresent    000000018002b018     kernel32:KERNEL32.dll
 0002:00000020       __imp_RtlVirtualUnwind     000000018002b020     kernel32:KERNEL32.dll
 0002:00000028       __imp_RtlLookupFunctionEntry 000000018002b028     kernel32:KERNEL32.dll
 0002:00000030       __imp_RtlCaptureContext    000000018002b030     kernel32:KERNEL32.dll
 0002:00000038       __imp_DisableThreadLibraryCalls 000000018002b038     kernel32:KERNEL32.dll
 0002:00000040       __imp_GetSystemTimeAsFileTime 000000018002b040     kernel32:KERNEL32.dll
 0002:00000048       __imp_GetCurrentThreadId   000000018002b048     kernel32:KERNEL32.dll
 0002:00000050       __imp_GetCurrentProcessId  000000018002b050     kernel32:KERNEL32.dll
 0002:00000058       __imp_QueryPerformanceCounter 000000018002b058     kernel32:KERNEL32.dll
 0002:00000060       __imp_InitializeSListHead  000000018002b060     kernel32:KERNEL32.dll
 0002:00000068       __imp_LoadLibraryExA       000000018002b068     kernel32:KERNEL32.dll
 0002:00000070       __imp_GetProcAddress       000000018002b070     kernel32:KERNEL32.dll
 0002:00000078       __imp_GetModuleHandleW     000000018002b078     kernel32:KERNEL32.dll
 0002:00000080       __imp_FreeLibrary          000000018002b080     kernel32:KERNEL32.dll
 0002:00000088       __imp_VirtualQuery         000000018002b088     kernel32:KERNEL32.dll
 0002:00000090       __imp_VirtualProtect       000000018002b090     kernel32:KERNEL32.dll
 0002:00000098       __imp_GetSystemInfo        000000018002b098     kernel32:KERNEL32.dll
 0002:000000a0       __imp_GetLastError         000000018002b0a0     kernel32:KERNEL32.dll
 0002:000000a8       __imp_RaiseException       000000018002b0a8     kernel32:KERNEL32.dll
 0002:000000b0       __imp_IsProcessorFeaturePresent 000000018002b0b0     kernel32:KERNEL32.dll
 0002:000000b8       \177KERNEL32_NULL_THUNK_DATA 000000018002b0b8     kernel32:KERNEL32.dll
 0002:000000c0       __imp_memcpy               000000018002b0c0     vcruntime:VCRUNTIME140.dll
 0002:000000c8       __imp_strstr               000000018002b0c8     vcruntime:VCRUNTIME140.dll
 0002:000000d0       __imp___std_type_info_destroy_list 000000018002b0d0     vcruntime:VCRUNTIME140.dll
 0002:000000d8       __imp___C_specific_handler 000000018002b0d8     vcruntime:VCRUNTIME140.dll
[...]
 0002:00006628       rgwOrd                     0000000180031628     PhysXCooking_64.exp
 0002:0000671c       szName                     000000018003171c     PhysXCooking_64.exp
 0002:00006730       $N00001                    0000000180031730     PhysXCooking_64.exp
 0002:0000675f       $N00002                    000000018003175f     PhysXCooking_64.exp
 0002:00006786       $N00003                    0000000180031786     PhysXCooking_64.exp
 0002:000067c1       $N00004                    00000001800317c1     PhysXCooking_64.exp
 0002:000067e8       $N00005                    00000001800317e8     PhysXCooking_64.exp
 0002:00006814       $N00006                    0000000180031814     PhysXCooking_64.exp
 0002:00006835       $N00007                    0000000180031835     PhysXCooking_64.exp
 0002:0000686a       $N00008                    000000018003186a     PhysXCooking_64.exp
 0002:00006883       $N00009                    0000000180031883     PhysXCooking_64.exp
 0002:000068a3       $N00010                    00000001800318a3     PhysXCooking_64.exp
 0002:000068cc       $N00011                    00000001800318cc     PhysXCooking_64.exp
 0002:000068f3       $N00012                    00000001800318f3     PhysXCooking_64.exp
 0002:00006922       $N00013                    0000000180031922     PhysXCooking_64.exp
 0002:0000694f       $N00014                    000000018003194f     PhysXCooking_64.exp
 0002:00006980       $N00015                    0000000180031980     PhysXCooking_64.exp
 0002:000069a5       $N00016                    00000001800319a5     PhysXCooking_64.exp
 0002:000069d0       $N00017                    00000001800319d0     PhysXCooking_64.exp
 0002:000069f6       $N00018                    00000001800319f6     PhysXCooking_64.exp
 0002:00006a15       $N00019                    0000000180031a15     PhysXCooking_64.exp
 0002:00006a4b       $N00020                    0000000180031a4b     PhysXCooking_64.exp
 0002:00006a75       $N00021                    0000000180031a75     PhysXCooking_64.exp
 0002:00006a9c       $N00022                    0000000180031a9c     PhysXCooking_64.exp
 0002:00006ac5       $N00023                    0000000180031ac5     PhysXCooking_64.exp
 0002:00006ade       $N00024                    0000000180031ade     PhysXCooking_64.exp
 0002:00006b03       $N00025                    0000000180031b03     PhysXCooking_64.exp
 0002:00006b22       $N00026                    0000000180031b22     PhysXCooking_64.exp
 0002:00006b41       $N00027                    0000000180031b41     PhysXCooking_64.exp
 0002:00006b61       $N00028                    0000000180031b61     PhysXCooking_64.exp
 0002:00006b97       $N00029                    0000000180031b97     PhysXCooking_64.exp
 0002:00006bcf       $N00030                    0000000180031bcf     PhysXCooking_64.exp
 0002:00006c03       $N00031                    0000000180031c03     PhysXCooking_64.exp
 0002:00006c35       $N00032                    0000000180031c35     PhysXCooking_64.exp
 0002:00006c62       $N00033                    0000000180031c62     PhysXCooking_64.exp
 0002:00006c8a       $N00034                    0000000180031c8a     PhysXCooking_64.exp
 0002:00006cbb       $N00035                    0000000180031cbb     PhysXCooking_64.exp
 0002:00006cea       $N00036                    0000000180031cea     PhysXCooking_64.exp
 0002:00006d1a       $N00037                    0000000180031d1a     PhysXCooking_64.exp
 0002:00006d48       $N00038                    0000000180031d48     PhysXCooking_64.exp
 0002:00006d79       $N00039                    0000000180031d79     PhysXCooking_64.exp
 0002:00006daf       $N00040                    0000000180031daf     PhysXCooking_64.exp
 0002:00006de3       $N00041                    0000000180031de3     PhysXCooking_64.exp
 0002:00006e15       $N00042                    0000000180031e15     PhysXCooking_64.exp
 0002:00006e47       $N00043                    0000000180031e47     PhysXCooking_64.exp
 0002:00006e73       $N00044                    0000000180031e73     PhysXCooking_64.exp
 0002:00006e8f       $N00045                    0000000180031e8f     PhysXCooking_64.exp
 0002:00006eb9       $N00046                    0000000180031eb9     PhysXCooking_64.exp
 0002:00006edd       $N00047                    0000000180031edd     PhysXCooking_64.exp
 0002:00006f0f       $N00048                    0000000180031f0f     PhysXCooking_64.exp
 0002:00006f36       $N00049                    0000000180031f36     PhysXCooking_64.exp
 0002:00006f64       $N00050                    0000000180031f64     PhysXCooking_64.exp
 0002:00006f8f       $N00051                    0000000180031f8f     PhysXCooking_64.exp
 0002:00006fbc       $N00052                    0000000180031fbc     PhysXCooking_64.exp
 0002:00006fe5       $N00053                    0000000180031fe5     PhysXCooking_64.exp
 0002:00007014       $N00054                    0000000180032014     PhysXCooking_64.exp
 0002:0000703d       $N00055                    000000018003203d     PhysXCooking_64.exp
 0002:00007066       $N00056                    0000000180032066     PhysXCooking_64.exp
 0002:00007094       $N00057                    0000000180032094     PhysXCooking_64.exp
 0002:000070bc       $N00058                    00000001800320bc     PhysXCooking_64.exp
 0002:000070f7       $N00059                    00000001800320f7     PhysXCooking_64.exp
 0002:00007121       $N00060                    0000000180032121     PhysXCooking_64.exp
 0002:00007155       $N00061                    0000000180032155     PhysXCooking_64.exp
 0002:0000718b       $N00062                    000000018003218b     PhysXCooking_64.exp
 0002:000071c7       $N00063                    00000001800321c7     PhysXCooking_64.exp
 0002:0000720f       $N00064                    000000018003220f     PhysXCooking_64.exp
 0002:0000725f       $N00065                    000000018003225f     PhysXCooking_64.exp
 0002:00007293       $N00066                    0000000180032293     PhysXCooking_64.exp
 0002:000072c8       $N00067                    00000001800322c8     PhysXCooking_64.exp
 0002:000072fe       $N00068                    00000001800322fe     PhysXCooking_64.exp
 0002:00007325       $N00069                    0000000180032325     PhysXCooking_64.exp
 0002:0000736d       $N00070                    000000018003236d     PhysXCooking_64.exp
 0002:000073b3       $N00071                    00000001800323b3     PhysXCooking_64.exp
 0002:0000740b       $N00072                    000000018003240b     PhysXCooking_64.exp
 0002:00007452       $N00073                    0000000180032452     PhysXCooking_64.exp
 0002:0000747d       $N00074                    000000018003247d     PhysXCooking_64.exp
 0002:000074ad       $N00075                    00000001800324ad     PhysXCooking_64.exp
 0002:000074fd       $N00076                    00000001800324fd     PhysXCooking_64.exp
 0002:000075ac       $N00077                    00000001800325ac     PhysXCooking_64.exp
 0002:0000760a       $N00078                    000000018003260a     PhysXCooking_64.exp
 0002:00007636       $N00079                    0000000180032636     PhysXCooking_64.exp
 0002:00007662       $N00080                    0000000180032662     PhysXCooking_64.exp
 0002:00007697       $N00081                    0000000180032697     PhysXCooking_64.exp
 0002:000076c0       $N00082                    00000001800326c0     PhysXCooking_64.exp
 0002:000076fc       $N00083                    00000001800326fc     PhysXCooking_64.exp
 0002:00007728       $N00084                    0000000180032728     PhysXCooking_64.exp
 0002:0000775b       $N00085                    000000018003275b     PhysXCooking_64.exp
 0002:000077a8       $N00086                    00000001800327a8     PhysXCooking_64.exp
 0002:000077db       $N00087                    00000001800327db     PhysXCooking_64.exp
 0002:00007815       $N00088                    0000000180032815     PhysXCooking_64.exp
 0002:0000784f       $N00089                    000000018003284f     PhysXCooking_64.exp
 0002:0000788b       $N00090                    000000018003288b     PhysXCooking_64.exp
 0002:000078cf       $N00091                    00000001800328cf     PhysXCooking_64.exp
 0002:000078fe       $N00092                    00000001800328fe     PhysXCooking_64.exp
 0002:00007978       $N00093                    0000000180032978     PhysXCooking_64.exp
 0002:000079d5       $N00094                    00000001800329d5     PhysXCooking_64.exp
 0002:00007a01       $N00095                    0000000180032a01     PhysXCooking_64.exp
 0002:00007a35       $N00096                    0000000180032a35     PhysXCooking_64.exp
 0002:00007a6e       $N00097                    0000000180032a6e     PhysXCooking_64.exp
 0002:00007aab       $N00098                    0000000180032aab     PhysXCooking_64.exp
 0002:00007ae1       $N00099                    0000000180032ae1     PhysXCooking_64.exp
 0002:00007b0e       $N00100                    0000000180032b0e     PhysXCooking_64.exp
 0002:00007b3b       $N00101                    0000000180032b3b     PhysXCooking_64.exp
 0002:00007b66       $N00102                    0000000180032b66     PhysXCooking_64.exp
 0002:00007b92       $N00103                    0000000180032b92     PhysXCooking_64.exp
 0002:00007bbf       $N00104                    0000000180032bbf     PhysXCooking_64.exp
 0002:00007bdf       $N00105                    0000000180032bdf     PhysXCooking_64.exp
 0002:00007c1b       $N00106                    0000000180032c1b     PhysXCooking_64.exp
 0002:00007c4c       $N00107                    0000000180032c4c     PhysXCooking_64.exp
 0002:00007c7e       $N00108                    0000000180032c7e     PhysXCooking_64.exp
 0002:00007cc0       $N00109                    0000000180032cc0     PhysXCooking_64.exp
 0002:00007ced       $N00110                    0000000180032ced     PhysXCooking_64.exp
 0002:00007d11       $N00111                    0000000180032d11     PhysXCooking_64.exp
 0002:00007d41       $N00112                    0000000180032d41     PhysXCooking_64.exp
 0002:00007d74       $N00113                    0000000180032d74     PhysXCooking_64.exp
 0002:00007d99       $N00114                    0000000180032d99     PhysXCooking_64.exp
 0002:00007dc7       $N00115                    0000000180032dc7     PhysXCooking_64.exp
 0002:00007def       $N00116                    0000000180032def     PhysXCooking_64.exp
 0002:00007e0f       $N00117                    0000000180032e0f     PhysXCooking_64.exp
 0002:00007e54       $N00118                    0000000180032e54     PhysXCooking_64.exp
 0002:00007e91       $N00119                    0000000180032e91     PhysXCooking_64.exp
 0002:00007ece       $N00120                    0000000180032ece     PhysXCooking_64.exp
 0002:00007f01       $N00121                    0000000180032f01     PhysXCooking_64.exp
 0002:00007f11       $N00122                    0000000180032f11     PhysXCooking_64.exp
 0002:00008150       .idata$6                   0000000180033150     kernel32:KERNEL32.dll
 0002:000081d8       .idata$6                   00000001800331d8     vcruntime:VCRUNTIME140.dll
 0002:000082b8       .idata$6                   00000001800332b8     ucrt:api-ms-win-crt-string-l1-1-0.dll
 0002:000082da       .idata$6                   00000001800332da     ucrt:api-ms-win-crt-math-l1-1-0.dll
 0002:000082fa       .idata$6                   00000001800332fa     ucrt:api-ms-win-crt-heap-l1-1-0.dll
 0002:0000831a       .idata$6                   000000018003331a     ucrt:api-ms-win-crt-runtime-l1-1-0.dll
 0003:00000000       ?MAXDOT_MINANG@local@@3MB  0000000180034000     ConvexHullUtils.obj
 0003:00000004       ?MAXDOT_MINANG@local@@3MB  0000000180034004     QuickHullConvexHullLib.obj
 0003:000007b0       ?maxV3Error@_VecMathTests@aos@shdfnd@physx@@3T__m128@@B 00000001800347b0     Cooking.obj
 0003:000007c0       ?minFError@_VecMathTests@aos@shdfnd@physx@@3T__m128@@B 00000001800347c0     Cooking.obj
 0003:000007d0       ?maxV4Error@_VecMathTests@aos@shdfnd@physx@@3T__m128@@B 00000001800347d0     Cooking.obj
 0003:000007e0       ?minV4Error@_VecMathTests@aos@shdfnd@physx@@3T__m128@@B 00000001800347e0     Cooking.obj
 0003:000007f0       ?minV3Error@_VecMathTests@aos@shdfnd@physx@@3T__m128@@B 00000001800347f0     Cooking.obj
 0003:00000800       ?maxFError@_VecMathTests@aos@shdfnd@physx@@3T__m128@@B 0000000180034800     Cooking.obj
 0003:00000810       ?maxV3Error@_VecMathTests@aos@shdfnd@physx@@3T__m128@@B 0000000180034810     BVHStructureBuilder.obj
 0003:00000820       ?minFError@_VecMathTests@aos@shdfnd@physx@@3T__m128@@B 0000000180034820     BVHStructureBuilder.obj
 0003:00000830       ?maxV4Error@_VecMathTests@aos@shdfnd@physx@@3T__m128@@B 0000000180034830     BVHStructureBuilder.obj
 0003:00000840       ?minV4Error@_VecMathTests@aos@shdfnd@physx@@3T__m128@@B 0000000180034840     BVHStructureBuilder.obj
 0003:00000850       ?minV3Error@_VecMathTests@aos@shdfnd@physx@@3T__m128@@B 0000000180034850     BVHStructureBuilder.obj
 0003:00000860       ?maxFError@_VecMathTests@aos@shdfnd@physx@@3T__m128@@B 0000000180034860     BVHStructureBuilder.obj
 0003:00000870       ?maxV3Error@_VecMathTests@aos@shdfnd@physx@@3T__m128@@B 0000000180034870     RTreeCooking.obj
 0003:00000880       ?minFError@_VecMathTests@aos@shdfnd@physx@@3T__m128@@B 0000000180034880     RTreeCooking.obj
 0003:00000890       ?maxV4Error@_VecMathTests@aos@shdfnd@physx@@3T__m128@@B 0000000180034890     RTreeCooking.obj
 0003:000008a0       ?minV4Error@_VecMathTests@aos@shdfnd@physx@@3T__m128@@B 00000001800348a0     RTreeCooking.obj
 0003:000008b0       ?minV3Error@_VecMathTests@aos@shdfnd@physx@@3T__m128@@B 00000001800348b0     RTreeCooking.obj
 0003:000008c0       ?maxFError@_VecMathTests@aos@shdfnd@physx@@3T__m128@@B 00000001800348c0     RTreeCooking.obj
 0003:000008d0       ?maxV3Error@_VecMathTests@aos@shdfnd@physx@@3T__m128@@B 00000001800348d0     MeshBuilder.obj
 0003:000008e0       ?minFError@_VecMathTests@aos@shdfnd@physx@@3T__m128@@B 00000001800348e0     MeshBuilder.obj
 0003:000008f0       ?maxV4Error@_VecMathTests@aos@shdfnd@physx@@3T__m128@@B 00000001800348f0     MeshBuilder.obj
 0003:00000900       ?minV4Error@_VecMathTests@aos@shdfnd@physx@@3T__m128@@B 0000000180034900     MeshBuilder.obj
 0003:00000910       ?minV3Error@_VecMathTests@aos@shdfnd@physx@@3T__m128@@B 0000000180034910     MeshBuilder.obj
 0003:00000920       ?maxFError@_VecMathTests@aos@shdfnd@physx@@3T__m128@@B 0000000180034920     MeshBuilder.obj
 0003:00000930       ?maxV3Error@_VecMathTests@aos@shdfnd@physx@@3T__m128@@B 0000000180034930     TriangleMeshBuilder.obj
 0003:00000940       ?minFError@_VecMathTests@aos@shdfnd@physx@@3T__m128@@B 0000000180034940     TriangleMeshBuilder.obj
 0003:00000950       ?maxV4Error@_VecMathTests@aos@shdfnd@physx@@3T__m128@@B 0000000180034950     TriangleMeshBuilder.obj
 0003:00000960       ?minV4Error@_VecMathTests@aos@shdfnd@physx@@3T__m128@@B 0000000180034960     TriangleMeshBuilder.obj
 0003:00000970       ?minV3Error@_VecMathTests@aos@shdfnd@physx@@3T__m128@@B 0000000180034970     TriangleMeshBuilder.obj
 0003:00000980       ?maxFError@_VecMathTests@aos@shdfnd@physx@@3T__m128@@B 0000000180034980     TriangleMeshBuilder.obj
 0003:00000990       ?maxV3Error@_VecMathTests@aos@shdfnd@physx@@3T__m128@@B 0000000180034990     BigConvexDataBuilder.obj
 0003:000009a0       ?minFError@_VecMathTests@aos@shdfnd@physx@@3T__m128@@B 00000001800349a0     BigConvexDataBuilder.obj
 0003:000009b0       ?maxV4Error@_VecMathTests@aos@shdfnd@physx@@3T__m128@@B 00000001800349b0     BigConvexDataBuilder.obj
 0003:000009c0       ?minV4Error@_VecMathTests@aos@shdfnd@physx@@3T__m128@@B 00000001800349c0     BigConvexDataBuilder.obj
 0003:000009d0       ?minV3Error@_VecMathTests@aos@shdfnd@physx@@3T__m128@@B 00000001800349d0     BigConvexDataBuilder.obj
 0003:000009e0       ?maxFError@_VecMathTests@aos@shdfnd@physx@@3T__m128@@B 00000001800349e0     BigConvexDataBuilder.obj
 0003:000009f0       ?maxV3Error@_VecMathTests@aos@shdfnd@physx@@3T__m128@@B 00000001800349f0     ConvexHullBuilder.obj
 0003:00000a00       ?minFError@_VecMathTests@aos@shdfnd@physx@@3T__m128@@B 0000000180034a00     ConvexHullBuilder.obj
 0003:00000a10       ?maxV4Error@_VecMathTests@aos@shdfnd@physx@@3T__m128@@B 0000000180034a10     ConvexHullBuilder.obj
 0003:00000a20       ?minV4Error@_VecMathTests@aos@shdfnd@physx@@3T__m128@@B 0000000180034a20     ConvexHullBuilder.obj
 0003:00000a30       ?minV3Error@_VecMathTests@aos@shdfnd@physx@@3T__m128@@B 0000000180034a30     ConvexHullBuilder.obj
 0003:00000a40       ?maxFError@_VecMathTests@aos@shdfnd@physx@@3T__m128@@B 0000000180034a40     ConvexHullBuilder.obj
 0003:00000a50       ?maxV3Error@_VecMathTests@aos@shdfnd@physx@@3T__m128@@B 0000000180034a50     ConvexHullUtils.obj
 0003:00000a60       ?minFError@_VecMathTests@aos@shdfnd@physx@@3T__m128@@B 0000000180034a60     ConvexHullUtils.obj
 0003:00000a70       ?maxV4Error@_VecMathTests@aos@shdfnd@physx@@3T__m128@@B 0000000180034a70     ConvexHullUtils.obj
 0003:00000a80       ?minV4Error@_VecMathTests@aos@shdfnd@physx@@3T__m128@@B 0000000180034a80     ConvexHullUtils.obj
 0003:00000a90       ?minV3Error@_VecMathTests@aos@shdfnd@physx@@3T__m128@@B 0000000180034a90     ConvexHullUtils.obj
 0003:00000aa0       ?maxFError@_VecMathTests@aos@shdfnd@physx@@3T__m128@@B 0000000180034aa0     ConvexHullUtils.obj
 0003:00000ab0       ?maxV3Error@_VecMathTests@aos@shdfnd@physx@@3T__m128@@B 0000000180034ab0     ConvexMeshBuilder.obj
 0003:00000ac0       ?minFError@_VecMathTests@aos@shdfnd@physx@@3T__m128@@B 0000000180034ac0     ConvexMeshBuilder.obj
 0003:00000ad0       ?maxV4Error@_VecMathTests@aos@shdfnd@physx@@3T__m128@@B 0000000180034ad0     ConvexMeshBuilder.obj
 0003:00000ae0       ?minV4Error@_VecMathTests@aos@shdfnd@physx@@3T__m128@@B 0000000180034ae0     ConvexMeshBuilder.obj
 0003:00000af0       ?minV3Error@_VecMathTests@aos@shdfnd@physx@@3T__m128@@B 0000000180034af0     ConvexMeshBuilder.obj
 0003:00000b00       ?maxFError@_VecMathTests@aos@shdfnd@physx@@3T__m128@@B 0000000180034b00     ConvexMeshBuilder.obj
 0003:00000b10       ?maxV3Error@_VecMathTests@aos@shdfnd@physx@@3T__m128@@B 0000000180034b10     VolumeIntegration.obj
 0003:00000b20       ?minFError@_VecMathTests@aos@shdfnd@physx@@3T__m128@@B 0000000180034b20     VolumeIntegration.obj
 0003:00000b30       ?maxV4Error@_VecMathTests@aos@shdfnd@physx@@3T__m128@@B 0000000180034b30     VolumeIntegration.obj
 0003:00000b40       ?minV4Error@_VecMathTests@aos@shdfnd@physx@@3T__m128@@B 0000000180034b40     VolumeIntegration.obj
 0003:00000b50       ?minV3Error@_VecMathTests@aos@shdfnd@physx@@3T__m128@@B 0000000180034b50     VolumeIntegration.obj
 0003:00000b60       ?maxFError@_VecMathTests@aos@shdfnd@physx@@3T__m128@@B 0000000180034b60     VolumeIntegration.obj
 0003:00000b70       ?gCookingDelayLoadHook@@3PEBVPxDelayLoadHook@physx@@EB 0000000180034b70     WindowsCookingDelayLoadHook.obj
 0003:00000bd0       ?__proc_attached@@3HA      0000000180034bd0     MSVCRT:dll_dllmain.obj
 0003:00000bf8       ?is_initialized_as_dll@@3_NA 0000000180034bf8     MSVCRT:utility.obj
 0003:00000bf9       ?module_local_atexit_table_initialized@@3_NA 0000000180034bf9     MSVCRT:utility.obj
 0003:00000c00       ?module_local_atexit_table@@3U_onexit_table_t@@A 0000000180034c00     MSVCRT:utility.obj
 0003:00000c18       ?module_local_at_quick_exit_table@@3U_onexit_table_t@@A 0000000180034c18     MSVCRT:utility.obj
 0005:00000000       _2il0floatpacket$19        0000000180037000     MSVCRT:svml_ssinf4_sse2.obj
 0005:00002200       _vmlsSinHATab              0000000180039200     MSVCRT:svml_s_sin_cout.obj
 0006:000000a0       $R000000                   000000018003a0a0     PhysXCooking.res
 0006:000003d0       $R000330                   000000018003a3d0     PhysXCooking.res
